C:\Users\eestaff\Documents\MCUXpressoIDE_24.12.148\workspace\lpcxpresso51u68_lpc_i2c_polling_b2b_master\drivers/fsl_clock.h:564:20:CLOCK_EnableClock	24	static
C:\Users\eestaff\Documents\MCUXpressoIDE_24.12.148\workspace\lpcxpresso51u68_lpc_i2c_polling_b2b_master\drivers/fsl_iocon.h:182:22:IOCON_PinMuxSet	32	static
../board/pin_mux.c:37:6:BOARD_InitBootPins	8	static
../board/pin_mux.c:55:6:BOARD_InitPins	16	static
../board/pin_mux.c:84:6:BOARD_InitLink2MCUPins	8	static
../board/pin_mux.c:117:6:BOARD_InitBUTTONsPins	24	static
../board/pin_mux.c:171:6:BOARD_InitLEDsPins	24	static
../board/pin_mux.c:225:6:BOARD_InitSecureMCUPins	8	static
../board/pin_mux.c:260:6:BOARD_InitSPI_FLASHPins	8	static
../board/pin_mux.c:307:6:BOARD_InitPMod_SPI_I2C_BRIDGEPins	8	static
../board/pin_mux.c:371:6:BOARD_InitUSBPins	8	static
../board/pin_mux.c:397:6:BOARD_InitDEBUG_UARTPins	8	static
../board/pin_mux.c:428:6:BOARD_InitSWD_DEBUGPins	8	static
