Archive member included to satisfy reference by file (symbol)

C:/nxp/MCUXpressoIDE_24.12.148/ide/plugins/com.nxp.mcuxpresso.tools.win32_24.12.0.202407110909/tools/bin/../lib/gcc/arm-none-eabi/13.2.1/../../../../arm-none-eabi/lib/thumb/v6-m/nofp\libcr_nohost_nf.a(_cr__main.o)
                              ./startup/startup_lpc51u68.o (__main)
C:/nxp/MCUXpressoIDE_24.12.148/ide/plugins/com.nxp.mcuxpresso.tools.win32_24.12.0.202407110909/tools/bin/../lib/gcc/arm-none-eabi/13.2.1/../../../../arm-none-eabi/lib/thumb/v6-m/nofp\libcr_c.a(memcpy.o)
                              ./utilities/str/fsl_str.o (memcpy)
C:/nxp/MCUXpressoIDE_24.12.148/ide/plugins/com.nxp.mcuxpresso.tools.win32_24.12.0.202407110909/tools/bin/../lib/gcc/arm-none-eabi/13.2.1/../../../../arm-none-eabi/lib/thumb/v6-m/nofp\libcr_c.a(memset.o)
                              ./drivers/fsl_i2c.o (memset)
C:/nxp/MCUXpressoIDE_24.12.148/ide/plugins/com.nxp.mcuxpresso.tools.win32_24.12.0.202407110909/tools/bin/../lib/gcc/arm-none-eabi/13.2.1/../../../../arm-none-eabi/lib/thumb/v6-m/nofp\libcr_c.a(alloc.o)
                              ./drivers/fsl_common.o (malloc)
C:/nxp/MCUXpressoIDE_24.12.148/ide/plugins/com.nxp.mcuxpresso.tools.win32_24.12.0.202407110909/tools/bin/../lib/gcc/arm-none-eabi/13.2.1/../../../../arm-none-eabi/lib/thumb/v6-m/nofp\libcr_c.a(errno.o)
                              ./utilities/str/fsl_str.o (errno)
C:/nxp/MCUXpressoIDE_24.12.148/ide/plugins/com.nxp.mcuxpresso.tools.win32_24.12.0.202407110909/tools/bin/../lib/gcc/arm-none-eabi/13.2.1/../../../../arm-none-eabi/lib/thumb/v6-m/nofp\libcr_c.a(initio.o)
                              C:/nxp/MCUXpressoIDE_24.12.148/ide/plugins/com.nxp.mcuxpresso.tools.win32_24.12.0.202407110909/tools/bin/../lib/gcc/arm-none-eabi/13.2.1/../../../../arm-none-eabi/lib/thumb/v6-m/nofp\libcr_nohost_nf.a(_cr__main.o) (_initio)
C:/nxp/MCUXpressoIDE_24.12.148/ide/plugins/com.nxp.mcuxpresso.tools.win32_24.12.0.202407110909/tools/bin/../lib/gcc/arm-none-eabi/13.2.1/../../../../arm-none-eabi/lib/thumb/v6-m/nofp\libcr_c.a(scanf.o)
                              ./utilities/str/fsl_str.o (strtoul)
C:/nxp/MCUXpressoIDE_24.12.148/ide/plugins/com.nxp.mcuxpresso.tools.win32_24.12.0.202407110909/tools/bin/../lib/gcc/arm-none-eabi/13.2.1/../../../../arm-none-eabi/lib/thumb/v6-m/nofp\libcr_c.a(setvbuf.o)
                              C:/nxp/MCUXpressoIDE_24.12.148/ide/plugins/com.nxp.mcuxpresso.tools.win32_24.12.0.202407110909/tools/bin/../lib/gcc/arm-none-eabi/13.2.1/../../../../arm-none-eabi/lib/thumb/v6-m/nofp\libcr_c.a(initio.o) (setvbuf)
C:/nxp/MCUXpressoIDE_24.12.148/ide/plugins/com.nxp.mcuxpresso.tools.win32_24.12.0.202407110909/tools/bin/../lib/gcc/arm-none-eabi/13.2.1/../../../../arm-none-eabi/lib/thumb/v6-m/nofp\libcr_c.a(strlen.o)
                              ./utilities/str/fsl_str.o (strlen)
C:/nxp/MCUXpressoIDE_24.12.148/ide/plugins/com.nxp.mcuxpresso.tools.win32_24.12.0.202407110909/tools/bin/../lib/gcc/arm-none-eabi/13.2.1/../../../../arm-none-eabi/lib/thumb/v6-m/nofp\libcr_c.a(ungetc.o)
                              C:/nxp/MCUXpressoIDE_24.12.148/ide/plugins/com.nxp.mcuxpresso.tools.win32_24.12.0.202407110909/tools/bin/../lib/gcc/arm-none-eabi/13.2.1/../../../../arm-none-eabi/lib/thumb/v6-m/nofp\libcr_c.a(scanf.o) (ungetc)
C:/nxp/MCUXpressoIDE_24.12.148/ide/plugins/com.nxp.mcuxpresso.tools.win32_24.12.0.202407110909/tools/bin/../lib/gcc/arm-none-eabi/13.2.1/../../../../arm-none-eabi/lib/thumb/v6-m/nofp\libcr_c.a(__fillbuf.o)
                              C:/nxp/MCUXpressoIDE_24.12.148/ide/plugins/com.nxp.mcuxpresso.tools.win32_24.12.0.202407110909/tools/bin/../lib/gcc/arm-none-eabi/13.2.1/../../../../arm-none-eabi/lib/thumb/v6-m/nofp\libcr_c.a(scanf.o) (__filbuf)
C:/nxp/MCUXpressoIDE_24.12.148/ide/plugins/com.nxp.mcuxpresso.tools.win32_24.12.0.202407110909/tools/bin/../lib/gcc/arm-none-eabi/13.2.1/../../../../arm-none-eabi/lib/thumb/v6-m/nofp\libcr_c.a(__init_alloc.o)
                              C:/nxp/MCUXpressoIDE_24.12.148/ide/plugins/com.nxp.mcuxpresso.tools.win32_24.12.0.202407110909/tools/bin/../lib/gcc/arm-none-eabi/13.2.1/../../../../arm-none-eabi/lib/thumb/v6-m/nofp\libcr_c.a(alloc.o) (__heaps)
C:/nxp/MCUXpressoIDE_24.12.148/ide/plugins/com.nxp.mcuxpresso.tools.win32_24.12.0.202407110909/tools/bin/../lib/gcc/arm-none-eabi/13.2.1/../../../../arm-none-eabi/lib/thumb/v6-m/nofp\libcr_c.a(_cr_sbrk.o)
                              C:/nxp/MCUXpressoIDE_24.12.148/ide/plugins/com.nxp.mcuxpresso.tools.win32_24.12.0.202407110909/tools/bin/../lib/gcc/arm-none-eabi/13.2.1/../../../../arm-none-eabi/lib/thumb/v6-m/nofp\libcr_c.a(alloc.o) (_sbrk)
C:/nxp/MCUXpressoIDE_24.12.148/ide/plugins/com.nxp.mcuxpresso.tools.win32_24.12.0.202407110909/tools/bin/../lib/gcc/arm-none-eabi/13.2.1/../../../../arm-none-eabi/lib/thumb/v6-m/nofp\libcr_c.a(_deferredlazyseek.o)
[...]
Memory Configuration

Name             Origin             Length             Attributes
PROGRAM_FLASH    0x00000000         0x00040000         xr
SRAM0            0x20000000         0x00010000         xrw
SRAMX            0x04000000         0x00008000         xrw
*default*        0x00000000         0xffffffff

Linker script and memory map

LOAD ./utilities/str/fsl_str.o
LOAD ./utilities/debug_console_lite/fsl_debug_console.o
LOAD ./utilities/fsl_assert.o
LOAD ./startup/startup_lpc51u68.o
LOAD ./source/MCP4822_FINAL_MAIN.o
LOAD ./source/i2c_func.o
LOAD ./source/mcp4822.o
LOAD ./source/semihost_hardfault.o
LOAD ./drivers/fsl_clock.o
LOAD ./drivers/fsl_common.o
LOAD ./drivers/fsl_common_arm.o
LOAD ./drivers/fsl_flexcomm.o
LOAD ./drivers/fsl_gpio.o
LOAD ./drivers/fsl_i2c.o
LOAD ./drivers/fsl_inputmux.o
LOAD ./drivers/fsl_power.o
LOAD ./drivers/fsl_reset.o
LOAD ./drivers/fsl_spi.o
LOAD ./drivers/fsl_usart.o
LOAD ./device/system_LPC51U68.o
LOAD ./component/uart/fsl_adapter_usart.o
LOAD ./board/board.o
LOAD ./board/clock_config.o
LOAD ./board/hardware_init.o
LOAD ./board/pin_mux.o
START GROUP
LOAD C:/nxp/MCUXpressoIDE_24.12.148/ide/plugins/com.nxp.mcuxpresso.tools.win32_24.12.0.202407110909/tools/bin/../lib/gcc/arm-none-eabi/13.2.1/../../../../arm-none-eabi/lib/thumb/v6-m/nofp\libcr_nohost_nf.a
LOAD C:/nxp/MCUXpressoIDE_24.12.148/ide/plugins/com.nxp.mcuxpresso.tools.win32_24.12.0.202407110909/tools/bin/../lib/gcc/arm-none-eabi/13.2.1/../../../../arm-none-eabi/lib/thumb/v6-m/nofp\libcr_c.a
LOAD C:/nxp/MCUXpressoIDE_24.12.148/ide/plugins/com.nxp.mcuxpresso.tools.win32_24.12.0.202407110909/tools/bin/../lib/gcc/arm-none-eabi/13.2.1/thumb/v6-m/nofp\libcr_eabihelpers.a
LOAD C:/nxp/MCUXpressoIDE_24.12.148/ide/plugins/com.nxp.mcuxpresso.tools.win32_24.12.0.202407110909/tools/bin/../lib/gcc/arm-none-eabi/13.2.1/thumb/v6-m/nofp\libgcc.a
END GROUP
                0x00000000                        __base_PROGRAM_FLASH = 0x0
                0x00000000                        __base_Flash = 0x0
                0x00040000                        __top_PROGRAM_FLASH = 0x40000
                0x00040000                        __top_Flash = 0x40000
                0x20000000                        __base_SRAM0 = 0x20000000
                0x20000000                        __base_RAM = 0x20000000
                0x20010000                        __top_SRAM0 = 0x20010000
                0x20010000                        __top_RAM = 0x20010000
                0x04000000                        __base_SRAMX = 0x4000000
                0x04000000                        __base_RAM2 = 0x4000000
                0x04008000                        __top_SRAMX = 0x4008000
                0x04008000                        __top_RAM2 = 0x4008000

.text           0x00000000     0x50c4
 FILL mask 0xff
                0x00000000                        __vectors_start__ = ABSOLUTE (.)
 *(SORT_BY_ALIGNMENT(.isr_vector))
 .isr_vector    0x00000000       0xb8 ./startup/startup_lpc51u68.o
                0x00000000                g_pfnVectors
                0x00000000                __Vectors
                0x000000b8                        . = ALIGN (0x4)
                0x000000b8                        __section_table_start = .
                0x000000b8                        __data_section_table = .
                0x000000b8        0x4 LONG 0x50c4 LOADADDR (.data)
                0x000000bc        0x4 LONG 0x20000000 ADDR (.data)
                0x000000c0        0x4 LONG 0x24 SIZEOF (.data)
                0x000000c4        0x4 LONG 0x50c4 LOADADDR (.data_RAM2)
                0x000000c8        0x4 LONG 0x4000000 ADDR (.data_RAM2)
                0x000000cc        0x4 LONG 0x0 SIZEOF (.data_RAM2)
                0x000000d0                        __data_section_table_end = .
                0x000000d0                        __bss_section_table = .
                0x000000d0        0x4 LONG 0x20000024 ADDR (.bss)
                0x000000d4        0x4 LONG 0x13c SIZEOF (.bss)
                0x000000d8        0x4 LONG 0x4000000 ADDR (.bss_RAM2)
                0x000000dc        0x4 LONG 0x0 SIZEOF (.bss_RAM2)
                0x000000e0                        __bss_section_table_end = .
                0x000000e0                        __section_table_end = .
 *(SORT_BY_ALIGNMENT(.after_vectors*))
 .after_vectors.reset
                0x000000e0       0x54 ./startup/startup_lpc51u68.o
                0x000000e0                ResetISR
 .after_vectors.init_data
                0x00000134       0x12 ./startup/startup_lpc51u68.o
                0x00000134                data_init
 .after_vectors.init_bss
                0x00000146       0x10 ./startup/startup_lpc51u68.o
                0x00000146                bss_init
 .after_vectors
                0x00000156       0xfc ./startup/startup_lpc51u68.o
                0x00000156                NMI_Handler
                0x0000015a                SVC_Handler
                0x0000015c                PendSV_Handler
                0x0000015e                SysTick_Handler
                0x00000160                DMA0_DriverIRQHandler
                0x00000160                CTIMER3_DriverIRQHandler
                0x00000160                PIN_INT1_DriverIRQHandler
                0x00000160                RTC_DriverIRQHandler
                0x00000160                SCT0_DriverIRQHandler
                0x00000160                Reserved42_DriverIRQHandler
                0x00000160                WDT_BOD_DriverIRQHandler
                0x00000160                PIN_INT3_DriverIRQHandler
                0x00000160                PIN_INT2_DriverIRQHandler
                0x00000160                CTIMER1_DriverIRQHandler
                0x00000160                PIN_INT0_DriverIRQHandler
                0x00000160                CTIMER0_DriverIRQHandler
                0x00000160                ADC0_SEQB_DriverIRQHandler
                0x00000160                IntDefaultHandler
                0x00000160                USB0_DriverIRQHandler
                0x00000160                GINT0_DriverIRQHandler
                0x00000160                MRT0_DriverIRQHandler
                0x00000160                UTICK0_DriverIRQHandler
                0x00000160                Reserved41_DriverIRQHandler
                0x00000160                ADC0_THCMP_DriverIRQHandler
                0x00000160                GINT1_DriverIRQHandler
                0x00000160                USB0_NEEDCLK_DriverIRQHandler
                0x00000160                ADC0_SEQA_DriverIRQHandler
                0x00000162                WDT_BOD_IRQHandler
                0x0000016a                DMA0_IRQHandler
                0x00000172                GINT0_IRQHandler
                0x0000017a                GINT1_IRQHandler
                0x00000182                PIN_INT0_IRQHandler
                0x0000018a                PIN_INT1_IRQHandler
                0x00000192                PIN_INT2_IRQHandler
                0x0000019a                PIN_INT3_IRQHandler
                0x000001a2                UTICK0_IRQHandler
                0x000001aa                MRT0_IRQHandler
                0x000001b2                CTIMER0_IRQHandler
                0x000001ba                CTIMER1_IRQHandler
                0x000001c2                SCT0_IRQHandler
                0x000001ca                CTIMER3_IRQHandler
                0x000001d2                FLEXCOMM0_IRQHandler
                0x000001da                FLEXCOMM1_IRQHandler
                0x000001e2                FLEXCOMM2_IRQHandler
                0x000001ea                FLEXCOMM3_IRQHandler
                0x000001f2                FLEXCOMM4_IRQHandler
                0x000001fa                FLEXCOMM5_IRQHandler
                0x00000202                FLEXCOMM6_IRQHandler
                0x0000020a                FLEXCOMM7_IRQHandler
                0x00000212                ADC0_SEQA_IRQHandler
                0x0000021a                ADC0_SEQB_IRQHandler
                0x00000222                ADC0_THCMP_IRQHandler
                0x0000022a                Reserved41_IRQHandler
                0x00000232                Reserved42_IRQHandler
                0x0000023a                USB0_NEEDCLK_IRQHandler
                0x00000242                USB0_IRQHandler
                0x0000024a                RTC_IRQHandler
                0x000002fc                        . = 0x2fc
 *fill*         0x00000252       0xaa ff
                0x000002fc                        PROVIDE (__CRP_WORD_START__ = .)
 *(SORT_BY_ALIGNMENT(.crp))
 .crp           0x000002fc        0x4 ./startup/startup_lpc51u68.o
                0x000002fc                CRP_WORD
                0x00000300                        PROVIDE (__CRP_WORD_END__ = .)
                0x00000001                        ASSERT (! ((__CRP_WORD_START__ == __CRP_WORD_END__)), Linker CRP Enabled, but no CRP_WORD provided within application)
 *(SORT_BY_ALIGNMENT(.text*))
 .text.DbgConsole_Init
                0x00000300       0xa8 ./utilities/debug_console_lite/fsl_debug_console.o
                0x00000300                DbgConsole_Init
 .text.DbgConsole_Vprintf
                0x000003a8       0x40 ./utilities/debug_console_lite/fsl_debug_console.o
                0x000003a8                DbgConsole_Vprintf
 .text.DbgConsole_Putchar
                0x000003e8       0x30 ./utilities/debug_console_lite/fsl_debug_console.o
                0x000003e8                DbgConsole_Putchar
 .text.__assertion_failed
                0x00000418       0x34 ./utilities/fsl_assert.o
                0x00000418                __assertion_failed
 .text.main     0x0000044c       0xb0 ./source/MCP4822_FINAL_MAIN.o
                0x0000044c                main
 .text.i2c_write
                0x000004fc       0xec ./source/i2c_func.o
                0x000004fc                i2c_write
 .text.i2c_write_main
                0x000005e8       0xe4 ./source/i2c_func.o
                0x000005e8                i2c_write_main
 .text.i2c_adc_config
                0x000006cc       0xb8 ./source/i2c_func.o
                0x000006cc                i2c_adc_config
 .text.i2c_adc_read
                0x00000784       0x68 ./source/i2c_func.o
                0x00000784                i2c_adc_read
 .text.i2c_run  0x000007ec      0x108 ./source/i2c_func.o
                0x000007ec                i2c_run
 .text.MCP4822_BuildCommand
                0x000008f4       0xd0 ./source/mcp4822.o
                0x000008f4                MCP4822_BuildCommand
 .text.MCP4822_Write
                0x000009c4       0x58 ./source/mcp4822.o
                0x000009c4                MCP4822_Write
 .text.HardFault_Handler
                0x00000a1c       0x38 ./source/semihost_hardfault.o
                0x00000a1c                HardFault_Handler
 .text.CLOCK_SetFLASHAccessCycles
                0x00000a54       0x3c ./drivers/fsl_clock.o
 .text.CLOCK_GetAsyncApbClkSrc
                0x00000a90       0x1c ./drivers/fsl_clock.o
 .text.CLOCK_IsSystemPLLLocked
                0x00000aac       0x20 ./drivers/fsl_clock.o
 .text.CLOCK_AttachClk
                0x00000acc       0xac ./drivers/fsl_clock.o
                0x00000acc                CLOCK_AttachClk
 .text.CLOCK_SetClkDiv
                0x00000b78       0x68 ./drivers/fsl_clock.o
                0x00000b78                CLOCK_SetClkDiv
 .text.CLOCK_SetupFROClocking
                0x00000be0       0xd8 ./drivers/fsl_clock.o
                0x00000be0                CLOCK_SetupFROClocking
 .text.CLOCK_GetClockOutClkFreq
                0x00000cb8       0x94 ./drivers/fsl_clock.o
                0x00000cb8                CLOCK_GetClockOutClkFreq
 .text.CLOCK_GetFro12MFreq
                0x00000d4c       0x24 ./drivers/fsl_clock.o
                0x00000d4c                CLOCK_GetFro12MFreq
 .text.CLOCK_GetWdtOscFreq
                0x00000d70       0x78 ./drivers/fsl_clock.o
                0x00000d70                CLOCK_GetWdtOscFreq
 .text.CLOCK_GetFroHfFreq
                0x00000de8       0x54 ./drivers/fsl_clock.o
                0x00000de8                CLOCK_GetFroHfFreq
 .text.CLOCK_GetPllOutFreq
                0x00000e3c       0x14 ./drivers/fsl_clock.o
                0x00000e3c                CLOCK_GetPllOutFreq
 .text.CLOCK_GetI2SMClkFreq
                0x00000e50       0x14 ./drivers/fsl_clock.o
                0x00000e50                CLOCK_GetI2SMClkFreq
 .text.CLOCK_GetAsyncApbClkFreq
                0x00000e64       0x44 ./drivers/fsl_clock.o
                0x00000e64                CLOCK_GetAsyncApbClkFreq
 .text.CLOCK_GetFreq
                0x00000ea8      0x108 ./drivers/fsl_clock.o
                0x00000ea8                CLOCK_GetFreq
 .text.CLOCK_SetFLASHAccessCyclesForFreq
                0x00000fb0       0x90 ./drivers/fsl_clock.o
                0x00000fb0                CLOCK_SetFLASHAccessCyclesForFreq
 .text.CLOCK_SetPLLFreq
                0x00001040      0x154 ./drivers/fsl_clock.o
                0x00001040                CLOCK_SetPLLFreq
 .text.SDK_DelayAtLeastUs
                0x00001194       0x78 ./drivers/fsl_common_arm.o
                0x00001194                SDK_DelayAtLeastUs
 .text.CLOCK_EnableClock
                0x0000120c       0x54 ./drivers/fsl_flexcomm.o
 .text.FLEXCOMM_PeripheralIsPresent
                0x00001260       0x68 ./drivers/fsl_flexcomm.o
 .text.FLEXCOMM_GetInstance
                0x000012c8       0x4c ./drivers/fsl_flexcomm.o
                0x000012c8                FLEXCOMM_GetInstance
 .text.FLEXCOMM_SetPeriph
                0x00001314       0x8c ./drivers/fsl_flexcomm.o
 .text.FLEXCOMM_Init
                0x000013a0       0x58 ./drivers/fsl_flexcomm.o
                0x000013a0                FLEXCOMM_Init
 .text.FLEXCOMM0_DriverIRQHandler
                0x000013f8       0x60 ./drivers/fsl_flexcomm.o
                0x000013f8                FLEXCOMM0_DriverIRQHandler
 .text.FLEXCOMM1_DriverIRQHandler
                0x00001458       0x60 ./drivers/fsl_flexcomm.o
                0x00001458                FLEXCOMM1_DriverIRQHandler
 .text.FLEXCOMM2_DriverIRQHandler
                0x000014b8       0x60 ./drivers/fsl_flexcomm.o
                0x000014b8                FLEXCOMM2_DriverIRQHandler
 .text.FLEXCOMM3_DriverIRQHandler
                0x00001518       0x60 ./drivers/fsl_flexcomm.o
                0x00001518                FLEXCOMM3_DriverIRQHandler
 .text.FLEXCOMM4_DriverIRQHandler
                0x00001578       0x60 ./drivers/fsl_flexcomm.o
                0x00001578                FLEXCOMM4_DriverIRQHandler
 .text.FLEXCOMM5_DriverIRQHandler
                0x000015d8       0x60 ./drivers/fsl_flexcomm.o
                0x000015d8                FLEXCOMM5_DriverIRQHandler
 .text.FLEXCOMM6_DriverIRQHandler
                0x00001638       0x60 ./drivers/fsl_flexcomm.o
                0x00001638                FLEXCOMM6_DriverIRQHandler
 .text.FLEXCOMM7_DriverIRQHandler
                0x00001698       0x60 ./drivers/fsl_flexcomm.o
                0x00001698                FLEXCOMM7_DriverIRQHandler
 .text.CLOCK_EnableClock
                0x000016f8       0x54 ./drivers/fsl_gpio.o
 .text.GPIO_EnablePortClock
                0x0000174c       0x38 ./drivers/fsl_gpio.o
 .text.I2C_ClearStatusFlags
                0x00001784       0x2c ./drivers/fsl_i2c.o
 .text.I2C_MasterGetDefaultConfig
                0x000017b0       0x38 ./drivers/fsl_i2c.o
                0x000017b0                I2C_MasterGetDefaultConfig
 .text.I2C_GetStatusFlags
                0x000017e8       0x8c ./drivers/fsl_i2c.o
                0x000017e8                I2C_GetStatusFlags
 .text.I2C_MasterSetBaudRate
                0x00001874      0x148 ./drivers/fsl_i2c.o
                0x00001874                I2C_MasterSetBaudRate
 .text.I2C_MasterSetTimeoutValue
                0x000019bc       0x9c ./drivers/fsl_i2c.o
                0x000019bc                I2C_MasterSetTimeoutValue
 .text.I2C_PendingStatusWait
                0x00001a58       0x7c ./drivers/fsl_i2c.o
 .text.I2C_MasterStart
                0x00001ad4       0x5c ./drivers/fsl_i2c.o
                0x00001ad4                I2C_MasterStart
 .text.I2C_MasterWriteBlocking
                0x00001b30      0x104 ./drivers/fsl_i2c.o
                0x00001b30                I2C_MasterWriteBlocking
 .text.I2C_MasterReadBlocking
                0x00001c34       0xe4 ./drivers/fsl_i2c.o
                0x00001c34                I2C_MasterReadBlocking
 .text.POWER_setVdLevel
                0x00001d18       0x24 ./drivers/fsl_power.o
 .text.POWER_SetVoltageForFreq
                0x00001d3c      0x298 ./drivers/fsl_power.o
                0x00001d3c                POWER_SetVoltageForFreq
 .text.RESET_SetPeripheralReset
                0x00001fd4       0x7c ./drivers/fsl_reset.o
                0x00001fd4                RESET_SetPeripheralReset
 .text.RESET_ClearPeripheralReset
                0x00002050       0x84 ./drivers/fsl_reset.o
                0x00002050                RESET_ClearPeripheralReset
 .text.SPI_SetTransferDelay
                0x000020d4       0x70 ./drivers/fsl_spi.o
 .text.SPI_GetInstance
                0x00002144       0x4c ./drivers/fsl_spi.o
                0x00002144                SPI_GetInstance
 .text.SPI_SetDummyData
                0x00002190       0x34 ./drivers/fsl_spi.o
                0x00002190                SPI_SetDummyData
 .text.SPI_MasterGetDefaultConfig
                0x000021c4       0x8c ./drivers/fsl_spi.o
                0x000021c4                SPI_MasterGetDefaultConfig
 .text.SPI_MasterInit
                0x00002250      0x1c4 ./drivers/fsl_spi.o
                0x00002250                SPI_MasterInit
 .text.SPI_MasterSetBaud
                0x00002414       0xa8 ./drivers/fsl_spi.o
                0x00002414                SPI_MasterSetBaud
 .text.SPI_MasterTransferBlocking
                0x000024bc      0x28c ./drivers/fsl_spi.o
                0x000024bc                SPI_MasterTransferBlocking
 .text.USART_EnableContinuousSCLK
                0x00002748       0x40 ./drivers/fsl_usart.o
 .text.USART_Init
                0x00002788      0x20c ./drivers/fsl_usart.o
                0x00002788                USART_Init
 .text.USART_GetDefaultConfig
                0x00002994       0x84 ./drivers/fsl_usart.o
                0x00002994                USART_GetDefaultConfig
 .text.USART_SetBaudRate
                0x00002a18      0x198 ./drivers/fsl_usart.o
                0x00002a18                USART_SetBaudRate
 .text.USART_WriteBlocking
                0x00002bb0       0x90 ./drivers/fsl_usart.o
                0x00002bb0                USART_WriteBlocking
 .text.USART_ReadBlocking
                0x00002c40      0x118 ./drivers/fsl_usart.o
                0x00002c40                USART_ReadBlocking
 .text.SystemInit
                0x00002d58       0x1c ./device/system_LPC51U68.o
                0x00002d58                SystemInit
 .text.HAL_UartGetStatus
                0x00002d74       0x20 ./component/uart/fsl_adapter_usart.o
 .text.HAL_UartInitCommon
                0x00002d94      0x134 ./component/uart/fsl_adapter_usart.o
 .text.HAL_UartReceiveBlocking
                0x00002ec8       0x78 ./component/uart/fsl_adapter_usart.o
                0x00002ec8                HAL_UartReceiveBlocking
 .text.HAL_UartSendBlocking
                0x00002f40       0x6c ./component/uart/fsl_adapter_usart.o
                0x00002f40                HAL_UartSendBlocking
 .text.BOARD_InitDebugConsole
                0x00002fac       0x54 ./board/board.o
                0x00002fac                BOARD_InitDebugConsole
 .text.BOARD_BootClockPLL150M
                0x00003000       0xd4 ./board/clock_config.o
                0x00003000                BOARD_BootClockPLL150M
 .text.BOARD_InitHardware
                0x000030d4       0x70 ./board/hardware_init.o
                0x000030d4                BOARD_InitHardware
 .text.CLOCK_EnableClock
                0x00003144       0x54 ./board/pin_mux.o
 .text.BOARD_InitPins
                0x00003198       0xbc ./board/pin_mux.o
                0x00003198                BOARD_InitPins
 .text.BOARD_InitSecureMCUPins
                0x00003254       0x38 ./board/pin_mux.o
                0x00003254                BOARD_InitSecureMCUPins
 .text._initio  0x0000328c       0x7c C:/nxp/MCUXpressoIDE_24.12.148/ide/plugins/com.nxp.mcuxpresso.tools.win32_24.12.0.202407110909/tools/bin/../lib/gcc/arm-none-eabi/13.2.1/../../../../arm-none-eabi/lib/thumb/v6-m/nofp\libcr_c.a(initio.o)
                0x0000328c                _initio
 .text.setvbuf  0x00003308       0x4c C:/nxp/MCUXpressoIDE_24.12.148/ide/plugins/com.nxp.mcuxpresso.tools.win32_24.12.0.202407110909/tools/bin/../lib/gcc/arm-none-eabi/13.2.1/../../../../arm-none-eabi/lib/thumb/v6-m/nofp\libcr_c.a(setvbuf.o)
                0x00003308                setvbuf
 .text.strlen   0x00003354       0x5c C:/nxp/MCUXpressoIDE_24.12.148/ide/plugins/com.nxp.mcuxpresso.tools.win32_24.12.0.202407110909/tools/bin/../lib/gcc/arm-none-eabi/13.2.1/../../../../arm-none-eabi/lib/thumb/v6-m/nofp\libcr_c.a(strlen.o)
                0x00003354                strlen
 .text._deferredlazyseek
                0x000033b0       0x40 C:/nxp/MCUXpressoIDE_24.12.148/ide/plugins/com.nxp.mcuxpresso.tools.win32_24.12.0.202407110909/tools/bin/../lib/gcc/arm-none-eabi/13.2.1/../../../../arm-none-eabi/lib/thumb/v6-m/nofp\libcr_c.a(_deferredlazyseek.o)
                0x000033b0                _deferredlazyseek
 .text._fdopen  0x000033f0       0x74 C:/nxp/MCUXpressoIDE_24.12.148/ide/plugins/com.nxp.mcuxpresso.tools.win32_24.12.0.202407110909/tools/bin/../lib/gcc/arm-none-eabi/13.2.1/../../../../arm-none-eabi/lib/thumb/v6-m/nofp\libcr_c.a(_fdopen.o)
                0x000033f0                _fdopen
 .text._fflush  0x00003464       0x5c C:/nxp/MCUXpressoIDE_24.12.148/ide/plugins/com.nxp.mcuxpresso.tools.win32_24.12.0.202407110909/tools/bin/../lib/gcc/arm-none-eabi/13.2.1/../../../../arm-none-eabi/lib/thumb/v6-m/nofp\libcr_c.a(_fflush.o)
                0x00003464                _fflush
 .text._Cwritebuf
                0x000034c0       0x68 C:/nxp/MCUXpressoIDE_24.12.148/ide/plugins/com.nxp.mcuxpresso.tools.win32_24.12.0.202407110909/tools/bin/../lib/gcc/arm-none-eabi/13.2.1/../../../../arm-none-eabi/lib/thumb/v6-m/nofp\libcr_c.a(_writebuf.o)
                0x000034c0                _Cwritebuf
 .text.fclose   0x00003528       0x5c C:/nxp/MCUXpressoIDE_24.12.148/ide/plugins/com.nxp.mcuxpresso.tools.win32_24.12.0.202407110909/tools/bin/../lib/gcc/arm-none-eabi/13.2.1/../../../../arm-none-eabi/lib/thumb/v6-m/nofp\libcr_c.a(fclose.o)
                0x00003528                fclose
 .text.fflush   0x00003584       0x40 C:/nxp/MCUXpressoIDE_24.12.148/ide/plugins/com.nxp.mcuxpresso.tools.win32_24.12.0.202407110909/tools/bin/../lib/gcc/arm-none-eabi/13.2.1/../../../../arm-none-eabi/lib/thumb/v6-m/nofp\libcr_c.a(fflush.o)
                0x00003584                fflush
 .text.fseek    0x000035c4       0xec C:/nxp/MCUXpressoIDE_24.12.148/ide/plugins/com.nxp.mcuxpresso.tools.win32_24.12.0.202407110909/tools/bin/../lib/gcc/arm-none-eabi/13.2.1/../../../../arm-none-eabi/lib/thumb/v6-m/nofp\libcr_c.a(fseek.o)
                0x000035c4                fseek
 .text.ftell    0x000036b0       0x4c C:/nxp/MCUXpressoIDE_24.12.148/ide/plugins/com.nxp.mcuxpresso.tools.win32_24.12.0.202407110909/tools/bin/../lib/gcc/arm-none-eabi/13.2.1/../../../../arm-none-eabi/lib/thumb/v6-m/nofp\libcr_c.a(ftell.o)
                0x000036b0                ftell
 .text._do_fflush
                0x000036fc       0x48 C:/nxp/MCUXpressoIDE_24.12.148/ide/plugins/com.nxp.mcuxpresso.tools.win32_24.12.0.202407110909/tools/bin/../lib/gcc/arm-none-eabi/13.2.1/../../../../arm-none-eabi/lib/thumb/v6-m/nofp\libcr_c.a(_do_fflush.o)
                0x000036fc                _do_fflush
 .text.DbgConsole_Printf
                0x00003744       0x32 ./utilities/debug_console_lite/fsl_debug_console.o
                0x00003744                DbgConsole_Printf
 .text.DbgConsole_PrintfPaddingCharacter
                0x00003776       0x48 ./utilities/debug_console_lite/fsl_debug_console.o
 .text.DbgConsole_ConvertRadixNumToString
                0x000037be       0xc2 ./utilities/debug_console_lite/fsl_debug_console.o
 .text.DbgConsole_PrintfFormattedData
                0x00003880      0x3da ./utilities/debug_console_lite/fsl_debug_console.o
 .text.fsl_assert_hook
                0x00003c5a       0x16 ./utilities/fsl_assert.o
                0x00003c5a                fsl_assert_hook
 .text.GPIO_PinWrite
                0x00003c70       0x2c ./source/i2c_func.o
 .text.MCP4822_Init
                0x00003c9c       0x54 ./source/mcp4822.o
                0x00003c9c                MCP4822_Init
 .text.POWER_EnablePD
                0x00003cf0       0x2e ./drivers/fsl_clock.o
 .text.POWER_DisablePD
                0x00003d1e       0x2e ./drivers/fsl_clock.o
 .text.CLOCK_GetExtClkFreq
                0x00003d4c        0xc ./drivers/fsl_clock.o
                0x00003d4c                CLOCK_GetExtClkFreq
 .text.CLOCK_GetOsc32KFreq
                0x00003d58        0xe ./drivers/fsl_clock.o
                0x00003d58                CLOCK_GetOsc32KFreq
 .text.CLOCK_GetCoreSysClkFreq
                0x00003d66       0xc8 ./drivers/fsl_clock.o
                0x00003d66                CLOCK_GetCoreSysClkFreq
 .text.CLOCK_GetFlexCommClkFreq
                0x00003e2e       0x8c ./drivers/fsl_clock.o
                0x00003e2e                CLOCK_GetFlexCommClkFreq
 .text.CLOCK_GetFRGInputClock
                0x00003eba       0x64 ./drivers/fsl_clock.o
                0x00003eba                CLOCK_GetFRGInputClock
 .text.DelayLoop
                0x00003f1e       0x1a ./drivers/fsl_common_arm.o
 .text.GPIO_PinInit
                0x00003f38       0xc0 ./drivers/fsl_gpio.o
                0x00003f38                GPIO_PinInit
 .text.I2C_MasterEnable
                0x00003ff8       0x50 ./drivers/fsl_i2c.o
 .text.I2C_MasterInit
                0x00004048       0x7e ./drivers/fsl_i2c.o
                0x00004048                I2C_MasterInit
 .text.I2C_MasterStop
                0x000040c6       0x32 ./drivers/fsl_i2c.o
                0x000040c6                I2C_MasterStop
 .text.RESET_PeripheralReset
                0x000040f8       0x20 ./drivers/fsl_reset.o
                0x000040f8                RESET_PeripheralReset
 .text.SPI_Enable
                0x00004118       0x4c ./drivers/fsl_spi.o
 .text.SystemInitHook
                0x00004164        0xa ./device/system_LPC51U68.o
                0x00004164                SystemInitHook
 .text.HAL_UartInit
                0x0000416e       0x42 ./component/uart/fsl_adapter_usart.o
                0x0000416e                HAL_UartInit
 .text.POWER_DisablePD
                0x000041b0       0x2e ./board/clock_config.o
 .text.BOARD_InitBootClocks
                0x000041de        0xe ./board/clock_config.o
                0x000041de                BOARD_InitBootClocks
 .text.IOCON_PinMuxSet
                0x000041ec       0x3a ./board/pin_mux.o
 .text.BOARD_InitBootPins
                0x00004226        0xe ./board/pin_mux.o
                0x00004226                BOARD_InitBootPins
 .text.__main   0x00004234        0xc C:/nxp/MCUXpressoIDE_24.12.148/ide/plugins/com.nxp.mcuxpresso.tools.win32_24.12.0.202407110909/tools/bin/../lib/gcc/arm-none-eabi/13.2.1/../../../../arm-none-eabi/lib/thumb/v6-m/nofp\libcr_nohost_nf.a(_cr__main.o)
                0x00004234                __main
 .text.memcpy   0x00004240        0x8 C:/nxp/MCUXpressoIDE_24.12.148/ide/plugins/com.nxp.mcuxpresso.tools.win32_24.12.0.202407110909/tools/bin/../lib/gcc/arm-none-eabi/13.2.1/../../../../arm-none-eabi/lib/thumb/v6-m/nofp\libcr_c.a(memcpy.o)
                0x00004240                memcpy
 .text.memset   0x00004248        0x8 C:/nxp/MCUXpressoIDE_24.12.148/ide/plugins/com.nxp.mcuxpresso.tools.win32_24.12.0.202407110909/tools/bin/../lib/gcc/arm-none-eabi/13.2.1/../../../../arm-none-eabi/lib/thumb/v6-m/nofp\libcr_c.a(memset.o)
                0x00004248                memset
 .text.free     0x00004250       0x2c C:/nxp/MCUXpressoIDE_24.12.148/ide/plugins/com.nxp.mcuxpresso.tools.win32_24.12.0.202407110909/tools/bin/../lib/gcc/arm-none-eabi/13.2.1/../../../../arm-none-eabi/lib/thumb/v6-m/nofp\libcr_c.a(alloc.o)
                0x00004250                free
 .text.remove   0x0000427c       0x12 C:/nxp/MCUXpressoIDE_24.12.148/ide/plugins/com.nxp.mcuxpresso.tools.win32_24.12.0.202407110909/tools/bin/../lib/gcc/arm-none-eabi/13.2.1/../../../../arm-none-eabi/lib/thumb/v6-m/nofp\libcr_c.a(remove.o)
                0x0000427c                remove
 .text.__aeabi_division_idivmod
                0x0000428e       0x78 C:/nxp/MCUXpressoIDE_24.12.148/ide/plugins/com.nxp.mcuxpresso.tools.win32_24.12.0.202407110909/tools/bin/../lib/gcc/arm-none-eabi/13.2.1/thumb/v6-m/nofp\libcr_eabihelpers.a(division_32.o)
                0x0000428e                __aeabi_idivmod
                0x0000428e                __aeabi_idiv
                0x00004294                __aeabi_uidivmod
                0x00004294                __aeabi_uidiv
 .text.__aeabi_division_uldivmod
                0x00004306       0x5a C:/nxp/MCUXpressoIDE_24.12.148/ide/plugins/com.nxp.mcuxpresso.tools.win32_24.12.0.202407110909/tools/bin/../lib/gcc/arm-none-eabi/13.2.1/thumb/v6-m/nofp\libcr_eabihelpers.a(division_64.o)
                0x00004306                __aeabi_uldivmod
 .text.__aeabi_division_idiv0
                0x00004360        0x2 C:/nxp/MCUXpressoIDE_24.12.148/ide/plugins/com.nxp.mcuxpresso.tools.win32_24.12.0.202407110909/tools/bin/../lib/gcc/arm-none-eabi/13.2.1/thumb/v6-m/nofp\libcr_eabihelpers.a(division_idiv0.o)
                0x00004360                __aeabi_idiv0
 .text.__aeabi_llong_lmul
                0x00004362       0x2e C:/nxp/MCUXpressoIDE_24.12.148/ide/plugins/com.nxp.mcuxpresso.tools.win32_24.12.0.202407110909/tools/bin/../lib/gcc/arm-none-eabi/13.2.1/thumb/v6-m/nofp\libcr_eabihelpers.a(llong.o)
                0x00004362                __aeabi_lmul
 .text.__aeabi_memcpy
                0x00004390       0x2c C:/nxp/MCUXpressoIDE_24.12.148/ide/plugins/com.nxp.mcuxpresso.tools.win32_24.12.0.202407110909/tools/bin/../lib/gcc/arm-none-eabi/13.2.1/thumb/v6-m/nofp\libcr_eabihelpers.a(memcpy.o)
                0x00004390                __aeabi_memcpy4
                0x00004390                __aeabi_memcpy8
                0x00004390                __aeabi_memcpy
 .text.__aeabi_memset_lowlevel
                0x000043bc       0x2a C:/nxp/MCUXpressoIDE_24.12.148/ide/plugins/com.nxp.mcuxpresso.tools.win32_24.12.0.202407110909/tools/bin/../lib/gcc/arm-none-eabi/13.2.1/thumb/v6-m/nofp\libcr_eabihelpers.a(memcpy.o)
                0x000043bc                __aeabi_lowlevel_memset
 .text.__sys_close
                0x000043e6        0x6 C:/nxp/MCUXpressoIDE_24.12.148/ide/plugins/com.nxp.mcuxpresso.tools.win32_24.12.0.202407110909/tools/bin/../lib/gcc/arm-none-eabi/13.2.1/../../../../arm-none-eabi/lib/thumb/v6-m/nofp\libcr_nohost_nf.a(__sys_close.o)
                0x000043e6                __sys_close
 .text.__sys_flen
                0x000043ec        0x6 C:/nxp/MCUXpressoIDE_24.12.148/ide/plugins/com.nxp.mcuxpresso.tools.win32_24.12.0.202407110909/tools/bin/../lib/gcc/arm-none-eabi/13.2.1/../../../../arm-none-eabi/lib/thumb/v6-m/nofp\libcr_nohost_nf.a(__sys_flen.o)
                0x000043ec                __sys_flen
 .text.__sys_istty
                0x000043f2        0x6 C:/nxp/MCUXpressoIDE_24.12.148/ide/plugins/com.nxp.mcuxpresso.tools.win32_24.12.0.202407110909/tools/bin/../lib/gcc/arm-none-eabi/13.2.1/../../../../arm-none-eabi/lib/thumb/v6-m/nofp\libcr_nohost_nf.a(__sys_istty.o)
                0x000043f2                __sys_istty
 .text.__sys_remove
                0x000043f8        0x6 C:/nxp/MCUXpressoIDE_24.12.148/ide/plugins/com.nxp.mcuxpresso.tools.win32_24.12.0.202407110909/tools/bin/../lib/gcc/arm-none-eabi/13.2.1/../../../../arm-none-eabi/lib/thumb/v6-m/nofp\libcr_nohost_nf.a(__sys_remove.o)
                0x000043f8                __sys_remove
 .text.__sys_seek
                0x000043fe        0x6 C:/nxp/MCUXpressoIDE_24.12.148/ide/plugins/com.nxp.mcuxpresso.tools.win32_24.12.0.202407110909/tools/bin/../lib/gcc/arm-none-eabi/13.2.1/../../../../arm-none-eabi/lib/thumb/v6-m/nofp\libcr_nohost_nf.a(__sys_seek.o)
                0x000043fe                __sys_seek
 .text.__sys_tmpnam
                0x00004404        0x6 C:/nxp/MCUXpressoIDE_24.12.148/ide/plugins/com.nxp.mcuxpresso.tools.win32_24.12.0.202407110909/tools/bin/../lib/gcc/arm-none-eabi/13.2.1/../../../../arm-none-eabi/lib/thumb/v6-m/nofp\libcr_nohost_nf.a(__sys_tmpnam.o)
                0x00004404                __sys_tmpnam
 .text.__sys_write
                0x0000440a        0x4 C:/nxp/MCUXpressoIDE_24.12.148/ide/plugins/com.nxp.mcuxpresso.tools.win32_24.12.0.202407110909/tools/bin/../lib/gcc/arm-none-eabi/13.2.1/../../../../arm-none-eabi/lib/thumb/v6-m/nofp\libcr_nohost_nf.a(__sys_write.o)
                0x0000440a                __sys_write
 *(SORT_BY_ALIGNMENT(.rodata) SORT_BY_ALIGNMENT(.rodata.*) SORT_BY_ALIGNMENT(.constdata) SORT_BY_ALIGNMENT(.constdata.*))
 *fill*         0x0000440e        0x2 ff
 .rodata.__assertion_failed.str1.4
                0x00004410      0xa37 ./utilities/fsl_assert.o
                                 0x14 (size before relaxing)
 .rodata.main.str1.4
                0x00004e47       0x65 ./source/MCP4822_FINAL_MAIN.o
 *fill*         0x00004e47        0x1 ff
 .rodata.si5351a_revb_registers
                0x00004e48      0x158 ./source/i2c_func.o
                0x00004e48                si5351a_revb_registers
 .rodata.i2c_write.str1.4
                0x00004fa0       0x67 ./source/i2c_func.o
 .rodata.i2c_adc_config.str1.4
                0x00004fa0       0x50 ./source/i2c_func.o
 .rodata.i2c_adc_read.str1.4
                0x00004fa0       0x19 ./source/i2c_func.o
 .rodata.i2c_run.str1.4
                0x00004fa0       0xc9 ./source/i2c_func.o
 .rodata.MCP4822_Write.str1.4
                0x00004fa0       0x16 ./source/mcp4822.o
 .rodata.wdtFreqLookup
                0x00004fa0       0x20 ./drivers/fsl_clock.o
 .rodata.CLOCK_GetClockOutClkFreq
                0x00004fc0       0x1c ./drivers/fsl_clock.o
 .rodata.CLOCK_GetFreq
                0x00004fdc       0x2c ./drivers/fsl_clock.o
 .rodata.SDK_DelayAtLeastUs.str1.4
                0x00005008       0x2b ./drivers/fsl_common_arm.o
 .rodata.s_flexcommBaseAddrs
                0x00005008       0x20 ./drivers/fsl_flexcomm.o
 .rodata.s_flexcommClocks
                0x00005028       0x10 ./drivers/fsl_flexcomm.o
 .rodata.s_flexcommResets
                0x00005038       0x20 ./drivers/fsl_flexcomm.o
 .rodata.FLEXCOMM_GetInstance.str1.4
                0x00005058       0x41 ./drivers/fsl_flexcomm.o
 .rodata.FLEXCOMM0_DriverIRQHandler.str1.4
                0x00005058       0x3c ./drivers/fsl_flexcomm.o
 .rodata.FLEXCOMM1_DriverIRQHandler.str1.4
                0x00005058       0x3c ./drivers/fsl_flexcomm.o
 .rodata.FLEXCOMM2_DriverIRQHandler.str1.4
                0x00005058       0x3c ./drivers/fsl_flexcomm.o
 .rodata.FLEXCOMM3_DriverIRQHandler.str1.4
                0x00005058       0x3c ./drivers/fsl_flexcomm.o
 .rodata.FLEXCOMM4_DriverIRQHandler.str1.4
                0x00005058       0x3c ./drivers/fsl_flexcomm.o
 .rodata.FLEXCOMM5_DriverIRQHandler.str1.4
                0x00005058       0x3c ./drivers/fsl_flexcomm.o
 .rodata.FLEXCOMM6_DriverIRQHandler.str1.4
                0x00005058       0x3c ./drivers/fsl_flexcomm.o
 .rodata.FLEXCOMM7_DriverIRQHandler.str1.4
                0x00005058       0x3c ./drivers/fsl_flexcomm.o
 .rodata.s_gpioClockName
                0x00005058        0x4 ./drivers/fsl_gpio.o
 .rodata.GPIO_EnablePortClock.str1.4
                0x0000505c       0x33 ./drivers/fsl_gpio.o
 .rodata.I2C_MasterSetTimeoutValue.str1.4
                0x0000505c       0x3a ./drivers/fsl_i2c.o
 .rodata.I2C_MasterWriteBlocking.str1.4
                0x0000505c       0x1f ./drivers/fsl_i2c.o
 .rodata.I2C_MasterReadBlocking.str1.4
                0x0000505c       0x1f ./drivers/fsl_i2c.o
 .rodata.RESET_SetPeripheralReset.str1.4
                0x0000505c       0x1f ./drivers/fsl_reset.o
 .rodata.RESET_ClearPeripheralReset.str1.4
                0x0000505c       0x1f ./drivers/fsl_reset.o
 .rodata.SPI_SetTransferDelay.str1.4
                0x0000505c       0x3f ./drivers/fsl_spi.o
 .rodata.s_spiBaseAddrs
                0x0000505c       0x20 ./drivers/fsl_spi.o
 .rodata.SPI_GetInstance.str1.4
                0x0000507c       0x37 ./drivers/fsl_spi.o
 .rodata.SPI_MasterGetDefaultConfig.str1.4
                0x0000507c       0x1f ./drivers/fsl_spi.o
 .rodata.SPI_MasterInit.str1.4
                0x0000507c       0x4d ./drivers/fsl_spi.o
 .rodata.SPI_MasterSetBaud.str1.4
                0x0000507c       0x51 ./drivers/fsl_spi.o
 .rodata.SPI_MasterTransferBlocking.str1.4
                0x0000507c       0x6a ./drivers/fsl_spi.o
 .rodata.USART_Init.str1.4
                0x0000507c       0x4f ./drivers/fsl_usart.o
 .rodata.USART_GetDefaultConfig.str1.4
                0x0000507c       0x21 ./drivers/fsl_usart.o
 .rodata.USART_SetBaudRate.str1.4
                0x0000507c       0x53 ./drivers/fsl_usart.o
 .rodata.USART_WriteBlocking.str1.4
                0x0000507c       0x36 ./drivers/fsl_usart.o
 .rodata.USART_ReadBlocking.str1.4
                0x0000507c       0x36 ./drivers/fsl_usart.o
 .rodata.s_UsartAdapterBase
                0x0000507c       0x20 ./component/uart/fsl_adapter_usart.o
 .rodata.HAL_UartInitCommon.str1.4
                0x0000509c       0xeb ./component/uart/fsl_adapter_usart.o
 .rodata.HAL_UartReceiveBlocking.str1.4
                0x0000509c       0x65 ./component/uart/fsl_adapter_usart.o
 .rodata.HAL_UartSendBlocking.str1.4
                0x0000509c       0x65 ./component/uart/fsl_adapter_usart.o
 .rodata.BOARD_InitDebugConsole.str1.4
                0x0000509c       0x27 ./board/board.o
 .rodata        0x0000509c       0x1c ./board/clock_config.o
 .rodata        0x000050b8        0x2 ./board/hardware_init.o
 *fill*         0x000050ba        0x2 ff
 .rodata.__num_Ciob_streams
                0x000050bc        0x4 C:/nxp/MCUXpressoIDE_24.12.148/ide/plugins/com.nxp.mcuxpresso.tools.win32_24.12.0.202407110909/tools/bin/../lib/gcc/arm-none-eabi/13.2.1/../../../../arm-none-eabi/lib/thumb/v6-m/nofp\libcr_nohost_nf.a(__ciob.o)
                0x000050bc                __num_Ciob_streams
 .rodata._initio.str1.1
                0x000050c0        0x4 C:/nxp/MCUXpressoIDE_24.12.148/ide/plugins/com.nxp.mcuxpresso.tools.win32_24.12.0.202407110909/tools/bin/../lib/gcc/arm-none-eabi/13.2.1/../../../../arm-none-eabi/lib/thumb/v6-m/nofp\libcr_c.a(initio.o)
                0x000050c4                        . = ALIGN (0x4)

.glue_7         0x000050c4        0x0
 .glue_7        0x000050c4        0x0 linker stubs

.glue_7t        0x000050c4        0x0
 .glue_7t       0x000050c4        0x0 linker stubs

.vfp11_veneer   0x000050c4        0x0
 .vfp11_veneer  0x000050c4        0x0 linker stubs

.v4_bx          0x000050c4        0x0
 .v4_bx         0x000050c4        0x0 linker stubs

.iplt           0x000050c4        0x0
 .iplt          0x000050c4        0x0 ./utilities/debug_console_lite/fsl_debug_console.o

.rel.dyn        0x000050c4        0x0
 .rel.iplt      0x000050c4        0x0 ./utilities/debug_console_lite/fsl_debug_console.o

.ARM.extab
 *(SORT_BY_ALIGNMENT(.ARM.extab*) SORT_BY_ALIGNMENT(.gnu.linkonce.armextab.*))

.ARM.exidx      0x000050c4        0x0
                0x000050c4                        __exidx_start = .
 *(SORT_BY_ALIGNMENT(.ARM.exidx*) SORT_BY_ALIGNMENT(.gnu.linkonce.armexidx.*))
                0x000050c4                        __exidx_end = .
                0x000050c4                        _etext = .

.data_RAM2      0x04000000        0x0 load address 0x000050c4
 FILL mask 0xff
                [!provide]                        PROVIDE (__start_data_RAM2 = .)
                [!provide]                        PROVIDE (__start_data_SRAMX = .)
 *(SORT_BY_ALIGNMENT(.ramfunc.$RAM2))
 *(SORT_BY_ALIGNMENT(.ramfunc.$SRAMX))
 *(SORT_BY_ALIGNMENT(.data.$RAM2))
 *(SORT_BY_ALIGNMENT(.data.$SRAMX))
 *(SORT_BY_ALIGNMENT(.data.$RAM2.*))
 *(SORT_BY_ALIGNMENT(.data.$SRAMX.*))
                0x04000000                        . = ALIGN (0x4)
                [!provide]                        PROVIDE (__end_data_RAM2 = .)
                [!provide]                        PROVIDE (__end_data_SRAMX = .)

.uninit_RESERVED
                0x20000000        0x0
                0x20000000                        _start_uninit_RESERVED = .
 *(SORT_BY_ALIGNMENT(.bss.$RESERVED*))
                0x20000000                        . = ALIGN (0x4)
                0x20000000                        _end_uninit_RESERVED = .

.data           0x20000000       0x24 load address 0x000050c4
 FILL mask 0xff
                0x20000000                        _data = .
                [!provide]                        PROVIDE (__start_data_RAM = .)
                [!provide]                        PROVIDE (__start_data_SRAM0 = .)
 *(SORT_BY_ALIGNMENT(vtable))
 *(SORT_BY_ALIGNMENT(.ramfunc*))
 *(SORT_BY_ALIGNMENT(CodeQuickAccess))
 *(SORT_BY_ALIGNMENT(DataQuickAccess))
 *(SORT_BY_ALIGNMENT(RamFunction))
 *(SORT_BY_ALIGNMENT(.data*))
 .data.reVal    0x20000000        0x4 ./source/i2c_func.o
                0x20000000                reVal
 .data.initial_reg_info
                0x20000004       0x18 ./source/i2c_func.o
                0x20000004                initial_reg_info
 .data.SystemCoreClock
                0x2000001c        0x4 ./device/system_LPC51U68.o
                0x2000001c                SystemCoreClock
 .data.adc_addr
                0x20000020        0x1 ./source/i2c_func.o
                0x20000020                adc_addr
 .data.adc_tx   0x20000021        0x1 ./source/i2c_func.o
                0x20000021                adc_tx
                0x20000024                        . = ALIGN (0x4)
 *fill*         0x20000022        0x2 ff
                0x20000024                        _edata = .
                [!provide]                        PROVIDE (__end_data_RAM = .)
                [!provide]                        PROVIDE (__end_data_SRAM0 = .)

.igot.plt       0x20000024        0x0 load address 0x000050e8
 .igot.plt      0x20000024        0x0 ./utilities/debug_console_lite/fsl_debug_console.o

.bss_RAM2       0x04000000        0x0
                [!provide]                        PROVIDE (__start_bss_RAM2 = .)
                [!provide]                        PROVIDE (__start_bss_SRAMX = .)
 *(SORT_BY_ALIGNMENT(.bss.$RAM2))
 *(SORT_BY_ALIGNMENT(.bss.$SRAMX))
 *(SORT_BY_ALIGNMENT(.bss.$RAM2.*))
 *(SORT_BY_ALIGNMENT(.bss.$SRAMX.*))
                0x04000000                        . = ALIGN ((. != 0x0)?0x4:0x1)
                [!provide]                        PROVIDE (__end_bss_RAM2 = .)
                [!provide]                        PROVIDE (__end_bss_SRAMX = .)

.bss            0x20000024      0x13c
                0x20000024                        _bss = .
                [!provide]                        PROVIDE (__start_bss_RAM = .)
                [!provide]                        PROVIDE (__start_bss_SRAM0 = .)
 *(SORT_BY_ALIGNMENT(.bss*))
 .bss.s_debugConsole
                0x20000024       0x14 ./utilities/debug_console_lite/fsl_debug_console.o
 .bss.masterConfig
                0x20000038        0xc ./source/i2c_func.o
                0x20000038                masterConfig
 .bss.adc_rx    0x20000044        0x4 ./source/i2c_func.o
                0x20000044                adc_rx
 .bss.s_Pll_Freq
                0x20000048        0x4 ./drivers/fsl_clock.o
 .bss.g_I2S_Mclk_Freq
                0x2000004c        0x4 ./drivers/fsl_clock.o
 .bss.s_flexcommIrqHandler
                0x20000050       0x20 ./drivers/fsl_flexcomm.o
 .bss.s_flexcommHandle
                0x20000070       0x20 ./drivers/fsl_flexcomm.o
 .bss.g_configs
                0x20000090       0x10 ./drivers/fsl_spi.o
 .bss.s_dummyData
                0x200000a0        0x8 ./drivers/fsl_spi.o
                0x200000a0                s_dummyData
 .bss.errno     0x200000a8        0x4 C:/nxp/MCUXpressoIDE_24.12.148/ide/plugins/com.nxp.mcuxpresso.tools.win32_24.12.0.202407110909/tools/bin/../lib/gcc/arm-none-eabi/13.2.1/../../../../arm-none-eabi/lib/thumb/v6-m/nofp\libcr_c.a(errno.o)
                0x200000a8                errno
 .bss.__Ciob    0x200000ac       0xb4 C:/nxp/MCUXpressoIDE_24.12.148/ide/plugins/com.nxp.mcuxpresso.tools.win32_24.12.0.202407110909/tools/bin/../lib/gcc/arm-none-eabi/13.2.1/../../../../arm-none-eabi/lib/thumb/v6-m/nofp\libcr_nohost_nf.a(__ciob.o)
                0x200000ac                __Ciob
 *(SORT_BY_ALIGNMENT(COMMON))
                0x20000160                        . = ALIGN (0x4)
                0x20000160                        _ebss = .
                [!provide]                        PROVIDE (__end_bss_RAM = .)
                [!provide]                        PROVIDE (__end_bss_SRAM0 = .)
                [!provide]                        PROVIDE (end = .)

.noinit_RAM2    0x04000000        0x0
                [!provide]                        PROVIDE (__start_noinit_RAM2 = .)
                [!provide]                        PROVIDE (__start_noinit_SRAMX = .)
 *(SORT_BY_ALIGNMENT(.noinit.$RAM2))
 *(SORT_BY_ALIGNMENT(.noinit.$SRAMX))
 *(SORT_BY_ALIGNMENT(.noinit.$RAM2.*))
 *(SORT_BY_ALIGNMENT(.noinit.$SRAMX.*))
                0x04000000                        . = ALIGN (0x4)
                [!provide]                        PROVIDE (__end_noinit_RAM2 = .)
                [!provide]                        PROVIDE (__end_noinit_SRAMX = .)

.noinit         0x20000160        0x0
                0x20000160                        _noinit = .
                [!provide]                        PROVIDE (__start_noinit_RAM = .)
                [!provide]                        PROVIDE (__start_noinit_SRAM0 = .)
 *(SORT_BY_ALIGNMENT(.noinit*))
                0x20000160                        . = ALIGN (0x4)
                0x20000160                        _end_noinit = .
                [!provide]                        PROVIDE (__end_noinit_RAM = .)
                [!provide]                        PROVIDE (__end_noinit_SRAM0 = .)
                0x00001000                        _HeapSize = 0x1000

.heap           0x20000160     0x1000
                0x20000160                        _pvHeapStart = .
                0x20001160                        . = (. + _HeapSize)
 *fill*         0x20000160     0x1000 
                0x20001160                        . = ALIGN (0x4)
                0x20001160                        _pvHeapLimit = .
                0x00001000                        _StackSize = 0x1000

.heap2stackfill
                0x20001160     0x1000
                0x20002160                        . = (. + _StackSize)
 *fill*         0x20001160     0x1000 

.stack          0x2000f000        0x0
                0x2000f000                        _vStackBase = .
                0x2000f000                        . = ALIGN (0x4)
                0x20010000                        _vStackTop = (. + _StackSize)
                0xdffef3ab                        PROVIDE (__valid_user_code_checksum = (0x0 - (((_vStackTop + (ResetISR + 0x1)) + (DEFINED (NMI_Handler)?NMI_Handler:M0_NMI_Handler + 0x1)) + (DEFINED (HardFault_Handler)?HardFault_Handler:M0_HardFault_Handler + 0x1))))
                0x00000000                        _image_start = LOADADDR (.text)
                0x000050e8                        _image_end = (LOADADDR (.data) + SIZEOF (.data))
                0x000050e8                        _image_size = (_image_end - _image_start)
OUTPUT(alexsCode.axf elf32-littlearm)
LOAD linker stubs

.debug_info     0x00000000    0x1614d
 .debug_info    0x00000000      0xd5c ./utilities/debug_console_lite/fsl_debug_console.o
 .debug_info    0x00000d5c      0x12e ./utilities/fsl_assert.o
 .debug_info    0x00000e8a      0x61c ./startup/startup_lpc51u68.o
 .debug_info    0x000014a6      0x822 ./source/MCP4822_FINAL_MAIN.o
 .debug_info    0x00001cc8      0xbf6 ./source/i2c_func.o
 .debug_info    0x000028be      0x775 ./source/mcp4822.o
 .debug_info    0x00003033       0x3c ./source/semihost_hardfault.o
 .debug_info    0x0000306f     0x23f1 ./drivers/fsl_clock.o
 .debug_info    0x00005460      0xbc1 ./drivers/fsl_common_arm.o
 .debug_info    0x00006021     0x1467 ./drivers/fsl_flexcomm.o
 .debug_info    0x00007488     0x11f0 ./drivers/fsl_gpio.o
 .debug_info    0x00008678     0x2241 ./drivers/fsl_i2c.o
 .debug_info    0x0000a8b9      0xff6 ./drivers/fsl_power.o
 .debug_info    0x0000b8af      0x9f3 ./drivers/fsl_reset.o
 .debug_info    0x0000c2a2     0x1958 ./drivers/fsl_spi.o
 .debug_info    0x0000dbfa     0x1892 ./drivers/fsl_usart.o
 .debug_info    0x0000f48c      0xaff ./device/system_LPC51U68.o
 .debug_info    0x0000ff8b      0xd58 ./component/uart/fsl_adapter_usart.o
 .debug_info    0x00010ce3      0x904 ./board/board.o
 .debug_info    0x000115e7      0xe41 ./board/clock_config.o
 .debug_info    0x00012428      0x70e ./board/hardware_init.o
 .debug_info    0x00012b36      0xb64 ./board/pin_mux.o
 .debug_info    0x0001369a       0x85 C:/nxp/MCUXpressoIDE_24.12.148/ide/plugins/com.nxp.mcuxpresso.tools.win32_24.12.0.202407110909/tools/bin/../lib/gcc/arm-none-eabi/13.2.1/../../../../arm-none-eabi/lib/thumb/v6-m/nofp\libcr_nohost_nf.a(_cr__main.o)
 .debug_info    0x0001371f      0x12b C:/nxp/MCUXpressoIDE_24.12.148/ide/plugins/com.nxp.mcuxpresso.tools.win32_24.12.0.202407110909/tools/bin/../lib/gcc/arm-none-eabi/13.2.1/../../../../arm-none-eabi/lib/thumb/v6-m/nofp\libcr_c.a(memcpy.o)
 .debug_info    0x0001384a       0xfc C:/nxp/MCUXpressoIDE_24.12.148/ide/plugins/com.nxp.mcuxpresso.tools.win32_24.12.0.202407110909/tools/bin/../lib/gcc/arm-none-eabi/13.2.1/../../../../arm-none-eabi/lib/thumb/v6-m/nofp\libcr_c.a(memset.o)
 .debug_info    0x00013946      0x526 C:/nxp/MCUXpressoIDE_24.12.148/ide/plugins/com.nxp.mcuxpresso.tools.win32_24.12.0.202407110909/tools/bin/../lib/gcc/arm-none-eabi/13.2.1/../../../../arm-none-eabi/lib/thumb/v6-m/nofp\libcr_c.a(alloc.o)
 .debug_info    0x00013e6c       0x44 C:/nxp/MCUXpressoIDE_24.12.148/ide/plugins/com.nxp.mcuxpresso.tools.win32_24.12.0.202407110909/tools/bin/../lib/gcc/arm-none-eabi/13.2.1/../../../../arm-none-eabi/lib/thumb/v6-m/nofp\libcr_c.a(errno.o)
 .debug_info    0x00013eb0      0x353 C:/nxp/MCUXpressoIDE_24.12.148/ide/plugins/com.nxp.mcuxpresso.tools.win32_24.12.0.202407110909/tools/bin/../lib/gcc/arm-none-eabi/13.2.1/../../../../arm-none-eabi/lib/thumb/v6-m/nofp\libcr_c.a(initio.o)
 .debug_info    0x00014203      0x1fd C:/nxp/MCUXpressoIDE_24.12.148/ide/plugins/com.nxp.mcuxpresso.tools.win32_24.12.0.202407110909/tools/bin/../lib/gcc/arm-none-eabi/13.2.1/../../../../arm-none-eabi/lib/thumb/v6-m/nofp\libcr_c.a(setvbuf.o)
 .debug_info    0x00014400       0xdd C:/nxp/MCUXpressoIDE_24.12.148/ide/plugins/com.nxp.mcuxpresso.tools.win32_24.12.0.202407110909/tools/bin/../lib/gcc/arm-none-eabi/13.2.1/../../../../arm-none-eabi/lib/thumb/v6-m/nofp\libcr_c.a(strlen.o)
 .debug_info    0x000144dd      0x364 C:/nxp/MCUXpressoIDE_24.12.148/ide/plugins/com.nxp.mcuxpresso.tools.win32_24.12.0.202407110909/tools/bin/../lib/gcc/arm-none-eabi/13.2.1/../../../../arm-none-eabi/lib/thumb/v6-m/nofp\libcr_c.a(_deferredlazyseek.o)
 .debug_info    0x00014841      0x24b C:/nxp/MCUXpressoIDE_24.12.148/ide/plugins/com.nxp.mcuxpresso.tools.win32_24.12.0.202407110909/tools/bin/../lib/gcc/arm-none-eabi/13.2.1/../../../../arm-none-eabi/lib/thumb/v6-m/nofp\libcr_c.a(_fdopen.o)
 .debug_info    0x00014a8c      0x1ea C:/nxp/MCUXpressoIDE_24.12.148/ide/plugins/com.nxp.mcuxpresso.tools.win32_24.12.0.202407110909/tools/bin/../lib/gcc/arm-none-eabi/13.2.1/../../../../arm-none-eabi/lib/thumb/v6-m/nofp\libcr_c.a(_fflush.o)
 .debug_info    0x00014c76      0x28a C:/nxp/MCUXpressoIDE_24.12.148/ide/plugins/com.nxp.mcuxpresso.tools.win32_24.12.0.202407110909/tools/bin/../lib/gcc/arm-none-eabi/13.2.1/../../../../arm-none-eabi/lib/thumb/v6-m/nofp\libcr_c.a(_writebuf.o)
 .debug_info    0x00014f00      0x325 C:/nxp/MCUXpressoIDE_24.12.148/ide/plugins/com.nxp.mcuxpresso.tools.win32_24.12.0.202407110909/tools/bin/../lib/gcc/arm-none-eabi/13.2.1/../../../../arm-none-eabi/lib/thumb/v6-m/nofp\libcr_c.a(fclose.o)
 .debug_info    0x00015225      0x210 C:/nxp/MCUXpressoIDE_24.12.148/ide/plugins/com.nxp.mcuxpresso.tools.win32_24.12.0.202407110909/tools/bin/../lib/gcc/arm-none-eabi/13.2.1/../../../../arm-none-eabi/lib/thumb/v6-m/nofp\libcr_c.a(fflush.o)
 .debug_info    0x00015435      0x27f C:/nxp/MCUXpressoIDE_24.12.148/ide/plugins/com.nxp.mcuxpresso.tools.win32_24.12.0.202407110909/tools/bin/../lib/gcc/arm-none-eabi/13.2.1/../../../../arm-none-eabi/lib/thumb/v6-m/nofp\libcr_c.a(fseek.o)
 .debug_info    0x000156b4      0x197 C:/nxp/MCUXpressoIDE_24.12.148/ide/plugins/com.nxp.mcuxpresso.tools.win32_24.12.0.202407110909/tools/bin/../lib/gcc/arm-none-eabi/13.2.1/../../../../arm-none-eabi/lib/thumb/v6-m/nofp\libcr_c.a(ftell.o)
 .debug_info    0x0001584b      0x1d0 C:/nxp/MCUXpressoIDE_24.12.148/ide/plugins/com.nxp.mcuxpresso.tools.win32_24.12.0.202407110909/tools/bin/../lib/gcc/arm-none-eabi/13.2.1/../../../../arm-none-eabi/lib/thumb/v6-m/nofp\libcr_c.a(remove.o)
 .debug_info    0x00015a1b      0x241 C:/nxp/MCUXpressoIDE_24.12.148/ide/plugins/com.nxp.mcuxpresso.tools.win32_24.12.0.202407110909/tools/bin/../lib/gcc/arm-none-eabi/13.2.1/../../../../arm-none-eabi/lib/thumb/v6-m/nofp\libcr_c.a(_do_fflush.o)
 .debug_info    0x00015c5c      0x18b C:/nxp/MCUXpressoIDE_24.12.148/ide/plugins/com.nxp.mcuxpresso.tools.win32_24.12.0.202407110909/tools/bin/../lib/gcc/arm-none-eabi/13.2.1/../../../../arm-none-eabi/lib/thumb/v6-m/nofp\libcr_nohost_nf.a(__ciob.o)
 .debug_info    0x00015de7       0x6a C:/nxp/MCUXpressoIDE_24.12.148/ide/plugins/com.nxp.mcuxpresso.tools.win32_24.12.0.202407110909/tools/bin/../lib/gcc/arm-none-eabi/13.2.1/../../../../arm-none-eabi/lib/thumb/v6-m/nofp\libcr_nohost_nf.a(__sys_close.o)
 .debug_info    0x00015e51       0x6a C:/nxp/MCUXpressoIDE_24.12.148/ide/plugins/com.nxp.mcuxpresso.tools.win32_24.12.0.202407110909/tools/bin/../lib/gcc/arm-none-eabi/13.2.1/../../../../arm-none-eabi/lib/thumb/v6-m/nofp\libcr_nohost_nf.a(__sys_flen.o)
 .debug_info    0x00015ebb       0x6a C:/nxp/MCUXpressoIDE_24.12.148/ide/plugins/com.nxp.mcuxpresso.tools.win32_24.12.0.202407110909/tools/bin/../lib/gcc/arm-none-eabi/13.2.1/../../../../arm-none-eabi/lib/thumb/v6-m/nofp\libcr_nohost_nf.a(__sys_istty.o)
 .debug_info    0x00015f25       0x8a C:/nxp/MCUXpressoIDE_24.12.148/ide/plugins/com.nxp.mcuxpresso.tools.win32_24.12.0.202407110909/tools/bin/../lib/gcc/arm-none-eabi/13.2.1/../../../../arm-none-eabi/lib/thumb/v6-m/nofp\libcr_nohost_nf.a(__sys_remove.o)
 .debug_info    0x00015faf       0x78 C:/nxp/MCUXpressoIDE_24.12.148/ide/plugins/com.nxp.mcuxpresso.tools.win32_24.12.0.202407110909/tools/bin/../lib/gcc/arm-none-eabi/13.2.1/../../../../arm-none-eabi/lib/thumb/v6-m/nofp\libcr_nohost_nf.a(__sys_seek.o)
 .debug_info    0x00016027       0x93 C:/nxp/MCUXpressoIDE_24.12.148/ide/plugins/com.nxp.mcuxpresso.tools.win32_24.12.0.202407110909/tools/bin/../lib/gcc/arm-none-eabi/13.2.1/../../../../arm-none-eabi/lib/thumb/v6-m/nofp\libcr_nohost_nf.a(__sys_tmpnam.o)
 .debug_info    0x000160ba       0x93 C:/nxp/MCUXpressoIDE_24.12.148/ide/plugins/com.nxp.mcuxpresso.tools.win32_24.12.0.202407110909/tools/bin/../lib/gcc/arm-none-eabi/13.2.1/../../../../arm-none-eabi/lib/thumb/v6-m/nofp\libcr_nohost_nf.a(__sys_write.o)

.debug_abbrev   0x00000000     0x468f
 .debug_abbrev  0x00000000      0x24f ./utilities/debug_console_lite/fsl_debug_console.o
 .debug_abbrev  0x0000024f       0xbd ./utilities/fsl_assert.o
 .debug_abbrev  0x0000030c      0x19f ./startup/startup_lpc51u68.o
 .debug_abbrev  0x000004ab      0x1ad ./source/MCP4822_FINAL_MAIN.o
 .debug_abbrev  0x00000658      0x221 ./source/i2c_func.o
 .debug_abbrev  0x00000879      0x1c5 ./source/mcp4822.o
 .debug_abbrev  0x00000a3e       0x31 ./source/semihost_hardfault.o
 .debug_abbrev  0x00000a6f      0x3c5 ./drivers/fsl_clock.o
 .debug_abbrev  0x00000e34      0x235 ./drivers/fsl_common_arm.o
 .debug_abbrev  0x00001069      0x2c0 ./drivers/fsl_flexcomm.o
 .debug_abbrev  0x00001329      0x235 ./drivers/fsl_gpio.o
 .debug_abbrev  0x0000155e      0x3c6 ./drivers/fsl_i2c.o
 .debug_abbrev  0x00001924      0x36e ./drivers/fsl_power.o
 .debug_abbrev  0x00001c92      0x166 ./drivers/fsl_reset.o
 .debug_abbrev  0x00001df8      0x37c ./drivers/fsl_spi.o
 .debug_abbrev  0x00002174      0x406 ./drivers/fsl_usart.o
 .debug_abbrev  0x0000257a      0x1f8 ./device/system_LPC51U68.o
 .debug_abbrev  0x00002772      0x229 ./component/uart/fsl_adapter_usart.o
 .debug_abbrev  0x0000299b      0x173 ./board/board.o
 .debug_abbrev  0x00002b0e      0x223 ./board/clock_config.o
 .debug_abbrev  0x00002d31      0x1b3 ./board/hardware_init.o
 .debug_abbrev  0x00002ee4      0x1db ./board/pin_mux.o
 .debug_abbrev  0x000030bf       0x62 C:/nxp/MCUXpressoIDE_24.12.148/ide/plugins/com.nxp.mcuxpresso.tools.win32_24.12.0.202407110909/tools/bin/../lib/gcc/arm-none-eabi/13.2.1/../../../../arm-none-eabi/lib/thumb/v6-m/nofp\libcr_nohost_nf.a(_cr__main.o)
 .debug_abbrev  0x00003121       0xb3 C:/nxp/MCUXpressoIDE_24.12.148/ide/plugins/com.nxp.mcuxpresso.tools.win32_24.12.0.202407110909/tools/bin/../lib/gcc/arm-none-eabi/13.2.1/../../../../arm-none-eabi/lib/thumb/v6-m/nofp\libcr_c.a(memcpy.o)
 .debug_abbrev  0x000031d4       0xa5 C:/nxp/MCUXpressoIDE_24.12.148/ide/plugins/com.nxp.mcuxpresso.tools.win32_24.12.0.202407110909/tools/bin/../lib/gcc/arm-none-eabi/13.2.1/../../../../arm-none-eabi/lib/thumb/v6-m/nofp\libcr_c.a(memset.o)
 .debug_abbrev  0x00003279      0x27b C:/nxp/MCUXpressoIDE_24.12.148/ide/plugins/com.nxp.mcuxpresso.tools.win32_24.12.0.202407110909/tools/bin/../lib/gcc/arm-none-eabi/13.2.1/../../../../arm-none-eabi/lib/thumb/v6-m/nofp\libcr_c.a(alloc.o)
 .debug_abbrev  0x000034f4       0x44 C:/nxp/MCUXpressoIDE_24.12.148/ide/plugins/com.nxp.mcuxpresso.tools.win32_24.12.0.202407110909/tools/bin/../lib/gcc/arm-none-eabi/13.2.1/../../../../arm-none-eabi/lib/thumb/v6-m/nofp\libcr_c.a(errno.o)
 .debug_abbrev  0x00003538      0x14b C:/nxp/MCUXpressoIDE_24.12.148/ide/plugins/com.nxp.mcuxpresso.tools.win32_24.12.0.202407110909/tools/bin/../lib/gcc/arm-none-eabi/13.2.1/../../../../arm-none-eabi/lib/thumb/v6-m/nofp\libcr_c.a(initio.o)
 .debug_abbrev  0x00003683       0xe1 C:/nxp/MCUXpressoIDE_24.12.148/ide/plugins/com.nxp.mcuxpresso.tools.win32_24.12.0.202407110909/tools/bin/../lib/gcc/arm-none-eabi/13.2.1/../../../../arm-none-eabi/lib/thumb/v6-m/nofp\libcr_c.a(setvbuf.o)
 .debug_abbrev  0x00003764       0xa5 C:/nxp/MCUXpressoIDE_24.12.148/ide/plugins/com.nxp.mcuxpresso.tools.win32_24.12.0.202407110909/tools/bin/../lib/gcc/arm-none-eabi/13.2.1/../../../../arm-none-eabi/lib/thumb/v6-m/nofp\libcr_c.a(strlen.o)
 .debug_abbrev  0x00003809      0x147 C:/nxp/MCUXpressoIDE_24.12.148/ide/plugins/com.nxp.mcuxpresso.tools.win32_24.12.0.202407110909/tools/bin/../lib/gcc/arm-none-eabi/13.2.1/../../../../arm-none-eabi/lib/thumb/v6-m/nofp\libcr_c.a(_deferredlazyseek.o)
 .debug_abbrev  0x00003950      0x119 C:/nxp/MCUXpressoIDE_24.12.148/ide/plugins/com.nxp.mcuxpresso.tools.win32_24.12.0.202407110909/tools/bin/../lib/gcc/arm-none-eabi/13.2.1/../../../../arm-none-eabi/lib/thumb/v6-m/nofp\libcr_c.a(_fdopen.o)
 .debug_abbrev  0x00003a69       0xf1 C:/nxp/MCUXpressoIDE_24.12.148/ide/plugins/com.nxp.mcuxpresso.tools.win32_24.12.0.202407110909/tools/bin/../lib/gcc/arm-none-eabi/13.2.1/../../../../arm-none-eabi/lib/thumb/v6-m/nofp\libcr_c.a(_fflush.o)
 .debug_abbrev  0x00003b5a      0x126 C:/nxp/MCUXpressoIDE_24.12.148/ide/plugins/com.nxp.mcuxpresso.tools.win32_24.12.0.202407110909/tools/bin/../lib/gcc/arm-none-eabi/13.2.1/../../../../arm-none-eabi/lib/thumb/v6-m/nofp\libcr_c.a(_writebuf.o)
 .debug_abbrev  0x00003c80      0x158 C:/nxp/MCUXpressoIDE_24.12.148/ide/plugins/com.nxp.mcuxpresso.tools.win32_24.12.0.202407110909/tools/bin/../lib/gcc/arm-none-eabi/13.2.1/../../../../arm-none-eabi/lib/thumb/v6-m/nofp\libcr_c.a(fclose.o)
 .debug_abbrev  0x00003dd8      0x122 C:/nxp/MCUXpressoIDE_24.12.148/ide/plugins/com.nxp.mcuxpresso.tools.win32_24.12.0.202407110909/tools/bin/../lib/gcc/arm-none-eabi/13.2.1/../../../../arm-none-eabi/lib/thumb/v6-m/nofp\libcr_c.a(fflush.o)
 .debug_abbrev  0x00003efa      0x11b C:/nxp/MCUXpressoIDE_24.12.148/ide/plugins/com.nxp.mcuxpresso.tools.win32_24.12.0.202407110909/tools/bin/../lib/gcc/arm-none-eabi/13.2.1/../../../../arm-none-eabi/lib/thumb/v6-m/nofp\libcr_c.a(fseek.o)
 .debug_abbrev  0x00004015       0xc2 C:/nxp/MCUXpressoIDE_24.12.148/ide/plugins/com.nxp.mcuxpresso.tools.win32_24.12.0.202407110909/tools/bin/../lib/gcc/arm-none-eabi/13.2.1/../../../../arm-none-eabi/lib/thumb/v6-m/nofp\libcr_c.a(ftell.o)
 .debug_abbrev  0x000040d7       0xed C:/nxp/MCUXpressoIDE_24.12.148/ide/plugins/com.nxp.mcuxpresso.tools.win32_24.12.0.202407110909/tools/bin/../lib/gcc/arm-none-eabi/13.2.1/../../../../arm-none-eabi/lib/thumb/v6-m/nofp\libcr_c.a(remove.o)
 .debug_abbrev  0x000041c4      0x12c C:/nxp/MCUXpressoIDE_24.12.148/ide/plugins/com.nxp.mcuxpresso.tools.win32_24.12.0.202407110909/tools/bin/../lib/gcc/arm-none-eabi/13.2.1/../../../../arm-none-eabi/lib/thumb/v6-m/nofp\libcr_c.a(_do_fflush.o)
 .debug_abbrev  0x000042f0       0xb5 C:/nxp/MCUXpressoIDE_24.12.148/ide/plugins/com.nxp.mcuxpresso.tools.win32_24.12.0.202407110909/tools/bin/../lib/gcc/arm-none-eabi/13.2.1/../../../../arm-none-eabi/lib/thumb/v6-m/nofp\libcr_nohost_nf.a(__ciob.o)
 .debug_abbrev  0x000043a5       0x5c C:/nxp/MCUXpressoIDE_24.12.148/ide/plugins/com.nxp.mcuxpresso.tools.win32_24.12.0.202407110909/tools/bin/../lib/gcc/arm-none-eabi/13.2.1/../../../../arm-none-eabi/lib/thumb/v6-m/nofp\libcr_nohost_nf.a(__sys_close.o)
 .debug_abbrev  0x00004401       0x5c C:/nxp/MCUXpressoIDE_24.12.148/ide/plugins/com.nxp.mcuxpresso.tools.win32_24.12.0.202407110909/tools/bin/../lib/gcc/arm-none-eabi/13.2.1/../../../../arm-none-eabi/lib/thumb/v6-m/nofp\libcr_nohost_nf.a(__sys_flen.o)
 .debug_abbrev  0x0000445d       0x5c C:/nxp/MCUXpressoIDE_24.12.148/ide/plugins/com.nxp.mcuxpresso.tools.win32_24.12.0.202407110909/tools/bin/../lib/gcc/arm-none-eabi/13.2.1/../../../../arm-none-eabi/lib/thumb/v6-m/nofp\libcr_nohost_nf.a(__sys_istty.o)
 .debug_abbrev  0x000044b9       0x7d C:/nxp/MCUXpressoIDE_24.12.148/ide/plugins/com.nxp.mcuxpresso.tools.win32_24.12.0.202407110909/tools/bin/../lib/gcc/arm-none-eabi/13.2.1/../../../../arm-none-eabi/lib/thumb/v6-m/nofp\libcr_nohost_nf.a(__sys_remove.o)
 .debug_abbrev  0x00004536       0x6d C:/nxp/MCUXpressoIDE_24.12.148/ide/plugins/com.nxp.mcuxpresso.tools.win32_24.12.0.202407110909/tools/bin/../lib/gcc/arm-none-eabi/13.2.1/../../../../arm-none-eabi/lib/thumb/v6-m/nofp\libcr_nohost_nf.a(__sys_seek.o)
 .debug_abbrev  0x000045a3       0x76 C:/nxp/MCUXpressoIDE_24.12.148/ide/plugins/com.nxp.mcuxpresso.tools.win32_24.12.0.202407110909/tools/bin/../lib/gcc/arm-none-eabi/13.2.1/../../../../arm-none-eabi/lib/thumb/v6-m/nofp\libcr_nohost_nf.a(__sys_tmpnam.o)
 .debug_abbrev  0x00004619       0x76 C:/nxp/MCUXpressoIDE_24.12.148/ide/plugins/com.nxp.mcuxpresso.tools.win32_24.12.0.202407110909/tools/bin/../lib/gcc/arm-none-eabi/13.2.1/../../../../arm-none-eabi/lib/thumb/v6-m/nofp\libcr_nohost_nf.a(__sys_write.o)

.debug_aranges  0x00000000      0xeb0
 .debug_aranges
                0x00000000       0x78 ./utilities/debug_console_lite/fsl_debug_console.o
 .debug_aranges
                0x00000078       0x28 ./utilities/fsl_assert.o
 .debug_aranges
                0x000000a0      0x150 ./startup/startup_lpc51u68.o
 .debug_aranges
                0x000001f0       0x20 ./source/MCP4822_FINAL_MAIN.o
 .debug_aranges
                0x00000210       0x48 ./source/i2c_func.o
 .debug_aranges
                0x00000258       0x30 ./source/mcp4822.o
 .debug_aranges
                0x00000288       0x20 ./source/semihost_hardfault.o
 .debug_aranges
                0x000002a8      0x1b0 ./drivers/fsl_clock.o
 .debug_aranges
                0x00000458       0x58 ./drivers/fsl_common_arm.o
 .debug_aranges
                0x000004b0       0x88 ./drivers/fsl_flexcomm.o
 .debug_aranges
                0x00000538       0x38 ./drivers/fsl_gpio.o
 .debug_aranges
                0x00000570      0x1a0 ./drivers/fsl_i2c.o
 .debug_aranges
                0x00000710       0x90 ./drivers/fsl_power.o
 .debug_aranges
                0x000007a0       0x30 ./drivers/fsl_reset.o
 .debug_aranges
                0x000007d0       0xe8 ./drivers/fsl_spi.o
 .debug_aranges
                0x000008b8      0x108 ./drivers/fsl_usart.o
 .debug_aranges
                0x000009c0       0x68 ./device/system_LPC51U68.o
 .debug_aranges
                0x00000a28       0x58 ./component/uart/fsl_adapter_usart.o
 .debug_aranges
                0x00000a80       0x20 ./board/board.o
 .debug_aranges
                0x00000aa0       0x48 ./board/clock_config.o
 .debug_aranges
                0x00000ae8       0x20 ./board/hardware_init.o
 .debug_aranges
                0x00000b08       0x40 ./board/pin_mux.o
 .debug_aranges
                0x00000b48       0x20 C:/nxp/MCUXpressoIDE_24.12.148/ide/plugins/com.nxp.mcuxpresso.tools.win32_24.12.0.202407110909/tools/bin/../lib/gcc/arm-none-eabi/13.2.1/../../../../arm-none-eabi/lib/thumb/v6-m/nofp\libcr_nohost_nf.a(_cr__main.o)
 .debug_aranges
                0x00000b68       0x20 C:/nxp/MCUXpressoIDE_24.12.148/ide/plugins/com.nxp.mcuxpresso.tools.win32_24.12.0.202407110909/tools/bin/../lib/gcc/arm-none-eabi/13.2.1/../../../../arm-none-eabi/lib/thumb/v6-m/nofp\libcr_c.a(memcpy.o)
 .debug_aranges
                0x00000b88       0x20 C:/nxp/MCUXpressoIDE_24.12.148/ide/plugins/com.nxp.mcuxpresso.tools.win32_24.12.0.202407110909/tools/bin/../lib/gcc/arm-none-eabi/13.2.1/../../../../arm-none-eabi/lib/thumb/v6-m/nofp\libcr_c.a(memset.o)
 .debug_aranges
                0x00000ba8       0x40 C:/nxp/MCUXpressoIDE_24.12.148/ide/plugins/com.nxp.mcuxpresso.tools.win32_24.12.0.202407110909/tools/bin/../lib/gcc/arm-none-eabi/13.2.1/../../../../arm-none-eabi/lib/thumb/v6-m/nofp\libcr_c.a(alloc.o)
 .debug_aranges
                0x00000be8       0x18 C:/nxp/MCUXpressoIDE_24.12.148/ide/plugins/com.nxp.mcuxpresso.tools.win32_24.12.0.202407110909/tools/bin/../lib/gcc/arm-none-eabi/13.2.1/../../../../arm-none-eabi/lib/thumb/v6-m/nofp\libcr_c.a(errno.o)
 .debug_aranges
                0x00000c00       0x28 C:/nxp/MCUXpressoIDE_24.12.148/ide/plugins/com.nxp.mcuxpresso.tools.win32_24.12.0.202407110909/tools/bin/../lib/gcc/arm-none-eabi/13.2.1/../../../../arm-none-eabi/lib/thumb/v6-m/nofp\libcr_c.a(initio.o)
 .debug_aranges
                0x00000c28       0x20 C:/nxp/MCUXpressoIDE_24.12.148/ide/plugins/com.nxp.mcuxpresso.tools.win32_24.12.0.202407110909/tools/bin/../lib/gcc/arm-none-eabi/13.2.1/../../../../arm-none-eabi/lib/thumb/v6-m/nofp\libcr_c.a(setvbuf.o)
 .debug_aranges
                0x00000c48       0x20 C:/nxp/MCUXpressoIDE_24.12.148/ide/plugins/com.nxp.mcuxpresso.tools.win32_24.12.0.202407110909/tools/bin/../lib/gcc/arm-none-eabi/13.2.1/../../../../arm-none-eabi/lib/thumb/v6-m/nofp\libcr_c.a(strlen.o)
 .debug_aranges
                0x00000c68       0x28 C:/nxp/MCUXpressoIDE_24.12.148/ide/plugins/com.nxp.mcuxpresso.tools.win32_24.12.0.202407110909/tools/bin/../lib/gcc/arm-none-eabi/13.2.1/../../../../arm-none-eabi/lib/thumb/v6-m/nofp\libcr_c.a(_deferredlazyseek.o)
 .debug_aranges
                0x00000c90       0x20 C:/nxp/MCUXpressoIDE_24.12.148/ide/plugins/com.nxp.mcuxpresso.tools.win32_24.12.0.202407110909/tools/bin/../lib/gcc/arm-none-eabi/13.2.1/../../../../arm-none-eabi/lib/thumb/v6-m/nofp\libcr_c.a(_fdopen.o)
 .debug_aranges
                0x00000cb0       0x20 C:/nxp/MCUXpressoIDE_24.12.148/ide/plugins/com.nxp.mcuxpresso.tools.win32_24.12.0.202407110909/tools/bin/../lib/gcc/arm-none-eabi/13.2.1/../../../../arm-none-eabi/lib/thumb/v6-m/nofp\libcr_c.a(_fflush.o)
 .debug_aranges
                0x00000cd0       0x20 C:/nxp/MCUXpressoIDE_24.12.148/ide/plugins/com.nxp.mcuxpresso.tools.win32_24.12.0.202407110909/tools/bin/../lib/gcc/arm-none-eabi/13.2.1/../../../../arm-none-eabi/lib/thumb/v6-m/nofp\libcr_c.a(_writebuf.o)
 .debug_aranges
                0x00000cf0       0x20 C:/nxp/MCUXpressoIDE_24.12.148/ide/plugins/com.nxp.mcuxpresso.tools.win32_24.12.0.202407110909/tools/bin/../lib/gcc/arm-none-eabi/13.2.1/../../../../arm-none-eabi/lib/thumb/v6-m/nofp\libcr_c.a(fclose.o)
 .debug_aranges
                0x00000d10       0x20 C:/nxp/MCUXpressoIDE_24.12.148/ide/plugins/com.nxp.mcuxpresso.tools.win32_24.12.0.202407110909/tools/bin/../lib/gcc/arm-none-eabi/13.2.1/../../../../arm-none-eabi/lib/thumb/v6-m/nofp\libcr_c.a(fflush.o)
 .debug_aranges
                0x00000d30       0x20 C:/nxp/MCUXpressoIDE_24.12.148/ide/plugins/com.nxp.mcuxpresso.tools.win32_24.12.0.202407110909/tools/bin/../lib/gcc/arm-none-eabi/13.2.1/../../../../arm-none-eabi/lib/thumb/v6-m/nofp\libcr_c.a(fseek.o)
 .debug_aranges
                0x00000d50       0x20 C:/nxp/MCUXpressoIDE_24.12.148/ide/plugins/com.nxp.mcuxpresso.tools.win32_24.12.0.202407110909/tools/bin/../lib/gcc/arm-none-eabi/13.2.1/../../../../arm-none-eabi/lib/thumb/v6-m/nofp\libcr_c.a(ftell.o)
 .debug_aranges
                0x00000d70       0x28 C:/nxp/MCUXpressoIDE_24.12.148/ide/plugins/com.nxp.mcuxpresso.tools.win32_24.12.0.202407110909/tools/bin/../lib/gcc/arm-none-eabi/13.2.1/../../../../arm-none-eabi/lib/thumb/v6-m/nofp\libcr_c.a(remove.o)
 .debug_aranges
                0x00000d98       0x20 C:/nxp/MCUXpressoIDE_24.12.148/ide/plugins/com.nxp.mcuxpresso.tools.win32_24.12.0.202407110909/tools/bin/../lib/gcc/arm-none-eabi/13.2.1/../../../../arm-none-eabi/lib/thumb/v6-m/nofp\libcr_c.a(_do_fflush.o)
 .debug_aranges
                0x00000db8       0x18 C:/nxp/MCUXpressoIDE_24.12.148/ide/plugins/com.nxp.mcuxpresso.tools.win32_24.12.0.202407110909/tools/bin/../lib/gcc/arm-none-eabi/13.2.1/../../../../arm-none-eabi/lib/thumb/v6-m/nofp\libcr_nohost_nf.a(__ciob.o)
 .debug_aranges
                0x00000dd0       0x20 C:/nxp/MCUXpressoIDE_24.12.148/ide/plugins/com.nxp.mcuxpresso.tools.win32_24.12.0.202407110909/tools/bin/../lib/gcc/arm-none-eabi/13.2.1/../../../../arm-none-eabi/lib/thumb/v6-m/nofp\libcr_nohost_nf.a(__sys_close.o)
 .debug_aranges
                0x00000df0       0x20 C:/nxp/MCUXpressoIDE_24.12.148/ide/plugins/com.nxp.mcuxpresso.tools.win32_24.12.0.202407110909/tools/bin/../lib/gcc/arm-none-eabi/13.2.1/../../../../arm-none-eabi/lib/thumb/v6-m/nofp\libcr_nohost_nf.a(__sys_flen.o)
 .debug_aranges
                0x00000e10       0x20 C:/nxp/MCUXpressoIDE_24.12.148/ide/plugins/com.nxp.mcuxpresso.tools.win32_24.12.0.202407110909/tools/bin/../lib/gcc/arm-none-eabi/13.2.1/../../../../arm-none-eabi/lib/thumb/v6-m/nofp\libcr_nohost_nf.a(__sys_istty.o)
 .debug_aranges
                0x00000e30       0x20 C:/nxp/MCUXpressoIDE_24.12.148/ide/plugins/com.nxp.mcuxpresso.tools.win32_24.12.0.202407110909/tools/bin/../lib/gcc/arm-none-eabi/13.2.1/../../../../arm-none-eabi/lib/thumb/v6-m/nofp\libcr_nohost_nf.a(__sys_remove.o)
 .debug_aranges
                0x00000e50       0x20 C:/nxp/MCUXpressoIDE_24.12.148/ide/plugins/com.nxp.mcuxpresso.tools.win32_24.12.0.202407110909/tools/bin/../lib/gcc/arm-none-eabi/13.2.1/../../../../arm-none-eabi/lib/thumb/v6-m/nofp\libcr_nohost_nf.a(__sys_seek.o)
 .debug_aranges
                0x00000e70       0x20 C:/nxp/MCUXpressoIDE_24.12.148/ide/plugins/com.nxp.mcuxpresso.tools.win32_24.12.0.202407110909/tools/bin/../lib/gcc/arm-none-eabi/13.2.1/../../../../arm-none-eabi/lib/thumb/v6-m/nofp\libcr_nohost_nf.a(__sys_tmpnam.o)
 .debug_aranges
                0x00000e90       0x20 C:/nxp/MCUXpressoIDE_24.12.148/ide/plugins/com.nxp.mcuxpresso.tools.win32_24.12.0.202407110909/tools/bin/../lib/gcc/arm-none-eabi/13.2.1/../../../../arm-none-eabi/lib/thumb/v6-m/nofp\libcr_nohost_nf.a(__sys_write.o)

.debug_ranges   0x00000000      0xcb8
 .debug_ranges  0x00000000       0x68 ./utilities/debug_console_lite/fsl_debug_console.o
 .debug_ranges  0x00000068       0x18 ./utilities/fsl_assert.o
 .debug_ranges  0x00000080      0x140 ./startup/startup_lpc51u68.o
 .debug_ranges  0x000001c0       0x10 ./source/MCP4822_FINAL_MAIN.o
 .debug_ranges  0x000001d0       0x38 ./source/i2c_func.o
 .debug_ranges  0x00000208       0x20 ./source/mcp4822.o
 .debug_ranges  0x00000228       0x10 ./source/semihost_hardfault.o
 .debug_ranges  0x00000238      0x1a0 ./drivers/fsl_clock.o
 .debug_ranges  0x000003d8       0x48 ./drivers/fsl_common_arm.o
 .debug_ranges  0x00000420       0x78 ./drivers/fsl_flexcomm.o
 .debug_ranges  0x00000498       0x28 ./drivers/fsl_gpio.o
 .debug_ranges  0x000004c0      0x1d8 ./drivers/fsl_i2c.o
 .debug_ranges  0x00000698       0x80 ./drivers/fsl_power.o
 .debug_ranges  0x00000718       0x20 ./drivers/fsl_reset.o
 .debug_ranges  0x00000738       0xf0 ./drivers/fsl_spi.o
 .debug_ranges  0x00000828       0xf8 ./drivers/fsl_usart.o
 .debug_ranges  0x00000920       0x58 ./device/system_LPC51U68.o
 .debug_ranges  0x00000978       0x48 ./component/uart/fsl_adapter_usart.o
 .debug_ranges  0x000009c0       0x10 ./board/board.o
 .debug_ranges  0x000009d0       0x38 ./board/clock_config.o
 .debug_ranges  0x00000a08       0x10 ./board/hardware_init.o
 .debug_ranges  0x00000a18       0x30 ./board/pin_mux.o
 .debug_ranges  0x00000a48       0x10 C:/nxp/MCUXpressoIDE_24.12.148/ide/plugins/com.nxp.mcuxpresso.tools.win32_24.12.0.202407110909/tools/bin/../lib/gcc/arm-none-eabi/13.2.1/../../../../arm-none-eabi/lib/thumb/v6-m/nofp\libcr_nohost_nf.a(_cr__main.o)
 .debug_ranges  0x00000a58       0x10 C:/nxp/MCUXpressoIDE_24.12.148/ide/plugins/com.nxp.mcuxpresso.tools.win32_24.12.0.202407110909/tools/bin/../lib/gcc/arm-none-eabi/13.2.1/../../../../arm-none-eabi/lib/thumb/v6-m/nofp\libcr_c.a(memcpy.o)
 .debug_ranges  0x00000a68       0x10 C:/nxp/MCUXpressoIDE_24.12.148/ide/plugins/com.nxp.mcuxpresso.tools.win32_24.12.0.202407110909/tools/bin/../lib/gcc/arm-none-eabi/13.2.1/../../../../arm-none-eabi/lib/thumb/v6-m/nofp\libcr_c.a(memset.o)
 .debug_ranges  0x00000a78       0x50 C:/nxp/MCUXpressoIDE_24.12.148/ide/plugins/com.nxp.mcuxpresso.tools.win32_24.12.0.202407110909/tools/bin/../lib/gcc/arm-none-eabi/13.2.1/../../../../arm-none-eabi/lib/thumb/v6-m/nofp\libcr_c.a(alloc.o)
 .debug_ranges  0x00000ac8       0x38 C:/nxp/MCUXpressoIDE_24.12.148/ide/plugins/com.nxp.mcuxpresso.tools.win32_24.12.0.202407110909/tools/bin/../lib/gcc/arm-none-eabi/13.2.1/../../../../arm-none-eabi/lib/thumb/v6-m/nofp\libcr_c.a(initio.o)
 .debug_ranges  0x00000b00       0x10 C:/nxp/MCUXpressoIDE_24.12.148/ide/plugins/com.nxp.mcuxpresso.tools.win32_24.12.0.202407110909/tools/bin/../lib/gcc/arm-none-eabi/13.2.1/../../../../arm-none-eabi/lib/thumb/v6-m/nofp\libcr_c.a(setvbuf.o)
 .debug_ranges  0x00000b10       0x28 C:/nxp/MCUXpressoIDE_24.12.148/ide/plugins/com.nxp.mcuxpresso.tools.win32_24.12.0.202407110909/tools/bin/../lib/gcc/arm-none-eabi/13.2.1/../../../../arm-none-eabi/lib/thumb/v6-m/nofp\libcr_c.a(strlen.o)
 .debug_ranges  0x00000b38       0x48 C:/nxp/MCUXpressoIDE_24.12.148/ide/plugins/com.nxp.mcuxpresso.tools.win32_24.12.0.202407110909/tools/bin/../lib/gcc/arm-none-eabi/13.2.1/../../../../arm-none-eabi/lib/thumb/v6-m/nofp\libcr_c.a(_deferredlazyseek.o)
 .debug_ranges  0x00000b80       0x10 C:/nxp/MCUXpressoIDE_24.12.148/ide/plugins/com.nxp.mcuxpresso.tools.win32_24.12.0.202407110909/tools/bin/../lib/gcc/arm-none-eabi/13.2.1/../../../../arm-none-eabi/lib/thumb/v6-m/nofp\libcr_c.a(_fdopen.o)
 .debug_ranges  0x00000b90       0x10 C:/nxp/MCUXpressoIDE_24.12.148/ide/plugins/com.nxp.mcuxpresso.tools.win32_24.12.0.202407110909/tools/bin/../lib/gcc/arm-none-eabi/13.2.1/../../../../arm-none-eabi/lib/thumb/v6-m/nofp\libcr_c.a(_fflush.o)
 .debug_ranges  0x00000ba0       0x10 C:/nxp/MCUXpressoIDE_24.12.148/ide/plugins/com.nxp.mcuxpresso.tools.win32_24.12.0.202407110909/tools/bin/../lib/gcc/arm-none-eabi/13.2.1/../../../../arm-none-eabi/lib/thumb/v6-m/nofp\libcr_c.a(_writebuf.o)
 .debug_ranges  0x00000bb0       0x10 C:/nxp/MCUXpressoIDE_24.12.148/ide/plugins/com.nxp.mcuxpresso.tools.win32_24.12.0.202407110909/tools/bin/../lib/gcc/arm-none-eabi/13.2.1/../../../../arm-none-eabi/lib/thumb/v6-m/nofp\libcr_c.a(fclose.o)
 .debug_ranges  0x00000bc0       0x28 C:/nxp/MCUXpressoIDE_24.12.148/ide/plugins/com.nxp.mcuxpresso.tools.win32_24.12.0.202407110909/tools/bin/../lib/gcc/arm-none-eabi/13.2.1/../../../../arm-none-eabi/lib/thumb/v6-m/nofp\libcr_c.a(fflush.o)
 .debug_ranges  0x00000be8       0x10 C:/nxp/MCUXpressoIDE_24.12.148/ide/plugins/com.nxp.mcuxpresso.tools.win32_24.12.0.202407110909/tools/bin/../lib/gcc/arm-none-eabi/13.2.1/../../../../arm-none-eabi/lib/thumb/v6-m/nofp\libcr_c.a(fseek.o)
 .debug_ranges  0x00000bf8       0x10 C:/nxp/MCUXpressoIDE_24.12.148/ide/plugins/com.nxp.mcuxpresso.tools.win32_24.12.0.202407110909/tools/bin/../lib/gcc/arm-none-eabi/13.2.1/../../../../arm-none-eabi/lib/thumb/v6-m/nofp\libcr_c.a(ftell.o)
 .debug_ranges  0x00000c08       0x18 C:/nxp/MCUXpressoIDE_24.12.148/ide/plugins/com.nxp.mcuxpresso.tools.win32_24.12.0.202407110909/tools/bin/../lib/gcc/arm-none-eabi/13.2.1/../../../../arm-none-eabi/lib/thumb/v6-m/nofp\libcr_c.a(remove.o)
 .debug_ranges  0x00000c20       0x28 C:/nxp/MCUXpressoIDE_24.12.148/ide/plugins/com.nxp.mcuxpresso.tools.win32_24.12.0.202407110909/tools/bin/../lib/gcc/arm-none-eabi/13.2.1/../../../../arm-none-eabi/lib/thumb/v6-m/nofp\libcr_c.a(_do_fflush.o)
 .debug_ranges  0x00000c48       0x10 C:/nxp/MCUXpressoIDE_24.12.148/ide/plugins/com.nxp.mcuxpresso.tools.win32_24.12.0.202407110909/tools/bin/../lib/gcc/arm-none-eabi/13.2.1/../../../../arm-none-eabi/lib/thumb/v6-m/nofp\libcr_nohost_nf.a(__sys_close.o)
 .debug_ranges  0x00000c58       0x10 C:/nxp/MCUXpressoIDE_24.12.148/ide/plugins/com.nxp.mcuxpresso.tools.win32_24.12.0.202407110909/tools/bin/../lib/gcc/arm-none-eabi/13.2.1/../../../../arm-none-eabi/lib/thumb/v6-m/nofp\libcr_nohost_nf.a(__sys_flen.o)
 .debug_ranges  0x00000c68       0x10 C:/nxp/MCUXpressoIDE_24.12.148/ide/plugins/com.nxp.mcuxpresso.tools.win32_24.12.0.202407110909/tools/bin/../lib/gcc/arm-none-eabi/13.2.1/../../../../arm-none-eabi/lib/thumb/v6-m/nofp\libcr_nohost_nf.a(__sys_istty.o)
 .debug_ranges  0x00000c78       0x10 C:/nxp/MCUXpressoIDE_24.12.148/ide/plugins/com.nxp.mcuxpresso.tools.win32_24.12.0.202407110909/tools/bin/../lib/gcc/arm-none-eabi/13.2.1/../../../../arm-none-eabi/lib/thumb/v6-m/nofp\libcr_nohost_nf.a(__sys_remove.o)
 .debug_ranges  0x00000c88       0x10 C:/nxp/MCUXpressoIDE_24.12.148/ide/plugins/com.nxp.mcuxpresso.tools.win32_24.12.0.202407110909/tools/bin/../lib/gcc/arm-none-eabi/13.2.1/../../../../arm-none-eabi/lib/thumb/v6-m/nofp\libcr_nohost_nf.a(__sys_seek.o)
 .debug_ranges  0x00000c98       0x10 C:/nxp/MCUXpressoIDE_24.12.148/ide/plugins/com.nxp.mcuxpresso.tools.win32_24.12.0.202407110909/tools/bin/../lib/gcc/arm-none-eabi/13.2.1/../../../../arm-none-eabi/lib/thumb/v6-m/nofp\libcr_nohost_nf.a(__sys_tmpnam.o)
 .debug_ranges  0x00000ca8       0x10 C:/nxp/MCUXpressoIDE_24.12.148/ide/plugins/com.nxp.mcuxpresso.tools.win32_24.12.0.202407110909/tools/bin/../lib/gcc/arm-none-eabi/13.2.1/../../../../arm-none-eabi/lib/thumb/v6-m/nofp\libcr_nohost_nf.a(__sys_write.o)

.debug_macro    0x00000000     0x3a9d
 .debug_macro   0x00000000      0x276 ./utilities/debug_console_lite/fsl_debug_console.o
 .debug_macro   0x00000276       0x16 ./utilities/debug_console_lite/fsl_debug_console.o
 .debug_macro   0x0000028c       0x10 ./utilities/debug_console_lite/fsl_debug_console.o
 .debug_macro   0x0000029c       0xc4 ./utilities/debug_console_lite/fsl_debug_console.o
 .debug_macro   0x00000360       0x16 ./utilities/debug_console_lite/fsl_debug_console.o
 .debug_macro   0x00000376       0x34 ./utilities/debug_console_lite/fsl_debug_console.o
 .debug_macro   0x000003aa       0x47 ./utilities/debug_console_lite/fsl_debug_console.o
 .debug_macro   0x000003f1      0x250 ./utilities/fsl_assert.o
 .debug_macro   0x00000641       0x1c ./utilities/fsl_assert.o
 .debug_macro   0x0000065d       0x22 ./utilities/fsl_assert.o
 .debug_macro   0x0000067f       0x1c ./utilities/fsl_assert.o
 .debug_macro   0x0000069b       0x3b ./startup/startup_lpc51u68.o
 .debug_macro   0x000006d6       0x34 ./startup/startup_lpc51u68.o
 .debug_macro   0x0000070a      0x2d7 ./source/MCP4822_FINAL_MAIN.o
 .debug_macro   0x000009e1       0x10 ./source/MCP4822_FINAL_MAIN.o
 .debug_macro   0x000009f1       0x46 ./source/MCP4822_FINAL_MAIN.o
 .debug_macro   0x00000a37       0x28 ./source/MCP4822_FINAL_MAIN.o
 .debug_macro   0x00000a5f       0x10 ./source/MCP4822_FINAL_MAIN.o
 .debug_macro   0x00000a6f      0x188 ./source/MCP4822_FINAL_MAIN.o
 .debug_macro   0x00000bf7       0x2e ./source/MCP4822_FINAL_MAIN.o
 .debug_macro   0x00000c25       0xd2 ./source/MCP4822_FINAL_MAIN.o
 .debug_macro   0x00000cf7       0x52 ./source/MCP4822_FINAL_MAIN.o
 .debug_macro   0x00000d49       0x3a ./source/MCP4822_FINAL_MAIN.o
 .debug_macro   0x00000d83      0x2b3 ./source/i2c_func.o
 .debug_macro   0x00001036       0xd8 ./source/i2c_func.o
 .debug_macro   0x0000110e       0x10 ./source/i2c_func.o
 .debug_macro   0x0000111e      0x278 ./source/mcp4822.o
 .debug_macro   0x00001396       0x1a ./source/semihost_hardfault.o
 .debug_macro   0x000013b0      0x2f2 ./drivers/fsl_clock.o
 .debug_macro   0x000016a2       0x22 ./drivers/fsl_clock.o
 .debug_macro   0x000016c4      0x235 ./drivers/fsl_common_arm.o
 .debug_macro   0x000018f9      0x23e ./drivers/fsl_flexcomm.o
 .debug_macro   0x00001b37      0x245 ./drivers/fsl_gpio.o
 .debug_macro   0x00001d7c      0x26d ./drivers/fsl_i2c.o
 .debug_macro   0x00001fe9       0x16 ./drivers/fsl_i2c.o
 .debug_macro   0x00001fff       0x1c ./drivers/fsl_i2c.o
 .debug_macro   0x0000201b       0x4c ./drivers/fsl_i2c.o
 .debug_macro   0x00002067      0x3d0 ./drivers/fsl_power.o
 .debug_macro   0x00002437      0x235 ./drivers/fsl_reset.o
 .debug_macro   0x0000266c      0x265 ./drivers/fsl_spi.o
 .debug_macro   0x000028d1      0x24d ./drivers/fsl_usart.o
 .debug_macro   0x00002b1e       0x1c ./drivers/fsl_usart.o
 .debug_macro   0x00002b3a      0x1d8 ./device/system_LPC51U68.o
 .debug_macro   0x00002d12      0x24a ./component/uart/fsl_adapter_usart.o
 .debug_macro   0x00002f5c       0x22 ./component/uart/fsl_adapter_usart.o
 .debug_macro   0x00002f7e      0x26d ./board/board.o
 .debug_macro   0x000031eb       0x2e ./board/board.o
 .debug_macro   0x00003219      0x255 ./board/clock_config.o
 .debug_macro   0x0000346e       0x1c ./board/clock_config.o
 .debug_macro   0x0000348a      0x25f ./board/hardware_init.o
 .debug_macro   0x000036e9       0xb2 ./board/hardware_init.o
 .debug_macro   0x0000379b      0x24a ./board/pin_mux.o
 .debug_macro   0x000039e5       0xb8 ./board/pin_mux.o

.debug_line     0x00000000     0xff6a
 .debug_line    0x00000000      0xc0f ./utilities/debug_console_lite/fsl_debug_console.o
 .debug_line    0x00000c0f      0x759 ./utilities/fsl_assert.o
 .debug_line    0x00001368      0x374 ./startup/startup_lpc51u68.o
 .debug_line    0x000016dc      0x80c ./source/MCP4822_FINAL_MAIN.o
 .debug_line    0x00001ee8      0x9f1 ./source/i2c_func.o
 .debug_line    0x000028d9      0x7b8 ./source/mcp4822.o
 .debug_line    0x00003091       0xb8 ./source/semihost_hardfault.o
 .debug_line    0x00003149     0x183b ./drivers/fsl_clock.o
 .debug_line    0x00004984      0x7a8 ./drivers/fsl_common_arm.o
 .debug_line    0x0000512c      0x8f5 ./drivers/fsl_flexcomm.o
 .debug_line    0x00005a21      0x70a ./drivers/fsl_gpio.o
 .debug_line    0x0000612b     0x16fa ./drivers/fsl_i2c.o
 .debug_line    0x00007825      0xa92 ./drivers/fsl_power.o
 .debug_line    0x000082b7      0x72f ./drivers/fsl_reset.o
 .debug_line    0x000089e6     0x11f4 ./drivers/fsl_spi.o
 .debug_line    0x00009bda     0x1338 ./drivers/fsl_usart.o
 .debug_line    0x0000af12      0x905 ./device/system_LPC51U68.o
 .debug_line    0x0000b817      0x897 ./component/uart/fsl_adapter_usart.o
 .debug_line    0x0000c0ae      0x75f ./board/board.o
 .debug_line    0x0000c80d      0x7b4 ./board/clock_config.o
 .debug_line    0x0000cfc1      0x6e5 ./board/hardware_init.o
 .debug_line    0x0000d6a6      0x7b5 ./board/pin_mux.o
 .debug_line    0x0000de5b       0xc9 C:/nxp/MCUXpressoIDE_24.12.148/ide/plugins/com.nxp.mcuxpresso.tools.win32_24.12.0.202407110909/tools/bin/../lib/gcc/arm-none-eabi/13.2.1/../../../../arm-none-eabi/lib/thumb/v6-m/nofp\libcr_nohost_nf.a(_cr__main.o)
 .debug_line    0x0000df24      0x112 C:/nxp/MCUXpressoIDE_24.12.148/ide/plugins/com.nxp.mcuxpresso.tools.win32_24.12.0.202407110909/tools/bin/../lib/gcc/arm-none-eabi/13.2.1/../../../../arm-none-eabi/lib/thumb/v6-m/nofp\libcr_c.a(memcpy.o)
 .debug_line    0x0000e036       0xba C:/nxp/MCUXpressoIDE_24.12.148/ide/plugins/com.nxp.mcuxpresso.tools.win32_24.12.0.202407110909/tools/bin/../lib/gcc/arm-none-eabi/13.2.1/../../../../arm-none-eabi/lib/thumb/v6-m/nofp\libcr_c.a(memset.o)
 .debug_line    0x0000e0f0      0x429 C:/nxp/MCUXpressoIDE_24.12.148/ide/plugins/com.nxp.mcuxpresso.tools.win32_24.12.0.202407110909/tools/bin/../lib/gcc/arm-none-eabi/13.2.1/../../../../arm-none-eabi/lib/thumb/v6-m/nofp\libcr_c.a(alloc.o)
 .debug_line    0x0000e519       0x86 C:/nxp/MCUXpressoIDE_24.12.148/ide/plugins/com.nxp.mcuxpresso.tools.win32_24.12.0.202407110909/tools/bin/../lib/gcc/arm-none-eabi/13.2.1/../../../../arm-none-eabi/lib/thumb/v6-m/nofp\libcr_c.a(errno.o)
 .debug_line    0x0000e59f      0x1b6 C:/nxp/MCUXpressoIDE_24.12.148/ide/plugins/com.nxp.mcuxpresso.tools.win32_24.12.0.202407110909/tools/bin/../lib/gcc/arm-none-eabi/13.2.1/../../../../arm-none-eabi/lib/thumb/v6-m/nofp\libcr_c.a(initio.o)
 .debug_line    0x0000e755      0x167 C:/nxp/MCUXpressoIDE_24.12.148/ide/plugins/com.nxp.mcuxpresso.tools.win32_24.12.0.202407110909/tools/bin/../lib/gcc/arm-none-eabi/13.2.1/../../../../arm-none-eabi/lib/thumb/v6-m/nofp\libcr_c.a(setvbuf.o)
 .debug_line    0x0000e8bc      0x15b C:/nxp/MCUXpressoIDE_24.12.148/ide/plugins/com.nxp.mcuxpresso.tools.win32_24.12.0.202407110909/tools/bin/../lib/gcc/arm-none-eabi/13.2.1/../../../../arm-none-eabi/lib/thumb/v6-m/nofp\libcr_c.a(strlen.o)
 .debug_line    0x0000ea17      0x36c C:/nxp/MCUXpressoIDE_24.12.148/ide/plugins/com.nxp.mcuxpresso.tools.win32_24.12.0.202407110909/tools/bin/../lib/gcc/arm-none-eabi/13.2.1/../../../../arm-none-eabi/lib/thumb/v6-m/nofp\libcr_c.a(_deferredlazyseek.o)
 .debug_line    0x0000ed83      0x1ab C:/nxp/MCUXpressoIDE_24.12.148/ide/plugins/com.nxp.mcuxpresso.tools.win32_24.12.0.202407110909/tools/bin/../lib/gcc/arm-none-eabi/13.2.1/../../../../arm-none-eabi/lib/thumb/v6-m/nofp\libcr_c.a(_fdopen.o)
 .debug_line    0x0000ef2e      0x197 C:/nxp/MCUXpressoIDE_24.12.148/ide/plugins/com.nxp.mcuxpresso.tools.win32_24.12.0.202407110909/tools/bin/../lib/gcc/arm-none-eabi/13.2.1/../../../../arm-none-eabi/lib/thumb/v6-m/nofp\libcr_c.a(_fflush.o)
 .debug_line    0x0000f0c5      0x1ae C:/nxp/MCUXpressoIDE_24.12.148/ide/plugins/com.nxp.mcuxpresso.tools.win32_24.12.0.202407110909/tools/bin/../lib/gcc/arm-none-eabi/13.2.1/../../../../arm-none-eabi/lib/thumb/v6-m/nofp\libcr_c.a(_writebuf.o)
 .debug_line    0x0000f273      0x17f C:/nxp/MCUXpressoIDE_24.12.148/ide/plugins/com.nxp.mcuxpresso.tools.win32_24.12.0.202407110909/tools/bin/../lib/gcc/arm-none-eabi/13.2.1/../../../../arm-none-eabi/lib/thumb/v6-m/nofp\libcr_c.a(fclose.o)
 .debug_line    0x0000f3f2      0x153 C:/nxp/MCUXpressoIDE_24.12.148/ide/plugins/com.nxp.mcuxpresso.tools.win32_24.12.0.202407110909/tools/bin/../lib/gcc/arm-none-eabi/13.2.1/../../../../arm-none-eabi/lib/thumb/v6-m/nofp\libcr_c.a(fflush.o)
 .debug_line    0x0000f545      0x2ab C:/nxp/MCUXpressoIDE_24.12.148/ide/plugins/com.nxp.mcuxpresso.tools.win32_24.12.0.202407110909/tools/bin/../lib/gcc/arm-none-eabi/13.2.1/../../../../arm-none-eabi/lib/thumb/v6-m/nofp\libcr_c.a(fseek.o)
 .debug_line    0x0000f7f0      0x180 C:/nxp/MCUXpressoIDE_24.12.148/ide/plugins/com.nxp.mcuxpresso.tools.win32_24.12.0.202407110909/tools/bin/../lib/gcc/arm-none-eabi/13.2.1/../../../../arm-none-eabi/lib/thumb/v6-m/nofp\libcr_c.a(ftell.o)
 .debug_line    0x0000f970      0x15a C:/nxp/MCUXpressoIDE_24.12.148/ide/plugins/com.nxp.mcuxpresso.tools.win32_24.12.0.202407110909/tools/bin/../lib/gcc/arm-none-eabi/13.2.1/../../../../arm-none-eabi/lib/thumb/v6-m/nofp\libcr_c.a(remove.o)
 .debug_line    0x0000faca      0x170 C:/nxp/MCUXpressoIDE_24.12.148/ide/plugins/com.nxp.mcuxpresso.tools.win32_24.12.0.202407110909/tools/bin/../lib/gcc/arm-none-eabi/13.2.1/../../../../arm-none-eabi/lib/thumb/v6-m/nofp\libcr_c.a(_do_fflush.o)
 .debug_line    0x0000fc3a       0xea C:/nxp/MCUXpressoIDE_24.12.148/ide/plugins/com.nxp.mcuxpresso.tools.win32_24.12.0.202407110909/tools/bin/../lib/gcc/arm-none-eabi/13.2.1/../../../../arm-none-eabi/lib/thumb/v6-m/nofp\libcr_nohost_nf.a(__ciob.o)
 .debug_line    0x0000fd24       0x54 C:/nxp/MCUXpressoIDE_24.12.148/ide/plugins/com.nxp.mcuxpresso.tools.win32_24.12.0.202407110909/tools/bin/../lib/gcc/arm-none-eabi/13.2.1/../../../../arm-none-eabi/lib/thumb/v6-m/nofp\libcr_nohost_nf.a(__sys_close.o)
 .debug_line    0x0000fd78       0x53 C:/nxp/MCUXpressoIDE_24.12.148/ide/plugins/com.nxp.mcuxpresso.tools.win32_24.12.0.202407110909/tools/bin/../lib/gcc/arm-none-eabi/13.2.1/../../../../arm-none-eabi/lib/thumb/v6-m/nofp\libcr_nohost_nf.a(__sys_flen.o)
 .debug_line    0x0000fdcb       0x54 C:/nxp/MCUXpressoIDE_24.12.148/ide/plugins/com.nxp.mcuxpresso.tools.win32_24.12.0.202407110909/tools/bin/../lib/gcc/arm-none-eabi/13.2.1/../../../../arm-none-eabi/lib/thumb/v6-m/nofp\libcr_nohost_nf.a(__sys_istty.o)
 .debug_line    0x0000fe1f       0x55 C:/nxp/MCUXpressoIDE_24.12.148/ide/plugins/com.nxp.mcuxpresso.tools.win32_24.12.0.202407110909/tools/bin/../lib/gcc/arm-none-eabi/13.2.1/../../../../arm-none-eabi/lib/thumb/v6-m/nofp\libcr_nohost_nf.a(__sys_remove.o)
 .debug_line    0x0000fe74       0x53 C:/nxp/MCUXpressoIDE_24.12.148/ide/plugins/com.nxp.mcuxpresso.tools.win32_24.12.0.202407110909/tools/bin/../lib/gcc/arm-none-eabi/13.2.1/../../../../arm-none-eabi/lib/thumb/v6-m/nofp\libcr_nohost_nf.a(__sys_seek.o)
 .debug_line    0x0000fec7       0x55 C:/nxp/MCUXpressoIDE_24.12.148/ide/plugins/com.nxp.mcuxpresso.tools.win32_24.12.0.202407110909/tools/bin/../lib/gcc/arm-none-eabi/13.2.1/../../../../arm-none-eabi/lib/thumb/v6-m/nofp\libcr_nohost_nf.a(__sys_tmpnam.o)
 .debug_line    0x0000ff1c       0x4e C:/nxp/MCUXpressoIDE_24.12.148/ide/plugins/com.nxp.mcuxpresso.tools.win32_24.12.0.202407110909/tools/bin/../lib/gcc/arm-none-eabi/13.2.1/../../../../arm-none-eabi/lib/thumb/v6-m/nofp\libcr_nohost_nf.a(__sys_write.o)

.debug_str      0x00000000    0x46fb8
 .debug_str     0x00000000    0x46fb8 ./utilities/debug_console_lite/fsl_debug_console.o
                              0x3d9a8 (size before relaxing)
 .debug_str     0x00046fb8    0x3c0a6 ./utilities/fsl_assert.o
 .debug_str     0x00046fb8     0x3461 ./startup/startup_lpc51u68.o
 .debug_str     0x00046fb8    0x3dbe0 ./source/MCP4822_FINAL_MAIN.o
 .debug_str     0x00046fb8    0x3e2a2 ./source/i2c_func.o
 .debug_str     0x00046fb8    0x3c92c ./source/mcp4822.o
 .debug_str     0x00046fb8     0x2f3c ./source/semihost_hardfault.o
 .debug_str     0x00046fb8    0x3ed3f ./drivers/fsl_clock.o
 .debug_str     0x00046fb8    0x3c71d ./drivers/fsl_common_arm.o
 .debug_str     0x00046fb8    0x3dabd ./drivers/fsl_flexcomm.o
 .debug_str     0x00046fb8    0x3d650 ./drivers/fsl_gpio.o
 .debug_str     0x00046fb8    0x3e3e7 ./drivers/fsl_i2c.o
 .debug_str     0x00046fb8    0x3d832 ./drivers/fsl_power.o
 .debug_str     0x00046fb8    0x3c68f ./drivers/fsl_reset.o
 .debug_str     0x00046fb8    0x3dda6 ./drivers/fsl_spi.o
 .debug_str     0x00046fb8    0x3dd35 ./drivers/fsl_usart.o
 .debug_str     0x00046fb8    0x3a52e ./device/system_LPC51U68.o
 .debug_str     0x00046fb8    0x3d63e ./component/uart/fsl_adapter_usart.o
 .debug_str     0x00046fb8    0x3e2d2 ./board/board.o
 .debug_str     0x00046fb8    0x3d100 ./board/clock_config.o
 .debug_str     0x00046fb8    0x3d81e ./board/hardware_init.o
 .debug_str     0x00046fb8    0x3cf25 ./board/pin_mux.o
 .debug_str     0x00046fb8      0x16a C:/nxp/MCUXpressoIDE_24.12.148/ide/plugins/com.nxp.mcuxpresso.tools.win32_24.12.0.202407110909/tools/bin/../lib/gcc/arm-none-eabi/13.2.1/../../../../arm-none-eabi/lib/thumb/v6-m/nofp\libcr_nohost_nf.a(_cr__main.o)
 .debug_str     0x00046fb8      0x1b8 C:/nxp/MCUXpressoIDE_24.12.148/ide/plugins/com.nxp.mcuxpresso.tools.win32_24.12.0.202407110909/tools/bin/../lib/gcc/arm-none-eabi/13.2.1/../../../../arm-none-eabi/lib/thumb/v6-m/nofp\libcr_c.a(memcpy.o)
 .debug_str     0x00046fb8      0x181 C:/nxp/MCUXpressoIDE_24.12.148/ide/plugins/com.nxp.mcuxpresso.tools.win32_24.12.0.202407110909/tools/bin/../lib/gcc/arm-none-eabi/13.2.1/../../../../arm-none-eabi/lib/thumb/v6-m/nofp\libcr_c.a(memset.o)
 .debug_str     0x00046fb8      0x234 C:/nxp/MCUXpressoIDE_24.12.148/ide/plugins/com.nxp.mcuxpresso.tools.win32_24.12.0.202407110909/tools/bin/../lib/gcc/arm-none-eabi/13.2.1/../../../../arm-none-eabi/lib/thumb/v6-m/nofp\libcr_c.a(alloc.o)
 .debug_str     0x00046fb8      0x115 C:/nxp/MCUXpressoIDE_24.12.148/ide/plugins/com.nxp.mcuxpresso.tools.win32_24.12.0.202407110909/tools/bin/../lib/gcc/arm-none-eabi/13.2.1/../../../../arm-none-eabi/lib/thumb/v6-m/nofp\libcr_c.a(errno.o)
 .debug_str     0x00046fb8      0x23e C:/nxp/MCUXpressoIDE_24.12.148/ide/plugins/com.nxp.mcuxpresso.tools.win32_24.12.0.202407110909/tools/bin/../lib/gcc/arm-none-eabi/13.2.1/../../../../arm-none-eabi/lib/thumb/v6-m/nofp\libcr_c.a(initio.o)
 .debug_str     0x00046fb8      0x234 C:/nxp/MCUXpressoIDE_24.12.148/ide/plugins/com.nxp.mcuxpresso.tools.win32_24.12.0.202407110909/tools/bin/../lib/gcc/arm-none-eabi/13.2.1/../../../../arm-none-eabi/lib/thumb/v6-m/nofp\libcr_c.a(setvbuf.o)
 .debug_str     0x00046fb8      0x17b C:/nxp/MCUXpressoIDE_24.12.148/ide/plugins/com.nxp.mcuxpresso.tools.win32_24.12.0.202407110909/tools/bin/../lib/gcc/arm-none-eabi/13.2.1/../../../../arm-none-eabi/lib/thumb/v6-m/nofp\libcr_c.a(strlen.o)
 .debug_str     0x00046fb8      0x278 C:/nxp/MCUXpressoIDE_24.12.148/ide/plugins/com.nxp.mcuxpresso.tools.win32_24.12.0.202407110909/tools/bin/../lib/gcc/arm-none-eabi/13.2.1/../../../../arm-none-eabi/lib/thumb/v6-m/nofp\libcr_c.a(_deferredlazyseek.o)