Archive member included to satisfy reference by file (symbol)

C:/nxp/MCUXpressoIDE_24.12.148/ide/plugins/com.nxp.mcuxpresso.tools.win32_24.12.0.202407110909/tools/bin/../lib/gcc/arm-none-eabi/13.2.1/../../../../arm-none-eabi/lib/thumb/v6-m/nofp\libcr_nohost_nf.a(_cr__main.o)
                              ./startup/startup_lpc51u68.o (__main)
C:/nxp/MCUXpressoIDE_24.12.148/ide/plugins/com.nxp.mcuxpresso.tools.win32_24.12.0.202407110909/tools/bin/../lib/gcc/arm-none-eabi/13.2.1/../../../../arm-none-eabi/lib/thumb/v6-m/nofp\libcr_c.a(memcpy.o)
                              ./utilities/str/fsl_str.o (memcpy)
C:/nxp/MCUXpressoIDE_24.12.148/ide/plugins/com.nxp.mcuxpresso.tools.win32_24.12.0.202407110909/tools/bin/../lib/gcc/arm-none-eabi/13.2.1/../../../../arm-none-eabi/lib/thumb/v6-m/nofp\libcr_c.a(memset.o)
                              ./drivers/fsl_i2c.o (memset)
C:/nxp/MCUXpressoIDE_24.12.148/ide/plugins/com.nxp.mcuxpresso.tools.win32_24.12.0.202407110909/tools/bin/../lib/gcc/arm-none-eabi/13.2.1/../../../../arm-none-eabi/lib/thumb/v6-m/nofp\libcr_c.a(alloc.o)
                              ./drivers/fsl_common.o (malloc)
C:/nxp/MCUXpressoIDE_24.12.148/ide/plugins/com.nxp.mcuxpresso.tools.win32_24.12.0.202407110909/tools/bin/../lib/gcc/arm-none-eabi/13.2.1/../../../../arm-none-eabi/lib/thumb/v6-m/nofp\libcr_c.a(errno.o)
                              ./utilities/str/fsl_str.o (errno)
C:/nxp/MCUXpressoIDE_24.12.148/ide/plugins/com.nxp.mcuxpresso.tools.win32_24.12.0.202407110909/tools/bin/../lib/gcc/arm-none-eabi/13.2.1/../../../../arm-none-eabi/lib/thumb/v6-m/nofp\libcr_c.a(initio.o)
                              C:/nxp/MCUXpressoIDE_24.12.148/ide/plugins/com.nxp.mcuxpresso.tools.win32_24.12.0.202407110909/tools/bin/../lib/gcc/arm-none-eabi/13.2.1/../../../../arm-none-eabi/lib/thumb/v6-m/nofp\libcr_nohost_nf.a(_cr__main.o) (_initio)
C:/nxp/MCUXpressoIDE_24.12.148/ide/plugins/com.nxp.mcuxpresso.tools.win32_24.12.0.202407110909/tools/bin/../lib/gcc/arm-none-eabi/13.2.1/../../../../arm-none-eabi/lib/thumb/v6-m/nofp\libcr_c.a(scanf.o)
                              ./utilities/str/fsl_str.o (strtoul)
C:/nxp/MCUXpressoIDE_24.12.148/ide/plugins/com.nxp.mcuxpresso.tools.win32_24.12.0.202407110909/tools/bin/../lib/gcc/arm-none-eabi/13.2.1/../../../../arm-none-eabi/lib/thumb/v6-m/nofp\libcr_c.a(setvbuf.o)
                              C:/nxp/MCUXpressoIDE_24.12.148/ide/plugins/com.nxp.mcuxpresso.tools.win32_24.12.0.202407110909/tools/bin/../lib/gcc/arm-none-eabi/13.2.1/../../../../arm-none-eabi/lib/thumb/v6-m/nofp\libcr_c.a(initio.o) (setvbuf)
C:/nxp/MCUXpressoIDE_24.12.148/ide/plugins/com.nxp.mcuxpresso.tools.win32_24.12.0.202407110909/tools/bin/../lib/gcc/arm-none-eabi/13.2.1/../../../../arm-none-eabi/lib/thumb/v6-m/nofp\libcr_c.a(strlen.o)
                              ./utilities/str/fsl_str.o (strlen)
C:/nxp/MCUXpressoIDE_24.12.148/ide/plugins/com.nxp.mcuxpresso.tools.win32_24.12.0.202407110909/tools/bin/../lib/gcc/arm-none-eabi/13.2.1/../../../../arm-none-eabi/lib/thumb/v6-m/nofp\libcr_c.a(ungetc.o)
                              C:/nxp/MCUXpressoIDE_24.12.148/ide/plugins/com.nxp.mcuxpresso.tools.win32_24.12.0.202407110909/tools/bin/../lib/gcc/arm-none-eabi/13.2.1/../../../../arm-none-eabi/lib/thumb/v6-m/nofp\libcr_c.a(scanf.o) (ungetc)
C:/nxp/MCUXpressoIDE_24.12.148/ide/plugins/com.nxp.mcuxpresso.tools.win32_24.12.0.202407110909/tools/bin/../lib/gcc/arm-none-eabi/13.2.1/../../../../arm-none-eabi/lib/thumb/v6-m/nofp\libcr_c.a(__fillbuf.o)
                              C:/nxp/MCUXpressoIDE_24.12.148/ide/plugins/com.nxp.mcuxpresso.tools.win32_24.12.0.202407110909/tools/bin/../lib/gcc/arm-none-eabi/13.2.1/../../../../arm-none-eabi/lib/thumb/v6-m/nofp\libcr_c.a(scanf.o) (__filbuf)
C:/nxp/MCUXpressoIDE_24.12.148/ide/plugins/com.nxp.mcuxpresso.tools.win32_24.12.0.202407110909/tools/bin/../lib/gcc/arm-none-eabi/13.2.1/../../../../arm-none-eabi/lib/thumb/v6-m/nofp\libcr_c.a(__init_alloc.o)
                              C:/nxp/MCUXpressoIDE_24.12.148/ide/plugins/com.nxp.mcuxpresso.tools.win32_24.12.0.202407110909/tools/bin/../lib/gcc/arm-none-eabi/13.2.1/../../../../arm-none-eabi/lib/thumb/v6-m/nofp\libcr_c.a(alloc.o) (__heaps)
C:/nxp/MCUXpressoIDE_24.12.148/ide/plugins/com.nxp.mcuxpresso.tools.win32_24.12.0.202407110909/tools/bin/../lib/gcc/arm-none-eabi/13.2.1/../../../../arm-none-eabi/lib/thumb/v6-m/nofp\libcr_c.a(_cr_sbrk.o)
                              C:/nxp/MCUXpressoIDE_24.12.148/ide/plugins/com.nxp.mcuxpresso.tools.win32_24.12.0.202407110909/tools/bin/../lib/gcc/arm-none-eabi/13.2.1/../../../../arm-none-eabi/lib/thumb/v6-m/nofp\libcr_c.a(alloc.o) (_sbrk)
C:/nxp/MCUXpressoIDE_24.12.148/ide/plugins/com.nxp.mcuxpresso.tools.win32_24.12.0.202407110909/tools/bin/../lib/gcc/arm-none-eabi/13.2.1/../../../../arm-none-eabi/lib/thumb/v6-m/nofp\libcr_c.a(_deferredlazyseek.o)
[...]
Memory Configuration

Name             Origin             Length             Attributes
PROGRAM_FLASH    0x00000000         0x00040000         xr
SRAM0            0x20000000         0x00010000         xrw
SRAMX            0x04000000         0x00008000         xrw
*default*        0x00000000         0xffffffff

Linker script and memory map

LOAD ./utilities/str/fsl_str.o
LOAD ./utilities/debug_console_lite/fsl_debug_console.o
LOAD ./utilities/fsl_assert.o
LOAD ./startup/startup_lpc51u68.o
LOAD ./source/MCP4822_FINAL_MAIN.o
LOAD ./source/i2c_func.o
LOAD ./source/mcp4822.o
LOAD ./source/semihost_hardfault.o
LOAD ./drivers/fsl_clock.o
LOAD ./drivers/fsl_common.o
LOAD ./drivers/fsl_common_arm.o
LOAD ./drivers/fsl_flexcomm.o
LOAD ./drivers/fsl_gpio.o
LOAD ./drivers/fsl_i2c.o
LOAD ./drivers/fsl_inputmux.o
LOAD ./drivers/fsl_power.o
LOAD ./drivers/fsl_reset.o
LOAD ./drivers/fsl_spi.o
LOAD ./drivers/fsl_usart.o
LOAD ./device/system_LPC51U68.o
LOAD ./component/uart/fsl_adapter_usart.o
LOAD ./board/board.o
LOAD ./board/clock_config.o
LOAD ./board/hardware_init.o
LOAD ./board/pin_mux.o
START GROUP
LOAD C:/nxp/MCUXpressoIDE_24.12.148/ide/plugins/com.nxp.mcuxpresso.tools.win32_24.12.0.202407110909/tools/bin/../lib/gcc/arm-none-eabi/13.2.1/../../../../arm-none-eabi/lib/thumb/v6-m/nofp\libcr_nohost_nf.a
LOAD C:/nxp/MCUXpressoIDE_24.12.148/ide/plugins/com.nxp.mcuxpresso.tools.win32_24.12.0.202407110909/tools/bin/../lib/gcc/arm-none-eabi/13.2.1/../../../../arm-none-eabi/lib/thumb/v6-m/nofp\libcr_c.a
LOAD C:/nxp/MCUXpressoIDE_24.12.148/ide/plugins/com.nxp.mcuxpresso.tools.win32_24.12.0.202407110909/tools/bin/../lib/gcc/arm-none-eabi/13.2.1/thumb/v6-m/nofp\libcr_eabihelpers.a
LOAD C:/nxp/MCUXpressoIDE_24.12.148/ide/plugins/com.nxp.mcuxpresso.tools.win32_24.12.0.202407110909/tools/bin/../lib/gcc/arm-none-eabi/13.2.1/thumb/v6-m/nofp\libgcc.a
END GROUP
                0x00000000                        __base_PROGRAM_FLASH = 0x0
                0x00000000                        __base_Flash = 0x0
                0x00040000                        __top_PROGRAM_FLASH = 0x40000
                0x00040000                        __top_Flash = 0x40000
                0x20000000                        __base_SRAM0 = 0x20000000
                0x20000000                        __base_RAM = 0x20000000
                0x20010000                        __top_SRAM0 = 0x20010000
                0x20010000                        __top_RAM = 0x20010000
                0x04000000                        __base_SRAMX = 0x4000000
                0x04000000                        __base_RAM2 = 0x4000000
                0x04008000                        __top_SRAMX = 0x4008000
                0x04008000                        __top_RAM2 = 0x4008000

.text           0x00000000     0x5c30
 FILL mask 0xff
                0x00000000                        __vectors_start__ = ABSOLUTE (.)
 *(SORT_BY_ALIGNMENT(.isr_vector))
 .isr_vector    0x00000000       0xb8 ./startup/startup_lpc51u68.o
                0x00000000                g_pfnVectors
                0x00000000                __Vectors
                0x000000b8                        . = ALIGN (0x4)
                0x000000b8                        __section_table_start = .
                0x000000b8                        __data_section_table = .
                0x000000b8        0x4 LONG 0x5c30 LOADADDR (.data)
                0x000000bc        0x4 LONG 0x20000000 ADDR (.data)
                0x000000c0        0x4 LONG 0x24 SIZEOF (.data)
                0x000000c4        0x4 LONG 0x5c30 LOADADDR (.data_RAM2)
                0x000000c8        0x4 LONG 0x4000000 ADDR (.data_RAM2)
                0x000000cc        0x4 LONG 0x0 SIZEOF (.data_RAM2)
                0x000000d0                        __data_section_table_end = .
                0x000000d0                        __bss_section_table = .
                0x000000d0        0x4 LONG 0x20000024 ADDR (.bss)
                0x000000d4        0x4 LONG 0x140 SIZEOF (.bss)
                0x000000d8        0x4 LONG 0x4000000 ADDR (.bss_RAM2)
                0x000000dc        0x4 LONG 0x0 SIZEOF (.bss_RAM2)
                0x000000e0                        __bss_section_table_end = .
                0x000000e0                        __section_table_end = .
 *(SORT_BY_ALIGNMENT(.after_vectors*))
 .after_vectors.reset
                0x000000e0       0x54 ./startup/startup_lpc51u68.o
                0x000000e0                ResetISR
 .after_vectors.init_data
                0x00000134       0x12 ./startup/startup_lpc51u68.o
                0x00000134                data_init
 .after_vectors.init_bss
                0x00000146       0x10 ./startup/startup_lpc51u68.o
                0x00000146                bss_init
 .after_vectors
                0x00000156       0xfc ./startup/startup_lpc51u68.o
                0x00000156                NMI_Handler
                0x0000015a                SVC_Handler
                0x0000015c                PendSV_Handler
                0x0000015e                SysTick_Handler
                0x00000160                DMA0_DriverIRQHandler
                0x00000160                CTIMER3_DriverIRQHandler
                0x00000160                PIN_INT1_DriverIRQHandler
                0x00000160                RTC_DriverIRQHandler
                0x00000160                SCT0_DriverIRQHandler
                0x00000160                Reserved42_DriverIRQHandler
                0x00000160                WDT_BOD_DriverIRQHandler
                0x00000160                PIN_INT3_DriverIRQHandler
                0x00000160                PIN_INT2_DriverIRQHandler
                0x00000160                CTIMER1_DriverIRQHandler
                0x00000160                PIN_INT0_DriverIRQHandler
                0x00000160                CTIMER0_DriverIRQHandler
                0x00000160                ADC0_SEQB_DriverIRQHandler
                0x00000160                IntDefaultHandler
                0x00000160                USB0_DriverIRQHandler
                0x00000160                GINT0_DriverIRQHandler
                0x00000160                MRT0_DriverIRQHandler
                0x00000160                UTICK0_DriverIRQHandler
                0x00000160                Reserved41_DriverIRQHandler
                0x00000160                ADC0_THCMP_DriverIRQHandler
                0x00000160                GINT1_DriverIRQHandler
                0x00000160                USB0_NEEDCLK_DriverIRQHandler
                0x00000160                ADC0_SEQA_DriverIRQHandler
                0x00000162                WDT_BOD_IRQHandler
                0x0000016a                DMA0_IRQHandler
                0x00000172                GINT0_IRQHandler
                0x0000017a                GINT1_IRQHandler
                0x00000182                PIN_INT0_IRQHandler
                0x0000018a                PIN_INT1_IRQHandler
                0x00000192                PIN_INT2_IRQHandler
                0x0000019a                PIN_INT3_IRQHandler
                0x000001a2                UTICK0_IRQHandler
                0x000001aa                MRT0_IRQHandler
                0x000001b2                CTIMER0_IRQHandler
                0x000001ba                CTIMER1_IRQHandler
                0x000001c2                SCT0_IRQHandler
                0x000001ca                CTIMER3_IRQHandler
                0x000001d2                FLEXCOMM0_IRQHandler
                0x000001da                FLEXCOMM1_IRQHandler
                0x000001e2                FLEXCOMM2_IRQHandler
                0x000001ea                FLEXCOMM3_IRQHandler
                0x000001f2                FLEXCOMM4_IRQHandler
                0x000001fa                FLEXCOMM5_IRQHandler
                0x00000202                FLEXCOMM6_IRQHandler
                0x0000020a                FLEXCOMM7_IRQHandler
                0x00000212                ADC0_SEQA_IRQHandler
                0x0000021a                ADC0_SEQB_IRQHandler
                0x00000222                ADC0_THCMP_IRQHandler
                0x0000022a                Reserved41_IRQHandler
                0x00000232                Reserved42_IRQHandler
                0x0000023a                USB0_NEEDCLK_IRQHandler
                0x00000242                USB0_IRQHandler
                0x0000024a                RTC_IRQHandler
                0x000002fc                        . = 0x2fc
 *fill*         0x00000252       0xaa ff
                0x000002fc                        PROVIDE (__CRP_WORD_START__ = .)
 *(SORT_BY_ALIGNMENT(.crp))
 .crp           0x000002fc        0x4 ./startup/startup_lpc51u68.o
                0x000002fc                CRP_WORD
                0x00000300                        PROVIDE (__CRP_WORD_END__ = .)
                0x00000001                        ASSERT (! ((__CRP_WORD_START__ == __CRP_WORD_END__)), Linker CRP Enabled, but no CRP_WORD provided within application)
 *(SORT_BY_ALIGNMENT(.text*))
 .text.DbgConsole_Init
                0x00000300       0xa8 ./utilities/debug_console_lite/fsl_debug_console.o
                0x00000300                DbgConsole_Init
 .text.DbgConsole_Vprintf
                0x000003a8       0x40 ./utilities/debug_console_lite/fsl_debug_console.o
                0x000003a8                DbgConsole_Vprintf
 .text.DbgConsole_Putchar
                0x000003e8       0x30 ./utilities/debug_console_lite/fsl_debug_console.o
                0x000003e8                DbgConsole_Putchar
 .text.__assertion_failed
                0x00000418       0x34 ./utilities/fsl_assert.o
                0x00000418                __assertion_failed
 .text.main     0x0000044c       0xb0 ./source/MCP4822_FINAL_MAIN.o
                0x0000044c                main
 .text.i2c_write
                0x000004fc       0xec ./source/i2c_func.o
                0x000004fc                i2c_write
 .text.i2c_write_main
                0x000005e8       0xe4 ./source/i2c_func.o
                0x000005e8                i2c_write_main
 .text.i2c_adc_config
                0x000006cc       0x98 ./source/i2c_func.o
                0x000006cc                i2c_adc_config
 .text.i2c_adc_read
                0x00000764       0x68 ./source/i2c_func.o
                0x00000764                i2c_adc_read
 .text.convert_adc
                0x000007cc       0xb4 ./source/i2c_func.o
                0x000007cc                convert_adc
 .text.read_dac
                0x00000880       0x9c ./source/i2c_func.o
                0x00000880                read_dac
 .text.read_temp
                0x0000091c      0x114 ./source/i2c_func.o
                0x0000091c                read_temp
 .text.i2c_run  0x00000a30       0xd0 ./source/i2c_func.o
                0x00000a30                i2c_run
 .text.MCP4822_BuildCommand
                0x00000b00       0xd0 ./source/mcp4822.o
                0x00000b00                MCP4822_BuildCommand
 .text.MCP4822_Write
                0x00000bd0       0x58 ./source/mcp4822.o
                0x00000bd0                MCP4822_Write
 .text.HardFault_Handler
                0x00000c28       0x38 ./source/semihost_hardfault.o
                0x00000c28                HardFault_Handler
 .text.CLOCK_SetFLASHAccessCycles
                0x00000c60       0x3c ./drivers/fsl_clock.o
 .text.CLOCK_GetAsyncApbClkSrc
                0x00000c9c       0x1c ./drivers/fsl_clock.o
 .text.CLOCK_IsSystemPLLLocked
                0x00000cb8       0x20 ./drivers/fsl_clock.o
 .text.CLOCK_AttachClk
                0x00000cd8       0xac ./drivers/fsl_clock.o
                0x00000cd8                CLOCK_AttachClk
 .text.CLOCK_SetClkDiv
                0x00000d84       0x68 ./drivers/fsl_clock.o
                0x00000d84                CLOCK_SetClkDiv
 .text.CLOCK_SetupFROClocking
                0x00000dec       0xd8 ./drivers/fsl_clock.o
                0x00000dec                CLOCK_SetupFROClocking
 .text.CLOCK_GetClockOutClkFreq
                0x00000ec4       0x94 ./drivers/fsl_clock.o
                0x00000ec4                CLOCK_GetClockOutClkFreq
 .text.CLOCK_GetFro12MFreq
                0x00000f58       0x24 ./drivers/fsl_clock.o
                0x00000f58                CLOCK_GetFro12MFreq
 .text.CLOCK_GetWdtOscFreq
                0x00000f7c       0x78 ./drivers/fsl_clock.o
                0x00000f7c                CLOCK_GetWdtOscFreq
 .text.CLOCK_GetFroHfFreq
                0x00000ff4       0x54 ./drivers/fsl_clock.o
                0x00000ff4                CLOCK_GetFroHfFreq
 .text.CLOCK_GetPllOutFreq
                0x00001048       0x14 ./drivers/fsl_clock.o
                0x00001048                CLOCK_GetPllOutFreq
 .text.CLOCK_GetI2SMClkFreq
                0x0000105c       0x14 ./drivers/fsl_clock.o
                0x0000105c                CLOCK_GetI2SMClkFreq
 .text.CLOCK_GetAsyncApbClkFreq
                0x00001070       0x44 ./drivers/fsl_clock.o
                0x00001070                CLOCK_GetAsyncApbClkFreq
 .text.CLOCK_GetFreq
                0x000010b4      0x108 ./drivers/fsl_clock.o
                0x000010b4                CLOCK_GetFreq
 .text.CLOCK_SetFLASHAccessCyclesForFreq
                0x000011bc       0x90 ./drivers/fsl_clock.o
                0x000011bc                CLOCK_SetFLASHAccessCyclesForFreq
 .text.CLOCK_SetPLLFreq
                0x0000124c      0x154 ./drivers/fsl_clock.o
                0x0000124c                CLOCK_SetPLLFreq
 .text.SDK_DelayAtLeastUs
                0x000013a0       0x78 ./drivers/fsl_common_arm.o
                0x000013a0                SDK_DelayAtLeastUs
 .text.CLOCK_EnableClock
                0x00001418       0x54 ./drivers/fsl_flexcomm.o
 .text.FLEXCOMM_PeripheralIsPresent
                0x0000146c       0x68 ./drivers/fsl_flexcomm.o
 .text.FLEXCOMM_GetInstance
                0x000014d4       0x4c ./drivers/fsl_flexcomm.o
                0x000014d4                FLEXCOMM_GetInstance
 .text.FLEXCOMM_SetPeriph
                0x00001520       0x8c ./drivers/fsl_flexcomm.o
 .text.FLEXCOMM_Init
                0x000015ac       0x58 ./drivers/fsl_flexcomm.o
                0x000015ac                FLEXCOMM_Init
 .text.FLEXCOMM0_DriverIRQHandler
                0x00001604       0x60 ./drivers/fsl_flexcomm.o
                0x00001604                FLEXCOMM0_DriverIRQHandler
 .text.FLEXCOMM1_DriverIRQHandler
                0x00001664       0x60 ./drivers/fsl_flexcomm.o
                0x00001664                FLEXCOMM1_DriverIRQHandler
 .text.FLEXCOMM2_DriverIRQHandler
                0x000016c4       0x60 ./drivers/fsl_flexcomm.o
                0x000016c4                FLEXCOMM2_DriverIRQHandler
 .text.FLEXCOMM3_DriverIRQHandler
                0x00001724       0x60 ./drivers/fsl_flexcomm.o
                0x00001724                FLEXCOMM3_DriverIRQHandler
 .text.FLEXCOMM4_DriverIRQHandler
                0x00001784       0x60 ./drivers/fsl_flexcomm.o
                0x00001784                FLEXCOMM4_DriverIRQHandler
 .text.FLEXCOMM5_DriverIRQHandler
                0x000017e4       0x60 ./drivers/fsl_flexcomm.o
                0x000017e4                FLEXCOMM5_DriverIRQHandler
 .text.FLEXCOMM6_DriverIRQHandler
                0x00001844       0x60 ./drivers/fsl_flexcomm.o
                0x00001844                FLEXCOMM6_DriverIRQHandler
 .text.FLEXCOMM7_DriverIRQHandler
                0x000018a4       0x60 ./drivers/fsl_flexcomm.o
                0x000018a4                FLEXCOMM7_DriverIRQHandler
 .text.CLOCK_EnableClock
                0x00001904       0x54 ./drivers/fsl_gpio.o
 .text.GPIO_EnablePortClock
                0x00001958       0x38 ./drivers/fsl_gpio.o
 .text.I2C_ClearStatusFlags
                0x00001990       0x2c ./drivers/fsl_i2c.o
 .text.I2C_MasterGetDefaultConfig
                0x000019bc       0x38 ./drivers/fsl_i2c.o
                0x000019bc                I2C_MasterGetDefaultConfig
 .text.I2C_GetStatusFlags
                0x000019f4       0x8c ./drivers/fsl_i2c.o
                0x000019f4                I2C_GetStatusFlags
 .text.I2C_MasterSetBaudRate
                0x00001a80      0x148 ./drivers/fsl_i2c.o
                0x00001a80                I2C_MasterSetBaudRate
 .text.I2C_MasterSetTimeoutValue
                0x00001bc8       0x9c ./drivers/fsl_i2c.o
                0x00001bc8                I2C_MasterSetTimeoutValue
 .text.I2C_PendingStatusWait
                0x00001c64       0x7c ./drivers/fsl_i2c.o
 .text.I2C_MasterStart
                0x00001ce0       0x5c ./drivers/fsl_i2c.o
                0x00001ce0                I2C_MasterStart
 .text.I2C_MasterWriteBlocking
                0x00001d3c      0x104 ./drivers/fsl_i2c.o
                0x00001d3c                I2C_MasterWriteBlocking
 .text.I2C_MasterReadBlocking
                0x00001e40       0xe4 ./drivers/fsl_i2c.o
                0x00001e40                I2C_MasterReadBlocking
 .text.POWER_setVdLevel
                0x00001f24       0x24 ./drivers/fsl_power.o
 .text.POWER_SetVoltageForFreq
                0x00001f48      0x298 ./drivers/fsl_power.o
                0x00001f48                POWER_SetVoltageForFreq
 .text.RESET_SetPeripheralReset
                0x000021e0       0x7c ./drivers/fsl_reset.o
                0x000021e0                RESET_SetPeripheralReset
 .text.RESET_ClearPeripheralReset
                0x0000225c       0x84 ./drivers/fsl_reset.o
                0x0000225c                RESET_ClearPeripheralReset
 .text.SPI_SetTransferDelay
                0x000022e0       0x70 ./drivers/fsl_spi.o
 .text.SPI_GetInstance
                0x00002350       0x4c ./drivers/fsl_spi.o
                0x00002350                SPI_GetInstance
 .text.SPI_SetDummyData
                0x0000239c       0x34 ./drivers/fsl_spi.o
                0x0000239c                SPI_SetDummyData
 .text.SPI_MasterGetDefaultConfig
                0x000023d0       0x8c ./drivers/fsl_spi.o
                0x000023d0                SPI_MasterGetDefaultConfig
 .text.SPI_MasterInit
                0x0000245c      0x1c4 ./drivers/fsl_spi.o
                0x0000245c                SPI_MasterInit
 .text.SPI_MasterSetBaud
                0x00002620       0xa8 ./drivers/fsl_spi.o
                0x00002620                SPI_MasterSetBaud
 .text.SPI_MasterTransferBlocking
                0x000026c8      0x28c ./drivers/fsl_spi.o
                0x000026c8                SPI_MasterTransferBlocking
 .text.USART_EnableContinuousSCLK
                0x00002954       0x40 ./drivers/fsl_usart.o
 .text.USART_Init
                0x00002994      0x20c ./drivers/fsl_usart.o
                0x00002994                USART_Init
 .text.USART_GetDefaultConfig
                0x00002ba0       0x84 ./drivers/fsl_usart.o
                0x00002ba0                USART_GetDefaultConfig
 .text.USART_SetBaudRate
                0x00002c24      0x198 ./drivers/fsl_usart.o
                0x00002c24                USART_SetBaudRate
 .text.USART_WriteBlocking
                0x00002dbc       0x90 ./drivers/fsl_usart.o
                0x00002dbc                USART_WriteBlocking
 .text.USART_ReadBlocking
                0x00002e4c      0x118 ./drivers/fsl_usart.o
                0x00002e4c                USART_ReadBlocking
 .text.SystemInit
                0x00002f64       0x1c ./device/system_LPC51U68.o
                0x00002f64                SystemInit
 .text.HAL_UartGetStatus
                0x00002f80       0x20 ./component/uart/fsl_adapter_usart.o
 .text.HAL_UartInitCommon
                0x00002fa0      0x134 ./component/uart/fsl_adapter_usart.o
 .text.HAL_UartReceiveBlocking
                0x000030d4       0x78 ./component/uart/fsl_adapter_usart.o
                0x000030d4                HAL_UartReceiveBlocking
 .text.HAL_UartSendBlocking
                0x0000314c       0x6c ./component/uart/fsl_adapter_usart.o
                0x0000314c                HAL_UartSendBlocking
 .text.BOARD_InitDebugConsole
                0x000031b8       0x54 ./board/board.o
                0x000031b8                BOARD_InitDebugConsole
 .text.BOARD_BootClockPLL150M
                0x0000320c       0xd4 ./board/clock_config.o
                0x0000320c                BOARD_BootClockPLL150M
 .text.BOARD_InitHardware
                0x000032e0       0x70 ./board/hardware_init.o
                0x000032e0                BOARD_InitHardware
 .text.CLOCK_EnableClock
                0x00003350       0x54 ./board/pin_mux.o
 .text.BOARD_InitPins
                0x000033a4       0xbc ./board/pin_mux.o
                0x000033a4                BOARD_InitPins
 .text.BOARD_InitSecureMCUPins
                0x00003460       0x38 ./board/pin_mux.o
                0x00003460                BOARD_InitSecureMCUPins
 .text._initio  0x00003498       0x7c C:/nxp/MCUXpressoIDE_24.12.148/ide/plugins/com.nxp.mcuxpresso.tools.win32_24.12.0.202407110909/tools/bin/../lib/gcc/arm-none-eabi/13.2.1/../../../../arm-none-eabi/lib/thumb/v6-m/nofp\libcr_c.a(initio.o)
                0x00003498                _initio
 .text.setvbuf  0x00003514       0x4c C:/nxp/MCUXpressoIDE_24.12.148/ide/plugins/com.nxp.mcuxpresso.tools.win32_24.12.0.202407110909/tools/bin/../lib/gcc/arm-none-eabi/13.2.1/../../../../arm-none-eabi/lib/thumb/v6-m/nofp\libcr_c.a(setvbuf.o)
                0x00003514                setvbuf
 .text.strlen   0x00003560       0x5c C:/nxp/MCUXpressoIDE_24.12.148/ide/plugins/com.nxp.mcuxpresso.tools.win32_24.12.0.202407110909/tools/bin/../lib/gcc/arm-none-eabi/13.2.1/../../../../arm-none-eabi/lib/thumb/v6-m/nofp\libcr_c.a(strlen.o)
                0x00003560                strlen
 .text._deferredlazyseek
                0x000035bc       0x40 C:/nxp/MCUXpressoIDE_24.12.148/ide/plugins/com.nxp.mcuxpresso.tools.win32_24.12.0.202407110909/tools/bin/../lib/gcc/arm-none-eabi/13.2.1/../../../../arm-none-eabi/lib/thumb/v6-m/nofp\libcr_c.a(_deferredlazyseek.o)
                0x000035bc                _deferredlazyseek
 .text._fdopen  0x000035fc       0x74 C:/nxp/MCUXpressoIDE_24.12.148/ide/plugins/com.nxp.mcuxpresso.tools.win32_24.12.0.202407110909/tools/bin/../lib/gcc/arm-none-eabi/13.2.1/../../../../arm-none-eabi/lib/thumb/v6-m/nofp\libcr_c.a(_fdopen.o)
                0x000035fc                _fdopen
 .text._fflush  0x00003670       0x5c C:/nxp/MCUXpressoIDE_24.12.148/ide/plugins/com.nxp.mcuxpresso.tools.win32_24.12.0.202407110909/tools/bin/../lib/gcc/arm-none-eabi/13.2.1/../../../../arm-none-eabi/lib/thumb/v6-m/nofp\libcr_c.a(_fflush.o)
                0x00003670                _fflush
 .text._Cwritebuf
                0x000036cc       0x68 C:/nxp/MCUXpressoIDE_24.12.148/ide/plugins/com.nxp.mcuxpresso.tools.win32_24.12.0.202407110909/tools/bin/../lib/gcc/arm-none-eabi/13.2.1/../../../../arm-none-eabi/lib/thumb/v6-m/nofp\libcr_c.a(_writebuf.o)
                0x000036cc                _Cwritebuf
 .text.fclose   0x00003734       0x5c C:/nxp/MCUXpressoIDE_24.12.148/ide/plugins/com.nxp.mcuxpresso.tools.win32_24.12.0.202407110909/tools/bin/../lib/gcc/arm-none-eabi/13.2.1/../../../../arm-none-eabi/lib/thumb/v6-m/nofp\libcr_c.a(fclose.o)
                0x00003734                fclose
 .text.fflush   0x00003790       0x40 C:/nxp/MCUXpressoIDE_24.12.148/ide/plugins/com.nxp.mcuxpresso.tools.win32_24.12.0.202407110909/tools/bin/../lib/gcc/arm-none-eabi/13.2.1/../../../../arm-none-eabi/lib/thumb/v6-m/nofp\libcr_c.a(fflush.o)
                0x00003790                fflush
 .text.fseek    0x000037d0       0xec C:/nxp/MCUXpressoIDE_24.12.148/ide/plugins/com.nxp.mcuxpresso.tools.win32_24.12.0.202407110909/tools/bin/../lib/gcc/arm-none-eabi/13.2.1/../../../../arm-none-eabi/lib/thumb/v6-m/nofp\libcr_c.a(fseek.o)
                0x000037d0                fseek
 .text.ftell    0x000038bc       0x4c C:/nxp/MCUXpressoIDE_24.12.148/ide/plugins/com.nxp.mcuxpresso.tools.win32_24.12.0.202407110909/tools/bin/../lib/gcc/arm-none-eabi/13.2.1/../../../../arm-none-eabi/lib/thumb/v6-m/nofp\libcr_c.a(ftell.o)
                0x000038bc                ftell
 .text._do_fflush
                0x00003908       0x48 C:/nxp/MCUXpressoIDE_24.12.148/ide/plugins/com.nxp.mcuxpresso.tools.win32_24.12.0.202407110909/tools/bin/../lib/gcc/arm-none-eabi/13.2.1/../../../../arm-none-eabi/lib/thumb/v6-m/nofp\libcr_c.a(_do_fflush.o)
                0x00003908                _do_fflush
 .text.__aeabi_dmul
                0x00003950      0x190 C:/nxp/MCUXpressoIDE_24.12.148/ide/plugins/com.nxp.mcuxpresso.tools.win32_24.12.0.202407110909/tools/bin/../lib/gcc/arm-none-eabi/13.2.1/thumb/v6-m/nofp\libcr_eabihelpers.a(double.o)
                0x00003950                __aeabi_dmul
 .text.__aeabi_dsub
                0x00003ae0      0x1c4 C:/nxp/MCUXpressoIDE_24.12.148/ide/plugins/com.nxp.mcuxpresso.tools.win32_24.12.0.202407110909/tools/bin/../lib/gcc/arm-none-eabi/13.2.1/thumb/v6-m/nofp\libcr_eabihelpers.a(double.o)
                0x00003ae0                __aeabi_dsub
 .text.__aeabi_dadd
                0x00003ca4      0x140 C:/nxp/MCUXpressoIDE_24.12.148/ide/plugins/com.nxp.mcuxpresso.tools.win32_24.12.0.202407110909/tools/bin/../lib/gcc/arm-none-eabi/13.2.1/thumb/v6-m/nofp\libcr_eabihelpers.a(double.o)
                0x00003ca4                __aeabi_dadd
 .text.__aeabi_d2iz
                0x00003de4       0x50 C:/nxp/MCUXpressoIDE_24.12.148/ide/plugins/com.nxp.mcuxpresso.tools.win32_24.12.0.202407110909/tools/bin/../lib/gcc/arm-none-eabi/13.2.1/thumb/v6-m/nofp\libcr_eabihelpers.a(double.o)
                0x00003de4                __aeabi_d2iz
 .text.__aeabi_fmul
                0x00003e34       0xcc C:/nxp/MCUXpressoIDE_24.12.148/ide/plugins/com.nxp.mcuxpresso.tools.win32_24.12.0.202407110909/tools/bin/../lib/gcc/arm-none-eabi/13.2.1/thumb/v6-m/nofp\libcr_eabihelpers.a(float.o)
                0x00003e34                __aeabi_fmul
 .text.__aeabi_fdiv
                0x00003f00       0xf0 C:/nxp/MCUXpressoIDE_24.12.148/ide/plugins/com.nxp.mcuxpresso.tools.win32_24.12.0.202407110909/tools/bin/../lib/gcc/arm-none-eabi/13.2.1/thumb/v6-m/nofp\libcr_eabihelpers.a(float.o)
                0x00003f00                __aeabi_fdiv
 .text.__aeabi_fsub
                0x00003ff0      0x124 C:/nxp/MCUXpressoIDE_24.12.148/ide/plugins/com.nxp.mcuxpresso.tools.win32_24.12.0.202407110909/tools/bin/../lib/gcc/arm-none-eabi/13.2.1/thumb/v6-m/nofp\libcr_eabihelpers.a(float.o)
                0x00003ff0                __aeabi_fsub
 .text.__aeabi_fadd
                0x00004114       0xb0 C:/nxp/MCUXpressoIDE_24.12.148/ide/plugins/com.nxp.mcuxpresso.tools.win32_24.12.0.202407110909/tools/bin/../lib/gcc/arm-none-eabi/13.2.1/thumb/v6-m/nofp\libcr_eabihelpers.a(float.o)
                0x00004114                __aeabi_fadd
 .text.__aeabi_f2iz
                0x000041c4       0x34 C:/nxp/MCUXpressoIDE_24.12.148/ide/plugins/com.nxp.mcuxpresso.tools.win32_24.12.0.202407110909/tools/bin/../lib/gcc/arm-none-eabi/13.2.1/thumb/v6-m/nofp\libcr_eabihelpers.a(float.o)
                0x000041c4                __aeabi_f2iz
 .text.DbgConsole_Printf
                0x000041f8       0x32 ./utilities/debug_console_lite/fsl_debug_console.o
                0x000041f8                DbgConsole_Printf
 .text.DbgConsole_PrintfPaddingCharacter
                0x0000422a       0x48 ./utilities/debug_console_lite/fsl_debug_console.o
 .text.DbgConsole_ConvertRadixNumToString
                0x00004272       0xc2 ./utilities/debug_console_lite/fsl_debug_console.o
 .text.DbgConsole_PrintfFormattedData
                0x00004334      0x3da ./utilities/debug_console_lite/fsl_debug_console.o
 .text.fsl_assert_hook
                0x0000470e       0x16 ./utilities/fsl_assert.o
                0x0000470e                fsl_assert_hook
 .text.GPIO_PinWrite
                0x00004724       0x2c ./source/i2c_func.o
 .text.MCP4822_Init
                0x00004750       0x54 ./source/mcp4822.o
                0x00004750                MCP4822_Init
 .text.POWER_EnablePD
                0x000047a4       0x2e ./drivers/fsl_clock.o
 .text.POWER_DisablePD
                0x000047d2       0x2e ./drivers/fsl_clock.o
 .text.CLOCK_GetExtClkFreq
                0x00004800        0xc ./drivers/fsl_clock.o
                0x00004800                CLOCK_GetExtClkFreq
 .text.CLOCK_GetOsc32KFreq
                0x0000480c        0xe ./drivers/fsl_clock.o
                0x0000480c                CLOCK_GetOsc32KFreq
 .text.CLOCK_GetCoreSysClkFreq
                0x0000481a       0xc8 ./drivers/fsl_clock.o
                0x0000481a                CLOCK_GetCoreSysClkFreq
 .text.CLOCK_GetFlexCommClkFreq
                0x000048e2       0x8c ./drivers/fsl_clock.o
                0x000048e2                CLOCK_GetFlexCommClkFreq
 .text.CLOCK_GetFRGInputClock
                0x0000496e       0x64 ./drivers/fsl_clock.o
                0x0000496e                CLOCK_GetFRGInputClock
 .text.DelayLoop
                0x000049d2       0x1a ./drivers/fsl_common_arm.o
 .text.GPIO_PinInit
                0x000049ec       0xc0 ./drivers/fsl_gpio.o
                0x000049ec                GPIO_PinInit
 .text.I2C_MasterEnable
                0x00004aac       0x50 ./drivers/fsl_i2c.o
 .text.I2C_MasterInit
                0x00004afc       0x7e ./drivers/fsl_i2c.o
                0x00004afc                I2C_MasterInit
 .text.I2C_MasterStop
                0x00004b7a       0x32 ./drivers/fsl_i2c.o
                0x00004b7a                I2C_MasterStop
 .text.RESET_PeripheralReset
                0x00004bac       0x20 ./drivers/fsl_reset.o
                0x00004bac                RESET_PeripheralReset
 .text.SPI_Enable
                0x00004bcc       0x4c ./drivers/fsl_spi.o
 .text.SystemInitHook
                0x00004c18        0xa ./device/system_LPC51U68.o
                0x00004c18                SystemInitHook
 .text.HAL_UartInit
                0x00004c22       0x42 ./component/uart/fsl_adapter_usart.o
                0x00004c22                HAL_UartInit
 .text.POWER_DisablePD
                0x00004c64       0x2e ./board/clock_config.o
 .text.BOARD_InitBootClocks
                0x00004c92        0xe ./board/clock_config.o
                0x00004c92                BOARD_InitBootClocks
 .text.IOCON_PinMuxSet
                0x00004ca0       0x3a ./board/pin_mux.o
 .text.BOARD_InitBootPins
                0x00004cda        0xe ./board/pin_mux.o
                0x00004cda                BOARD_InitBootPins
 .text.__main   0x00004ce8        0xc C:/nxp/MCUXpressoIDE_24.12.148/ide/plugins/com.nxp.mcuxpresso.tools.win32_24.12.0.202407110909/tools/bin/../lib/gcc/arm-none-eabi/13.2.1/../../../../arm-none-eabi/lib/thumb/v6-m/nofp\libcr_nohost_nf.a(_cr__main.o)
                0x00004ce8                __main
 .text.memcpy   0x00004cf4        0x8 C:/nxp/MCUXpressoIDE_24.12.148/ide/plugins/com.nxp.mcuxpresso.tools.win32_24.12.0.202407110909/tools/bin/../lib/gcc/arm-none-eabi/13.2.1/../../../../arm-none-eabi/lib/thumb/v6-m/nofp\libcr_c.a(memcpy.o)
                0x00004cf4                memcpy
 .text.memset   0x00004cfc        0x8 C:/nxp/MCUXpressoIDE_24.12.148/ide/plugins/com.nxp.mcuxpresso.tools.win32_24.12.0.202407110909/tools/bin/../lib/gcc/arm-none-eabi/13.2.1/../../../../arm-none-eabi/lib/thumb/v6-m/nofp\libcr_c.a(memset.o)
                0x00004cfc                memset
 .text.free     0x00004d04       0x2c C:/nxp/MCUXpressoIDE_24.12.148/ide/plugins/com.nxp.mcuxpresso.tools.win32_24.12.0.202407110909/tools/bin/../lib/gcc/arm-none-eabi/13.2.1/../../../../arm-none-eabi/lib/thumb/v6-m/nofp\libcr_c.a(alloc.o)
                0x00004d04                free
 .text.remove   0x00004d30       0x12 C:/nxp/MCUXpressoIDE_24.12.148/ide/plugins/com.nxp.mcuxpresso.tools.win32_24.12.0.202407110909/tools/bin/../lib/gcc/arm-none-eabi/13.2.1/../../../../arm-none-eabi/lib/thumb/v6-m/nofp\libcr_c.a(remove.o)
                0x00004d30                remove
 .text.__aeabi_division_idivmod
                0x00004d42       0x78 C:/nxp/MCUXpressoIDE_24.12.148/ide/plugins/com.nxp.mcuxpresso.tools.win32_24.12.0.202407110909/tools/bin/../lib/gcc/arm-none-eabi/13.2.1/thumb/v6-m/nofp\libcr_eabihelpers.a(division_32.o)
                0x00004d42                __aeabi_idivmod
                0x00004d42                __aeabi_idiv
                0x00004d48                __aeabi_uidivmod
                0x00004d48                __aeabi_uidiv
 .text.__aeabi_division_uldivmod
                0x00004dba       0x5a C:/nxp/MCUXpressoIDE_24.12.148/ide/plugins/com.nxp.mcuxpresso.tools.win32_24.12.0.202407110909/tools/bin/../lib/gcc/arm-none-eabi/13.2.1/thumb/v6-m/nofp\libcr_eabihelpers.a(division_64.o)
                0x00004dba                __aeabi_uldivmod
 .text.__aeabi_division_idiv0
                0x00004e14        0x2 C:/nxp/MCUXpressoIDE_24.12.148/ide/plugins/com.nxp.mcuxpresso.tools.win32_24.12.0.202407110909/tools/bin/../lib/gcc/arm-none-eabi/13.2.1/thumb/v6-m/nofp\libcr_eabihelpers.a(division_idiv0.o)
                0x00004e14                __aeabi_idiv0
 .text.__bhs_ui2d
                0x00004e16       0x5e C:/nxp/MCUXpressoIDE_24.12.148/ide/plugins/com.nxp.mcuxpresso.tools.win32_24.12.0.202407110909/tools/bin/../lib/gcc/arm-none-eabi/13.2.1/thumb/v6-m/nofp\libcr_eabihelpers.a(double.o)
                0x00004e16                __bhs_ui2d
 .text.__aeabi_i2d
                0x00004e74       0x18 C:/nxp/MCUXpressoIDE_24.12.148/ide/plugins/com.nxp.mcuxpresso.tools.win32_24.12.0.202407110909/tools/bin/../lib/gcc/arm-none-eabi/13.2.1/thumb/v6-m/nofp\libcr_eabihelpers.a(double.o)
                0x00004e74                __aeabi_i2d
 .text.__bhs_ui2f
                0x00004e8c       0x60 C:/nxp/MCUXpressoIDE_24.12.148/ide/plugins/com.nxp.mcuxpresso.tools.win32_24.12.0.202407110909/tools/bin/../lib/gcc/arm-none-eabi/13.2.1/thumb/v6-m/nofp\libcr_eabihelpers.a(float.o)
                0x00004e8c                __bhs_ui2f
 .text.__aeabi_i2f
                0x00004eec       0x18 C:/nxp/MCUXpressoIDE_24.12.148/ide/plugins/com.nxp.mcuxpresso.tools.win32_24.12.0.202407110909/tools/bin/../lib/gcc/arm-none-eabi/13.2.1/thumb/v6-m/nofp\libcr_eabihelpers.a(float.o)
                0x00004eec                __aeabi_i2f
 .text.__aeabi_llong_lmul
                0x00004f04       0x2e C:/nxp/MCUXpressoIDE_24.12.148/ide/plugins/com.nxp.mcuxpresso.tools.win32_24.12.0.202407110909/tools/bin/../lib/gcc/arm-none-eabi/13.2.1/thumb/v6-m/nofp\libcr_eabihelpers.a(llong.o)
                0x00004f04                __aeabi_lmul
 .text.__aeabi_memcpy
                0x00004f32       0x2c C:/nxp/MCUXpressoIDE_24.12.148/ide/plugins/com.nxp.mcuxpresso.tools.win32_24.12.0.202407110909/tools/bin/../lib/gcc/arm-none-eabi/13.2.1/thumb/v6-m/nofp\libcr_eabihelpers.a(memcpy.o)
                0x00004f32                __aeabi_memcpy4
                0x00004f32                __aeabi_memcpy8
                0x00004f32                __aeabi_memcpy
 .text.__aeabi_memset_lowlevel
                0x00004f5e       0x2a C:/nxp/MCUXpressoIDE_24.12.148/ide/plugins/com.nxp.mcuxpresso.tools.win32_24.12.0.202407110909/tools/bin/../lib/gcc/arm-none-eabi/13.2.1/thumb/v6-m/nofp\libcr_eabihelpers.a(memcpy.o)
                0x00004f5e                __aeabi_lowlevel_memset
 .text.__sys_close
                0x00004f88        0x6 C:/nxp/MCUXpressoIDE_24.12.148/ide/plugins/com.nxp.mcuxpresso.tools.win32_24.12.0.202407110909/tools/bin/../lib/gcc/arm-none-eabi/13.2.1/../../../../arm-none-eabi/lib/thumb/v6-m/nofp\libcr_nohost_nf.a(__sys_close.o)
                0x00004f88                __sys_close
 .text.__sys_flen
                0x00004f8e        0x6 C:/nxp/MCUXpressoIDE_24.12.148/ide/plugins/com.nxp.mcuxpresso.tools.win32_24.12.0.202407110909/tools/bin/../lib/gcc/arm-none-eabi/13.2.1/../../../../arm-none-eabi/lib/thumb/v6-m/nofp\libcr_nohost_nf.a(__sys_flen.o)
                0x00004f8e                __sys_flen
 .text.__sys_istty
                0x00004f94        0x6 C:/nxp/MCUXpressoIDE_24.12.148/ide/plugins/com.nxp.mcuxpresso.tools.win32_24.12.0.202407110909/tools/bin/../lib/gcc/arm-none-eabi/13.2.1/../../../../arm-none-eabi/lib/thumb/v6-m/nofp\libcr_nohost_nf.a(__sys_istty.o)
                0x00004f94                __sys_istty
 .text.__sys_remove
                0x00004f9a        0x6 C:/nxp/MCUXpressoIDE_24.12.148/ide/plugins/com.nxp.mcuxpresso.tools.win32_24.12.0.202407110909/tools/bin/../lib/gcc/arm-none-eabi/13.2.1/../../../../arm-none-eabi/lib/thumb/v6-m/nofp\libcr_nohost_nf.a(__sys_remove.o)
                0x00004f9a                __sys_remove
 .text.__sys_seek
                0x00004fa0        0x6 C:/nxp/MCUXpressoIDE_24.12.148/ide/plugins/com.nxp.mcuxpresso.tools.win32_24.12.0.202407110909/tools/bin/../lib/gcc/arm-none-eabi/13.2.1/../../../../arm-none-eabi/lib/thumb/v6-m/nofp\libcr_nohost_nf.a(__sys_seek.o)
                0x00004fa0                __sys_seek
 .text.__sys_tmpnam
                0x00004fa6        0x6 C:/nxp/MCUXpressoIDE_24.12.148/ide/plugins/com.nxp.mcuxpresso.tools.win32_24.12.0.202407110909/tools/bin/../lib/gcc/arm-none-eabi/13.2.1/../../../../arm-none-eabi/lib/thumb/v6-m/nofp\libcr_nohost_nf.a(__sys_tmpnam.o)
                0x00004fa6                __sys_tmpnam
 .text.__sys_write
                0x00004fac        0x4 C:/nxp/MCUXpressoIDE_24.12.148/ide/plugins/com.nxp.mcuxpresso.tools.win32_24.12.0.202407110909/tools/bin/../lib/gcc/arm-none-eabi/13.2.1/../../../../arm-none-eabi/lib/thumb/v6-m/nofp\libcr_nohost_nf.a(__sys_write.o)
                0x00004fac                __sys_write
 *(SORT_BY_ALIGNMENT(.rodata) SORT_BY_ALIGNMENT(.rodata.*) SORT_BY_ALIGNMENT(.constdata) SORT_BY_ALIGNMENT(.constdata.*))
 .rodata.__assertion_failed.str1.4
                0x00004fb0      0xa03 ./utilities/fsl_assert.o
                                 0x14 (size before relaxing)
 .rodata.main.str1.4
                0x000059b3       0x63 ./source/MCP4822_FINAL_MAIN.o
 *fill*         0x000059b3        0x1 ff
 .rodata.si5351a_revb_registers
                0x000059b4      0x158 ./source/i2c_func.o
                0x000059b4                si5351a_revb_registers
 .rodata.i2c_write.str1.4
                0x00005b0c       0x67 ./source/i2c_func.o
 .rodata.i2c_adc_config.str1.4
                0x00005b0c       0x24 ./source/i2c_func.o
 .rodata.i2c_adc_read.str1.4
                0x00005b0c       0x19 ./source/i2c_func.o
 .rodata.read_dac.str1.4
                0x00005b0c       0x4e ./source/i2c_func.o
 .rodata.read_temp.str1.4
                0x00005b0c       0x13 ./source/i2c_func.o
 .rodata.i2c_run.str1.4
                0x00005b0c       0x65 ./source/i2c_func.o
 .rodata.MCP4822_Write.str1.4
                0x00005b0c       0x16 ./source/mcp4822.o
 .rodata.wdtFreqLookup
                0x00005b0c       0x20 ./drivers/fsl_clock.o
 .rodata.CLOCK_GetClockOutClkFreq
                0x00005b2c       0x1c ./drivers/fsl_clock.o
 .rodata.CLOCK_GetFreq
                0x00005b48       0x2c ./drivers/fsl_clock.o
 .rodata.SDK_DelayAtLeastUs.str1.4
                0x00005b74       0x2b ./drivers/fsl_common_arm.o
 .rodata.s_flexcommBaseAddrs
                0x00005b74       0x20 ./drivers/fsl_flexcomm.o
 .rodata.s_flexcommClocks
                0x00005b94       0x10 ./drivers/fsl_flexcomm.o
 .rodata.s_flexcommResets
                0x00005ba4       0x20 ./drivers/fsl_flexcomm.o
 .rodata.FLEXCOMM_GetInstance.str1.4
                0x00005bc4       0x41 ./drivers/fsl_flexcomm.o
 .rodata.FLEXCOMM0_DriverIRQHandler.str1.4
                0x00005bc4       0x3c ./drivers/fsl_flexcomm.o
 .rodata.FLEXCOMM1_DriverIRQHandler.str1.4
                0x00005bc4       0x3c ./drivers/fsl_flexcomm.o
 .rodata.FLEXCOMM2_DriverIRQHandler.str1.4
                0x00005bc4       0x3c ./drivers/fsl_flexcomm.o
 .rodata.FLEXCOMM3_DriverIRQHandler.str1.4
                0x00005bc4       0x3c ./drivers/fsl_flexcomm.o
 .rodata.FLEXCOMM4_DriverIRQHandler.str1.4
                0x00005bc4       0x3c ./drivers/fsl_flexcomm.o
 .rodata.FLEXCOMM5_DriverIRQHandler.str1.4
                0x00005bc4       0x3c ./drivers/fsl_flexcomm.o
 .rodata.FLEXCOMM6_DriverIRQHandler.str1.4
                0x00005bc4       0x3c ./drivers/fsl_flexcomm.o
 .rodata.FLEXCOMM7_DriverIRQHandler.str1.4
                0x00005bc4       0x3c ./drivers/fsl_flexcomm.o
 .rodata.s_gpioClockName
                0x00005bc4        0x4 ./drivers/fsl_gpio.o
 .rodata.GPIO_EnablePortClock.str1.4
                0x00005bc8       0x33 ./drivers/fsl_gpio.o
 .rodata.I2C_MasterSetTimeoutValue.str1.4
                0x00005bc8       0x3a ./drivers/fsl_i2c.o
 .rodata.I2C_MasterWriteBlocking.str1.4
                0x00005bc8       0x1f ./drivers/fsl_i2c.o
 .rodata.I2C_MasterReadBlocking.str1.4
                0x00005bc8       0x1f ./drivers/fsl_i2c.o
 .rodata.RESET_SetPeripheralReset.str1.4
                0x00005bc8       0x1f ./drivers/fsl_reset.o
 .rodata.RESET_ClearPeripheralReset.str1.4
                0x00005bc8       0x1f ./drivers/fsl_reset.o
 .rodata.SPI_SetTransferDelay.str1.4
                0x00005bc8       0x3f ./drivers/fsl_spi.o
 .rodata.s_spiBaseAddrs
                0x00005bc8       0x20 ./drivers/fsl_spi.o
 .rodata.SPI_GetInstance.str1.4
                0x00005be8       0x37 ./drivers/fsl_spi.o
 .rodata.SPI_MasterGetDefaultConfig.str1.4
                0x00005be8       0x1f ./drivers/fsl_spi.o
 .rodata.SPI_MasterInit.str1.4
                0x00005be8       0x4d ./drivers/fsl_spi.o
 .rodata.SPI_MasterSetBaud.str1.4
                0x00005be8       0x51 ./drivers/fsl_spi.o
 .rodata.SPI_MasterTransferBlocking.str1.4
                0x00005be8       0x6a ./drivers/fsl_spi.o
 .rodata.USART_Init.str1.4
                0x00005be8       0x4f ./drivers/fsl_usart.o
 .rodata.USART_GetDefaultConfig.str1.4
                0x00005be8       0x21 ./drivers/fsl_usart.o
 .rodata.USART_SetBaudRate.str1.4
                0x00005be8       0x53 ./drivers/fsl_usart.o
 .rodata.USART_WriteBlocking.str1.4
                0x00005be8       0x36 ./drivers/fsl_usart.o
 .rodata.USART_ReadBlocking.str1.4
                0x00005be8       0x36 ./drivers/fsl_usart.o
 .rodata.s_UsartAdapterBase
                0x00005be8       0x20 ./component/uart/fsl_adapter_usart.o
 .rodata.HAL_UartInitCommon.str1.4
                0x00005c08       0xeb ./component/uart/fsl_adapter_usart.o
 .rodata.HAL_UartReceiveBlocking.str1.4
                0x00005c08       0x65 ./component/uart/fsl_adapter_usart.o
 .rodata.HAL_UartSendBlocking.str1.4
                0x00005c08       0x65 ./component/uart/fsl_adapter_usart.o
 .rodata.BOARD_InitDebugConsole.str1.4
                0x00005c08       0x27 ./board/board.o
 .rodata        0x00005c08       0x1c ./board/clock_config.o
 .rodata        0x00005c24        0x2 ./board/hardware_init.o
 *fill*         0x00005c26        0x2 ff
 .rodata.__num_Ciob_streams
                0x00005c28        0x4 C:/nxp/MCUXpressoIDE_24.12.148/ide/plugins/com.nxp.mcuxpresso.tools.win32_24.12.0.202407110909/tools/bin/../lib/gcc/arm-none-eabi/13.2.1/../../../../arm-none-eabi/lib/thumb/v6-m/nofp\libcr_nohost_nf.a(__ciob.o)
                0x00005c28                __num_Ciob_streams
 .rodata._initio.str1.1
                0x00005c2c        0x4 C:/nxp/MCUXpressoIDE_24.12.148/ide/plugins/com.nxp.mcuxpresso.tools.win32_24.12.0.202407110909/tools/bin/../lib/gcc/arm-none-eabi/13.2.1/../../../../arm-none-eabi/lib/thumb/v6-m/nofp\libcr_c.a(initio.o)
                0x00005c30                        . = ALIGN (0x4)

.glue_7         0x00005c30        0x0
 .glue_7        0x00005c30        0x0 linker stubs

.glue_7t        0x00005c30        0x0
 .glue_7t       0x00005c30        0x0 linker stubs

.vfp11_veneer   0x00005c30        0x0
 .vfp11_veneer  0x00005c30        0x0 linker stubs

.v4_bx          0x00005c30        0x0
 .v4_bx         0x00005c30        0x0 linker stubs

.iplt           0x00005c30        0x0
 .iplt          0x00005c30        0x0 ./utilities/debug_console_lite/fsl_debug_console.o

.rel.dyn        0x00005c30        0x0
 .rel.iplt      0x00005c30        0x0 ./utilities/debug_console_lite/fsl_debug_console.o

.ARM.extab
 *(SORT_BY_ALIGNMENT(.ARM.extab*) SORT_BY_ALIGNMENT(.gnu.linkonce.armextab.*))

.ARM.exidx      0x00005c30        0x0
                0x00005c30                        __exidx_start = .
 *(SORT_BY_ALIGNMENT(.ARM.exidx*) SORT_BY_ALIGNMENT(.gnu.linkonce.armexidx.*))
                0x00005c30                        __exidx_end = .
                0x00005c30                        _etext = .

.data_RAM2      0x04000000        0x0 load address 0x00005c30
 FILL mask 0xff
                [!provide]                        PROVIDE (__start_data_RAM2 = .)
                [!provide]                        PROVIDE (__start_data_SRAMX = .)
 *(SORT_BY_ALIGNMENT(.ramfunc.$RAM2))
 *(SORT_BY_ALIGNMENT(.ramfunc.$SRAMX))
 *(SORT_BY_ALIGNMENT(.data.$RAM2))
 *(SORT_BY_ALIGNMENT(.data.$SRAMX))
 *(SORT_BY_ALIGNMENT(.data.$RAM2.*))
 *(SORT_BY_ALIGNMENT(.data.$SRAMX.*))
                0x04000000                        . = ALIGN (0x4)
                [!provide]                        PROVIDE (__end_data_RAM2 = .)
                [!provide]                        PROVIDE (__end_data_SRAMX = .)

.uninit_RESERVED
                0x20000000        0x0
                0x20000000                        _start_uninit_RESERVED = .
 *(SORT_BY_ALIGNMENT(.bss.$RESERVED*))
                0x20000000                        . = ALIGN (0x4)
                0x20000000                        _end_uninit_RESERVED = .

.data           0x20000000       0x24 load address 0x00005c30
 FILL mask 0xff
                0x20000000                        _data = .
                [!provide]                        PROVIDE (__start_data_RAM = .)
                [!provide]                        PROVIDE (__start_data_SRAM0 = .)
 *(SORT_BY_ALIGNMENT(vtable))
 *(SORT_BY_ALIGNMENT(.ramfunc*))
 *(SORT_BY_ALIGNMENT(CodeQuickAccess))
 *(SORT_BY_ALIGNMENT(DataQuickAccess))
 *(SORT_BY_ALIGNMENT(RamFunction))
 *(SORT_BY_ALIGNMENT(.data*))
 .data.reVal    0x20000000        0x4 ./source/i2c_func.o
                0x20000000                reVal
 .data.initial_reg_info
                0x20000004       0x18 ./source/i2c_func.o
                0x20000004                initial_reg_info
 .data.SystemCoreClock
                0x2000001c        0x4 ./device/system_LPC51U68.o
                0x2000001c                SystemCoreClock
 .data.adc_addr
                0x20000020        0x1 ./source/i2c_func.o
                0x20000020                adc_addr
 .data.adc_tx   0x20000021        0x1 ./source/i2c_func.o
                0x20000021                adc_tx
                0x20000024                        . = ALIGN (0x4)
 *fill*         0x20000022        0x2 ff
                0x20000024                        _edata = .
                [!provide]                        PROVIDE (__end_data_RAM = .)
                [!provide]                        PROVIDE (__end_data_SRAM0 = .)

.igot.plt       0x20000024        0x0 load address 0x00005c54
 .igot.plt      0x20000024        0x0 ./utilities/debug_console_lite/fsl_debug_console.o

.bss_RAM2       0x04000000        0x0
                [!provide]                        PROVIDE (__start_bss_RAM2 = .)
                [!provide]                        PROVIDE (__start_bss_SRAMX = .)
 *(SORT_BY_ALIGNMENT(.bss.$RAM2))
 *(SORT_BY_ALIGNMENT(.bss.$SRAMX))
 *(SORT_BY_ALIGNMENT(.bss.$RAM2.*))
 *(SORT_BY_ALIGNMENT(.bss.$SRAMX.*))
                0x04000000                        . = ALIGN ((. != 0x0)?0x4:0x1)
                [!provide]                        PROVIDE (__end_bss_RAM2 = .)
                [!provide]                        PROVIDE (__end_bss_SRAMX = .)

.bss            0x20000024      0x140
                0x20000024                        _bss = .
                [!provide]                        PROVIDE (__start_bss_RAM = .)
                [!provide]                        PROVIDE (__start_bss_SRAM0 = .)
 *(SORT_BY_ALIGNMENT(.bss*))
 .bss.s_debugConsole
                0x20000024       0x14 ./utilities/debug_console_lite/fsl_debug_console.o
 .bss.masterConfig
                0x20000038        0xc ./source/i2c_func.o
                0x20000038                masterConfig
 .bss.dac_rx    0x20000044        0x4 ./source/i2c_func.o
                0x20000044                dac_rx
 .bss.temp_rx   0x20000048        0x4 ./source/i2c_func.o
                0x20000048                temp_rx
 .bss.s_Pll_Freq
                0x2000004c        0x4 ./drivers/fsl_clock.o
 .bss.g_I2S_Mclk_Freq
                0x20000050        0x4 ./drivers/fsl_clock.o
 .bss.s_flexcommIrqHandler
                0x20000054       0x20 ./drivers/fsl_flexcomm.o
 .bss.s_flexcommHandle
                0x20000074       0x20 ./drivers/fsl_flexcomm.o
 .bss.g_configs
                0x20000094       0x10 ./drivers/fsl_spi.o
 .bss.s_dummyData
                0x200000a4        0x8 ./drivers/fsl_spi.o
                0x200000a4                s_dummyData
 .bss.errno     0x200000ac        0x4 C:/nxp/MCUXpressoIDE_24.12.148/ide/plugins/com.nxp.mcuxpresso.tools.win32_24.12.0.202407110909/tools/bin/../lib/gcc/arm-none-eabi/13.2.1/../../../../arm-none-eabi/lib/thumb/v6-m/nofp\libcr_c.a(errno.o)
                0x200000ac                errno
 .bss.__Ciob    0x200000b0       0xb4 C:/nxp/MCUXpressoIDE_24.12.148/ide/plugins/com.nxp.mcuxpresso.tools.win32_24.12.0.202407110909/tools/bin/../lib/gcc/arm-none-eabi/13.2.1/../../../../arm-none-eabi/lib/thumb/v6-m/nofp\libcr_nohost_nf.a(__ciob.o)
                0x200000b0                __Ciob
 *(SORT_BY_ALIGNMENT(COMMON))
                0x20000164                        . = ALIGN (0x4)
                0x20000164                        _ebss = .
                [!provide]                        PROVIDE (__end_bss_RAM = .)
                [!provide]                        PROVIDE (__end_bss_SRAM0 = .)
                [!provide]                        PROVIDE (end = .)

.noinit_RAM2    0x04000000        0x0
                [!provide]                        PROVIDE (__start_noinit_RAM2 = .)
                [!provide]                        PROVIDE (__start_noinit_SRAMX = .)
 *(SORT_BY_ALIGNMENT(.noinit.$RAM2))
 *(SORT_BY_ALIGNMENT(.noinit.$SRAMX))
 *(SORT_BY_ALIGNMENT(.noinit.$RAM2.*))
 *(SORT_BY_ALIGNMENT(.noinit.$SRAMX.*))
                0x04000000                        . = ALIGN (0x4)
                [!provide]                        PROVIDE (__end_noinit_RAM2 = .)
                [!provide]                        PROVIDE (__end_noinit_SRAMX = .)

.noinit         0x20000164        0x0
                0x20000164                        _noinit = .
                [!provide]                        PROVIDE (__start_noinit_RAM = .)
                [!provide]                        PROVIDE (__start_noinit_SRAM0 = .)
 *(SORT_BY_ALIGNMENT(.noinit*))
                0x20000164                        . = ALIGN (0x4)
                0x20000164                        _end_noinit = .
                [!provide]                        PROVIDE (__end_noinit_RAM = .)
                [!provide]                        PROVIDE (__end_noinit_SRAM0 = .)
                0x00001000                        _HeapSize = 0x1000

.heap           0x20000164     0x1000
                0x20000164                        _pvHeapStart = .
                0x20001164                        . = (. + _HeapSize)
 *fill*         0x20000164     0x1000 
                0x20001164                        . = ALIGN (0x4)
                0x20001164                        _pvHeapLimit = .
                0x00001000                        _StackSize = 0x1000

.heap2stackfill
                0x20001164     0x1000
                0x20002164                        . = (. + _StackSize)
 *fill*         0x20001164     0x1000 

.stack          0x2000f000        0x0
                0x2000f000                        _vStackBase = .
                0x2000f000                        . = ALIGN (0x4)
                0x20010000                        _vStackTop = (. + _StackSize)
                0xdffef19f                        PROVIDE (__valid_user_code_checksum = (0x0 - (((_vStackTop + (ResetISR + 0x1)) + (DEFINED (NMI_Handler)?NMI_Handler:M0_NMI_Handler + 0x1)) + (DEFINED (HardFault_Handler)?HardFault_Handler:M0_HardFault_Handler + 0x1))))
                0x00000000                        _image_start = LOADADDR (.text)
                0x00005c54                        _image_end = (LOADADDR (.data) + SIZEOF (.data))
                0x00005c54                        _image_size = (_image_end - _image_start)
OUTPUT(mcuFinalCode.axf elf32-littlearm)
LOAD linker stubs

.debug_info     0x00000000    0x1a10f
 .debug_info    0x00000000      0xd5c ./utilities/debug_console_lite/fsl_debug_console.o
 .debug_info    0x00000d5c      0x12e ./utilities/fsl_assert.o
 .debug_info    0x00000e8a      0x61c ./startup/startup_lpc51u68.o
 .debug_info    0x000014a6      0x822 ./source/MCP4822_FINAL_MAIN.o
 .debug_info    0x00001cc8      0xe49 ./source/i2c_func.o
 .debug_info    0x00002b11      0x775 ./source/mcp4822.o
 .debug_info    0x00003286       0x3c ./source/semihost_hardfault.o
 .debug_info    0x000032c2     0x23f1 ./drivers/fsl_clock.o
 .debug_info    0x000056b3      0xbc1 ./drivers/fsl_common_arm.o
 .debug_info    0x00006274     0x1467 ./drivers/fsl_flexcomm.o
 .debug_info    0x000076db     0x11f0 ./drivers/fsl_gpio.o
 .debug_info    0x000088cb     0x2241 ./drivers/fsl_i2c.o
 .debug_info    0x0000ab0c      0xff6 ./drivers/fsl_power.o
 .debug_info    0x0000bb02      0x9f3 ./drivers/fsl_reset.o
 .debug_info    0x0000c4f5     0x1958 ./drivers/fsl_spi.o
 .debug_info    0x0000de4d     0x1892 ./drivers/fsl_usart.o
 .debug_info    0x0000f6df      0xaff ./device/system_LPC51U68.o
 .debug_info    0x000101de      0xd58 ./component/uart/fsl_adapter_usart.o
 .debug_info    0x00010f36      0x904 ./board/board.o
 .debug_info    0x0001183a      0xe41 ./board/clock_config.o
 .debug_info    0x0001267b      0x70e ./board/hardware_init.o
 .debug_info    0x00012d89      0xb64 ./board/pin_mux.o
 .debug_info    0x000138ed       0x85 C:/nxp/MCUXpressoIDE_24.12.148/ide/plugins/com.nxp.mcuxpresso.tools.win32_24.12.0.202407110909/tools/bin/../lib/gcc/arm-none-eabi/13.2.1/../../../../arm-none-eabi/lib/thumb/v6-m/nofp\libcr_nohost_nf.a(_cr__main.o)
 .debug_info    0x00013972      0x12b C:/nxp/MCUXpressoIDE_24.12.148/ide/plugins/com.nxp.mcuxpresso.tools.win32_24.12.0.202407110909/tools/bin/../lib/gcc/arm-none-eabi/13.2.1/../../../../arm-none-eabi/lib/thumb/v6-m/nofp\libcr_c.a(memcpy.o)
 .debug_info    0x00013a9d       0xfc C:/nxp/MCUXpressoIDE_24.12.148/ide/plugins/com.nxp.mcuxpresso.tools.win32_24.12.0.202407110909/tools/bin/../lib/gcc/arm-none-eabi/13.2.1/../../../../arm-none-eabi/lib/thumb/v6-m/nofp\libcr_c.a(memset.o)
 .debug_info    0x00013b99      0x526 C:/nxp/MCUXpressoIDE_24.12.148/ide/plugins/com.nxp.mcuxpresso.tools.win32_24.12.0.202407110909/tools/bin/../lib/gcc/arm-none-eabi/13.2.1/../../../../arm-none-eabi/lib/thumb/v6-m/nofp\libcr_c.a(alloc.o)
 .debug_info    0x000140bf       0x44 C:/nxp/MCUXpressoIDE_24.12.148/ide/plugins/com.nxp.mcuxpresso.tools.win32_24.12.0.202407110909/tools/bin/../lib/gcc/arm-none-eabi/13.2.1/../../../../arm-none-eabi/lib/thumb/v6-m/nofp\libcr_c.a(errno.o)
 .debug_info    0x00014103      0x353 C:/nxp/MCUXpressoIDE_24.12.148/ide/plugins/com.nxp.mcuxpresso.tools.win32_24.12.0.202407110909/tools/bin/../lib/gcc/arm-none-eabi/13.2.1/../../../../arm-none-eabi/lib/thumb/v6-m/nofp\libcr_c.a(initio.o)
 .debug_info    0x00014456      0x1fd C:/nxp/MCUXpressoIDE_24.12.148/ide/plugins/com.nxp.mcuxpresso.tools.win32_24.12.0.202407110909/tools/bin/../lib/gcc/arm-none-eabi/13.2.1/../../../../arm-none-eabi/lib/thumb/v6-m/nofp\libcr_c.a(setvbuf.o)
 .debug_info    0x00014653       0xdd C:/nxp/MCUXpressoIDE_24.12.148/ide/plugins/com.nxp.mcuxpresso.tools.win32_24.12.0.202407110909/tools/bin/../lib/gcc/arm-none-eabi/13.2.1/../../../../arm-none-eabi/lib/thumb/v6-m/nofp\libcr_c.a(strlen.o)
 .debug_info    0x00014730      0x364 C:/nxp/MCUXpressoIDE_24.12.148/ide/plugins/com.nxp.mcuxpresso.tools.win32_24.12.0.202407110909/tools/bin/../lib/gcc/arm-none-eabi/13.2.1/../../../../arm-none-eabi/lib/thumb/v6-m/nofp\libcr_c.a(_deferredlazyseek.o)
 .debug_info    0x00014a94      0x24b C:/nxp/MCUXpressoIDE_24.12.148/ide/plugins/com.nxp.mcuxpresso.tools.win32_24.12.0.202407110909/tools/bin/../lib/gcc/arm-none-eabi/13.2.1/../../../../arm-none-eabi/lib/thumb/v6-m/nofp\libcr_c.a(_fdopen.o)
 .debug_info    0x00014cdf      0x1ea C:/nxp/MCUXpressoIDE_24.12.148/ide/plugins/com.nxp.mcuxpresso.tools.win32_24.12.0.202407110909/tools/bin/../lib/gcc/arm-none-eabi/13.2.1/../../../../arm-none-eabi/lib/thumb/v6-m/nofp\libcr_c.a(_fflush.o)
 .debug_info    0x00014ec9      0x28a C:/nxp/MCUXpressoIDE_24.12.148/ide/plugins/com.nxp.mcuxpresso.tools.win32_24.12.0.202407110909/tools/bin/../lib/gcc/arm-none-eabi/13.2.1/../../../../arm-none-eabi/lib/thumb/v6-m/nofp\libcr_c.a(_writebuf.o)
 .debug_info    0x00015153      0x325 C:/nxp/MCUXpressoIDE_24.12.148/ide/plugins/com.nxp.mcuxpresso.tools.win32_24.12.0.202407110909/tools/bin/../lib/gcc/arm-none-eabi/13.2.1/../../../../arm-none-eabi/lib/thumb/v6-m/nofp\libcr_c.a(fclose.o)
 .debug_info    0x00015478      0x210 C:/nxp/MCUXpressoIDE_24.12.148/ide/plugins/com.nxp.mcuxpresso.tools.win32_24.12.0.202407110909/tools/bin/../lib/gcc/arm-none-eabi/13.2.1/../../../../arm-none-eabi/lib/thumb/v6-m/nofp\libcr_c.a(fflush.o)
 .debug_info    0x00015688      0x27f C:/nxp/MCUXpressoIDE_24.12.148/ide/plugins/com.nxp.mcuxpresso.tools.win32_24.12.0.202407110909/tools/bin/../lib/gcc/arm-none-eabi/13.2.1/../../../../arm-none-eabi/lib/thumb/v6-m/nofp\libcr_c.a(fseek.o)
 .debug_info    0x00015907      0x197 C:/nxp/MCUXpressoIDE_24.12.148/ide/plugins/com.nxp.mcuxpresso.tools.win32_24.12.0.202407110909/tools/bin/../lib/gcc/arm-none-eabi/13.2.1/../../../../arm-none-eabi/lib/thumb/v6-m/nofp\libcr_c.a(ftell.o)
 .debug_info    0x00015a9e      0x1d0 C:/nxp/MCUXpressoIDE_24.12.148/ide/plugins/com.nxp.mcuxpresso.tools.win32_24.12.0.202407110909/tools/bin/../lib/gcc/arm-none-eabi/13.2.1/../../../../arm-none-eabi/lib/thumb/v6-m/nofp\libcr_c.a(remove.o)
 .debug_info    0x00015c6e      0x241 C:/nxp/MCUXpressoIDE_24.12.148/ide/plugins/com.nxp.mcuxpresso.tools.win32_24.12.0.202407110909/tools/bin/../lib/gcc/arm-none-eabi/13.2.1/../../../../arm-none-eabi/lib/thumb/v6-m/nofp\libcr_c.a(_do_fflush.o)
 .debug_info    0x00015eaf     0x21fe C:/nxp/MCUXpressoIDE_24.12.148/ide/plugins/com.nxp.mcuxpresso.tools.win32_24.12.0.202407110909/tools/bin/../lib/gcc/arm-none-eabi/13.2.1/thumb/v6-m/nofp\libcr_eabihelpers.a(double.o)
 .debug_info    0x000180ad     0x1b71 C:/nxp/MCUXpressoIDE_24.12.148/ide/plugins/com.nxp.mcuxpresso.tools.win32_24.12.0.202407110909/tools/bin/../lib/gcc/arm-none-eabi/13.2.1/thumb/v6-m/nofp\libcr_eabihelpers.a(float.o)
 .debug_info    0x00019c1e      0x18b C:/nxp/MCUXpressoIDE_24.12.148/ide/plugins/com.nxp.mcuxpresso.tools.win32_24.12.0.202407110909/tools/bin/../lib/gcc/arm-none-eabi/13.2.1/../../../../arm-none-eabi/lib/thumb/v6-m/nofp\libcr_nohost_nf.a(__ciob.o)
 .debug_info    0x00019da9       0x6a C:/nxp/MCUXpressoIDE_24.12.148/ide/plugins/com.nxp.mcuxpresso.tools.win32_24.12.0.202407110909/tools/bin/../lib/gcc/arm-none-eabi/13.2.1/../../../../arm-none-eabi/lib/thumb/v6-m/nofp\libcr_nohost_nf.a(__sys_close.o)
 .debug_info    0x00019e13       0x6a C:/nxp/MCUXpressoIDE_24.12.148/ide/plugins/com.nxp.mcuxpresso.tools.win32_24.12.0.202407110909/tools/bin/../lib/gcc/arm-none-eabi/13.2.1/../../../../arm-none-eabi/lib/thumb/v6-m/nofp\libcr_nohost_nf.a(__sys_flen.o)
 .debug_info    0x00019e7d       0x6a C:/nxp/MCUXpressoIDE_24.12.148/ide/plugins/com.nxp.mcuxpresso.tools.win32_24.12.0.202407110909/tools/bin/../lib/gcc/arm-none-eabi/13.2.1/../../../../arm-none-eabi/lib/thumb/v6-m/nofp\libcr_nohost_nf.a(__sys_istty.o)
 .debug_info    0x00019ee7       0x8a C:/nxp/MCUXpressoIDE_24.12.148/ide/plugins/com.nxp.mcuxpresso.tools.win32_24.12.0.202407110909/tools/bin/../lib/gcc/arm-none-eabi/13.2.1/../../../../arm-none-eabi/lib/thumb/v6-m/nofp\libcr_nohost_nf.a(__sys_remove.o)
 .debug_info    0x00019f71       0x78 C:/nxp/MCUXpressoIDE_24.12.148/ide/plugins/com.nxp.mcuxpresso.tools.win32_24.12.0.202407110909/tools/bin/../lib/gcc/arm-none-eabi/13.2.1/../../../../arm-none-eabi/lib/thumb/v6-m/nofp\libcr_nohost_nf.a(__sys_seek.o)
 .debug_info    0x00019fe9       0x93 C:/nxp/MCUXpressoIDE_24.12.148/ide/plugins/com.nxp.mcuxpresso.tools.win32_24.12.0.202407110909/tools/bin/../lib/gcc/arm-none-eabi/13.2.1/../../../../arm-none-eabi/lib/thumb/v6-m/nofp\libcr_nohost_nf.a(__sys_tmpnam.o)
 .debug_info    0x0001a07c       0x93 C:/nxp/MCUXpressoIDE_24.12.148/ide/plugins/com.nxp.mcuxpresso.tools.win32_24.12.0.202407110909/tools/bin/../lib/gcc/arm-none-eabi/13.2.1/../../../../arm-none-eabi/lib/thumb/v6-m/nofp\libcr_nohost_nf.a(__sys_write.o)

.debug_abbrev   0x00000000     0x4db9
 .debug_abbrev  0x00000000      0x24f ./utilities/debug_console_lite/fsl_debug_console.o
 .debug_abbrev  0x0000024f       0xbd ./utilities/fsl_assert.o
 .debug_abbrev  0x0000030c      0x19f ./startup/startup_lpc51u68.o
 .debug_abbrev  0x000004ab      0x1ad ./source/MCP4822_FINAL_MAIN.o
 .debug_abbrev  0x00000658      0x277 ./source/i2c_func.o
 .debug_abbrev  0x000008cf      0x1c5 ./source/mcp4822.o
 .debug_abbrev  0x00000a94       0x31 ./source/semihost_hardfault.o
 .debug_abbrev  0x00000ac5      0x3c5 ./drivers/fsl_clock.o
 .debug_abbrev  0x00000e8a      0x235 ./drivers/fsl_common_arm.o
 .debug_abbrev  0x000010bf      0x2c0 ./drivers/fsl_flexcomm.o
 .debug_abbrev  0x0000137f      0x235 ./drivers/fsl_gpio.o
 .debug_abbrev  0x000015b4      0x3c6 ./drivers/fsl_i2c.o
 .debug_abbrev  0x0000197a      0x36e ./drivers/fsl_power.o
 .debug_abbrev  0x00001ce8      0x166 ./drivers/fsl_reset.o
 .debug_abbrev  0x00001e4e      0x37c ./drivers/fsl_spi.o
 .debug_abbrev  0x000021ca      0x406 ./drivers/fsl_usart.o
 .debug_abbrev  0x000025d0      0x1f8 ./device/system_LPC51U68.o
 .debug_abbrev  0x000027c8      0x229 ./component/uart/fsl_adapter_usart.o
 .debug_abbrev  0x000029f1      0x173 ./board/board.o
 .debug_abbrev  0x00002b64      0x223 ./board/clock_config.o
 .debug_abbrev  0x00002d87      0x1b3 ./board/hardware_init.o
 .debug_abbrev  0x00002f3a      0x1db ./board/pin_mux.o
 .debug_abbrev  0x00003115       0x62 C:/nxp/MCUXpressoIDE_24.12.148/ide/plugins/com.nxp.mcuxpresso.tools.win32_24.12.0.202407110909/tools/bin/../lib/gcc/arm-none-eabi/13.2.1/../../../../arm-none-eabi/lib/thumb/v6-m/nofp\libcr_nohost_nf.a(_cr__main.o)
 .debug_abbrev  0x00003177       0xb3 C:/nxp/MCUXpressoIDE_24.12.148/ide/plugins/com.nxp.mcuxpresso.tools.win32_24.12.0.202407110909/tools/bin/../lib/gcc/arm-none-eabi/13.2.1/../../../../arm-none-eabi/lib/thumb/v6-m/nofp\libcr_c.a(memcpy.o)
 .debug_abbrev  0x0000322a       0xa5 C:/nxp/MCUXpressoIDE_24.12.148/ide/plugins/com.nxp.mcuxpresso.tools.win32_24.12.0.202407110909/tools/bin/../lib/gcc/arm-none-eabi/13.2.1/../../../../arm-none-eabi/lib/thumb/v6-m/nofp\libcr_c.a(memset.o)
 .debug_abbrev  0x000032cf      0x27b C:/nxp/MCUXpressoIDE_24.12.148/ide/plugins/com.nxp.mcuxpresso.tools.win32_24.12.0.202407110909/tools/bin/../lib/gcc/arm-none-eabi/13.2.1/../../../../arm-none-eabi/lib/thumb/v6-m/nofp\libcr_c.a(alloc.o)
 .debug_abbrev  0x0000354a       0x44 C:/nxp/MCUXpressoIDE_24.12.148/ide/plugins/com.nxp.mcuxpresso.tools.win32_24.12.0.202407110909/tools/bin/../lib/gcc/arm-none-eabi/13.2.1/../../../../arm-none-eabi/lib/thumb/v6-m/nofp\libcr_c.a(errno.o)
 .debug_abbrev  0x0000358e      0x14b C:/nxp/MCUXpressoIDE_24.12.148/ide/plugins/com.nxp.mcuxpresso.tools.win32_24.12.0.202407110909/tools/bin/../lib/gcc/arm-none-eabi/13.2.1/../../../../arm-none-eabi/lib/thumb/v6-m/nofp\libcr_c.a(initio.o)
 .debug_abbrev  0x000036d9       0xe1 C:/nxp/MCUXpressoIDE_24.12.148/ide/plugins/com.nxp.mcuxpresso.tools.win32_24.12.0.202407110909/tools/bin/../lib/gcc/arm-none-eabi/13.2.1/../../../../arm-none-eabi/lib/thumb/v6-m/nofp\libcr_c.a(setvbuf.o)
 .debug_abbrev  0x000037ba       0xa5 C:/nxp/MCUXpressoIDE_24.12.148/ide/plugins/com.nxp.mcuxpresso.tools.win32_24.12.0.202407110909/tools/bin/../lib/gcc/arm-none-eabi/13.2.1/../../../../arm-none-eabi/lib/thumb/v6-m/nofp\libcr_c.a(strlen.o)
 .debug_abbrev  0x0000385f      0x147 C:/nxp/MCUXpressoIDE_24.12.148/ide/plugins/com.nxp.mcuxpresso.tools.win32_24.12.0.202407110909/tools/bin/../lib/gcc/arm-none-eabi/13.2.1/../../../../arm-none-eabi/lib/thumb/v6-m/nofp\libcr_c.a(_deferredlazyseek.o)
 .debug_abbrev  0x000039a6      0x119 C:/nxp/MCUXpressoIDE_24.12.148/ide/plugins/com.nxp.mcuxpresso.tools.win32_24.12.0.202407110909/tools/bin/../lib/gcc/arm-none-eabi/13.2.1/../../../../arm-none-eabi/lib/thumb/v6-m/nofp\libcr_c.a(_fdopen.o)
 .debug_abbrev  0x00003abf       0xf1 C:/nxp/MCUXpressoIDE_24.12.148/ide/plugins/com.nxp.mcuxpresso.tools.win32_24.12.0.202407110909/tools/bin/../lib/gcc/arm-none-eabi/13.2.1/../../../../arm-none-eabi/lib/thumb/v6-m/nofp\libcr_c.a(_fflush.o)
 .debug_abbrev  0x00003bb0      0x126 C:/nxp/MCUXpressoIDE_24.12.148/ide/plugins/com.nxp.mcuxpresso.tools.win32_24.12.0.202407110909/tools/bin/../lib/gcc/arm-none-eabi/13.2.1/../../../../arm-none-eabi/lib/thumb/v6-m/nofp\libcr_c.a(_writebuf.o)
 .debug_abbrev  0x00003cd6      0x158 C:/nxp/MCUXpressoIDE_24.12.148/ide/plugins/com.nxp.mcuxpresso.tools.win32_24.12.0.202407110909/tools/bin/../lib/gcc/arm-none-eabi/13.2.1/../../../../arm-none-eabi/lib/thumb/v6-m/nofp\libcr_c.a(fclose.o)
 .debug_abbrev  0x00003e2e      0x122 C:/nxp/MCUXpressoIDE_24.12.148/ide/plugins/com.nxp.mcuxpresso.tools.win32_24.12.0.202407110909/tools/bin/../lib/gcc/arm-none-eabi/13.2.1/../../../../arm-none-eabi/lib/thumb/v6-m/nofp\libcr_c.a(fflush.o)
 .debug_abbrev  0x00003f50      0x11b C:/nxp/MCUXpressoIDE_24.12.148/ide/plugins/com.nxp.mcuxpresso.tools.win32_24.12.0.202407110909/tools/bin/../lib/gcc/arm-none-eabi/13.2.1/../../../../arm-none-eabi/lib/thumb/v6-m/nofp\libcr_c.a(fseek.o)
 .debug_abbrev  0x0000406b       0xc2 C:/nxp/MCUXpressoIDE_24.12.148/ide/plugins/com.nxp.mcuxpresso.tools.win32_24.12.0.202407110909/tools/bin/../lib/gcc/arm-none-eabi/13.2.1/../../../../arm-none-eabi/lib/thumb/v6-m/nofp\libcr_c.a(ftell.o)
 .debug_abbrev  0x0000412d       0xed C:/nxp/MCUXpressoIDE_24.12.148/ide/plugins/com.nxp.mcuxpresso.tools.win32_24.12.0.202407110909/tools/bin/../lib/gcc/arm-none-eabi/13.2.1/../../../../arm-none-eabi/lib/thumb/v6-m/nofp\libcr_c.a(remove.o)
 .debug_abbrev  0x0000421a      0x12c C:/nxp/MCUXpressoIDE_24.12.148/ide/plugins/com.nxp.mcuxpresso.tools.win32_24.12.0.202407110909/tools/bin/../lib/gcc/arm-none-eabi/13.2.1/../../../../arm-none-eabi/lib/thumb/v6-m/nofp\libcr_c.a(_do_fflush.o)
 .debug_abbrev  0x00004346      0x37b C:/nxp/MCUXpressoIDE_24.12.148/ide/plugins/com.nxp.mcuxpresso.tools.win32_24.12.0.202407110909/tools/bin/../lib/gcc/arm-none-eabi/13.2.1/thumb/v6-m/nofp\libcr_eabihelpers.a(double.o)
 .debug_abbrev  0x000046c1      0x359 C:/nxp/MCUXpressoIDE_24.12.148/ide/plugins/com.nxp.mcuxpresso.tools.win32_24.12.0.202407110909/tools/bin/../lib/gcc/arm-none-eabi/13.2.1/thumb/v6-m/nofp\libcr_eabihelpers.a(float.o)
 .debug_abbrev  0x00004a1a       0xb5 C:/nxp/MCUXpressoIDE_24.12.148/ide/plugins/com.nxp.mcuxpresso.tools.win32_24.12.0.202407110909/tools/bin/../lib/gcc/arm-none-eabi/13.2.1/../../../../arm-none-eabi/lib/thumb/v6-m/nofp\libcr_nohost_nf.a(__ciob.o)
 .debug_abbrev  0x00004acf       0x5c C:/nxp/MCUXpressoIDE_24.12.148/ide/plugins/com.nxp.mcuxpresso.tools.win32_24.12.0.202407110909/tools/bin/../lib/gcc/arm-none-eabi/13.2.1/../../../../arm-none-eabi/lib/thumb/v6-m/nofp\libcr_nohost_nf.a(__sys_close.o)
 .debug_abbrev  0x00004b2b       0x5c C:/nxp/MCUXpressoIDE_24.12.148/ide/plugins/com.nxp.mcuxpresso.tools.win32_24.12.0.202407110909/tools/bin/../lib/gcc/arm-none-eabi/13.2.1/../../../../arm-none-eabi/lib/thumb/v6-m/nofp\libcr_nohost_nf.a(__sys_flen.o)
 .debug_abbrev  0x00004b87       0x5c C:/nxp/MCUXpressoIDE_24.12.148/ide/plugins/com.nxp.mcuxpresso.tools.win32_24.12.0.202407110909/tools/bin/../lib/gcc/arm-none-eabi/13.2.1/../../../../arm-none-eabi/lib/thumb/v6-m/nofp\libcr_nohost_nf.a(__sys_istty.o)
 .debug_abbrev  0x00004be3       0x7d C:/nxp/MCUXpressoIDE_24.12.148/ide/plugins/com.nxp.mcuxpresso.tools.win32_24.12.0.202407110909/tools/bin/../lib/gcc/arm-none-eabi/13.2.1/../../../../arm-none-eabi/lib/thumb/v6-m/nofp\libcr_nohost_nf.a(__sys_remove.o)
 .debug_abbrev  0x00004c60       0x6d C:/nxp/MCUXpressoIDE_24.12.148/ide/plugins/com.nxp.mcuxpresso.tools.win32_24.12.0.202407110909/tools/bin/../lib/gcc/arm-none-eabi/13.2.1/../../../../arm-none-eabi/lib/thumb/v6-m/nofp\libcr_nohost_nf.a(__sys_seek.o)
 .debug_abbrev  0x00004ccd       0x76 C:/nxp/MCUXpressoIDE_24.12.148/ide/plugins/com.nxp.mcuxpresso.tools.win32_24.12.0.202407110909/tools/bin/../lib/gcc/arm-none-eabi/13.2.1/../../../../arm-none-eabi/lib/thumb/v6-m/nofp\libcr_nohost_nf.a(__sys_tmpnam.o)
 .debug_abbrev  0x00004d43       0x76 C:/nxp/MCUXpressoIDE_24.12.148/ide/plugins/com.nxp.mcuxpresso.tools.win32_24.12.0.202407110909/tools/bin/../lib/gcc/arm-none-eabi/13.2.1/../../../../arm-none-eabi/lib/thumb/v6-m/nofp\libcr_nohost_nf.a(__sys_write.o)

.debug_aranges  0x00000000     0x1090
 .debug_aranges
                0x00000000       0x78 ./utilities/debug_console_lite/fsl_debug_console.o
 .debug_aranges
                0x00000078       0x28 ./utilities/fsl_assert.o
 .debug_aranges
                0x000000a0      0x150 ./startup/startup_lpc51u68.o
 .debug_aranges
                0x000001f0       0x20 ./source/MCP4822_FINAL_MAIN.o
 .debug_aranges
                0x00000210       0x68 ./source/i2c_func.o
 .debug_aranges
                0x00000278       0x30 ./source/mcp4822.o
 .debug_aranges
                0x000002a8       0x20 ./source/semihost_hardfault.o
 .debug_aranges
                0x000002c8      0x1b0 ./drivers/fsl_clock.o
 .debug_aranges
                0x00000478       0x58 ./drivers/fsl_common_arm.o
 .debug_aranges
                0x000004d0       0x88 ./drivers/fsl_flexcomm.o
 .debug_aranges
                0x00000558       0x38 ./drivers/fsl_gpio.o
 .debug_aranges
                0x00000590      0x1a0 ./drivers/fsl_i2c.o
 .debug_aranges
                0x00000730       0x90 ./drivers/fsl_power.o
 .debug_aranges
                0x000007c0       0x30 ./drivers/fsl_reset.o
 .debug_aranges
                0x000007f0       0xe8 ./drivers/fsl_spi.o
 .debug_aranges
                0x000008d8      0x108 ./drivers/fsl_usart.o
 .debug_aranges
                0x000009e0       0x68 ./device/system_LPC51U68.o
 .debug_aranges
                0x00000a48       0x58 ./component/uart/fsl_adapter_usart.o
 .debug_aranges
                0x00000aa0       0x20 ./board/board.o
 .debug_aranges
                0x00000ac0       0x48 ./board/clock_config.o
 .debug_aranges
                0x00000b08       0x20 ./board/hardware_init.o
 .debug_aranges
                0x00000b28       0x40 ./board/pin_mux.o
 .debug_aranges
                0x00000b68       0x20 C:/nxp/MCUXpressoIDE_24.12.148/ide/plugins/com.nxp.mcuxpresso.tools.win32_24.12.0.202407110909/tools/bin/../lib/gcc/arm-none-eabi/13.2.1/../../../../arm-none-eabi/lib/thumb/v6-m/nofp\libcr_nohost_nf.a(_cr__main.o)
 .debug_aranges
                0x00000b88       0x20 C:/nxp/MCUXpressoIDE_24.12.148/ide/plugins/com.nxp.mcuxpresso.tools.win32_24.12.0.202407110909/tools/bin/../lib/gcc/arm-none-eabi/13.2.1/../../../../arm-none-eabi/lib/thumb/v6-m/nofp\libcr_c.a(memcpy.o)
 .debug_aranges
                0x00000ba8       0x20 C:/nxp/MCUXpressoIDE_24.12.148/ide/plugins/com.nxp.mcuxpresso.tools.win32_24.12.0.202407110909/tools/bin/../lib/gcc/arm-none-eabi/13.2.1/../../../../arm-none-eabi/lib/thumb/v6-m/nofp\libcr_c.a(memset.o)
 .debug_aranges
                0x00000bc8       0x40 C:/nxp/MCUXpressoIDE_24.12.148/ide/plugins/com.nxp.mcuxpresso.tools.win32_24.12.0.202407110909/tools/bin/../lib/gcc/arm-none-eabi/13.2.1/../../../../arm-none-eabi/lib/thumb/v6-m/nofp\libcr_c.a(alloc.o)
 .debug_aranges
                0x00000c08       0x18 C:/nxp/MCUXpressoIDE_24.12.148/ide/plugins/com.nxp.mcuxpresso.tools.win32_24.12.0.202407110909/tools/bin/../lib/gcc/arm-none-eabi/13.2.1/../../../../arm-none-eabi/lib/thumb/v6-m/nofp\libcr_c.a(errno.o)
 .debug_aranges
                0x00000c20       0x28 C:/nxp/MCUXpressoIDE_24.12.148/ide/plugins/com.nxp.mcuxpresso.tools.win32_24.12.0.202407110909/tools/bin/../lib/gcc/arm-none-eabi/13.2.1/../../../../arm-none-eabi/lib/thumb/v6-m/nofp\libcr_c.a(initio.o)
 .debug_aranges
                0x00000c48       0x20 C:/nxp/MCUXpressoIDE_24.12.148/ide/plugins/com.nxp.mcuxpresso.tools.win32_24.12.0.202407110909/tools/bin/../lib/gcc/arm-none-eabi/13.2.1/../../../../arm-none-eabi/lib/thumb/v6-m/nofp\libcr_c.a(setvbuf.o)
 .debug_aranges
                0x00000c68       0x20 C:/nxp/MCUXpressoIDE_24.12.148/ide/plugins/com.nxp.mcuxpresso.tools.win32_24.12.0.202407110909/tools/bin/../lib/gcc/arm-none-eabi/13.2.1/../../../../arm-none-eabi/lib/thumb/v6-m/nofp\libcr_c.a(strlen.o)
 .debug_aranges
                0x00000c88       0x28 C:/nxp/MCUXpressoIDE_24.12.148/ide/plugins/com.nxp.mcuxpresso.tools.win32_24.12.0.202407110909/tools/bin/../lib/gcc/arm-none-eabi/13.2.1/../../../../arm-none-eabi/lib/thumb/v6-m/nofp\libcr_c.a(_deferredlazyseek.o)
 .debug_aranges
                0x00000cb0       0x20 C:/nxp/MCUXpressoIDE_24.12.148/ide/plugins/com.nxp.mcuxpresso.tools.win32_24.12.0.202407110909/tools/bin/../lib/gcc/arm-none-eabi/13.2.1/../../../../arm-none-eabi/lib/thumb/v6-m/nofp\libcr_c.a(_fdopen.o)
 .debug_aranges
                0x00000cd0       0x20 C:/nxp/MCUXpressoIDE_24.12.148/ide/plugins/com.nxp.mcuxpresso.tools.win32_24.12.0.202407110909/tools/bin/../lib/gcc/arm-none-eabi/13.2.1/../../../../arm-none-eabi/lib/thumb/v6-m/nofp\libcr_c.a(_fflush.o)
 .debug_aranges
                0x00000cf0       0x20 C:/nxp/MCUXpressoIDE_24.12.148/ide/plugins/com.nxp.mcuxpresso.tools.win32_24.12.0.202407110909/tools/bin/../lib/gcc/arm-none-eabi/13.2.1/../../../../arm-none-eabi/lib/thumb/v6-m/nofp\libcr_c.a(_writebuf.o)
 .debug_aranges
                0x00000d10       0x20 C:/nxp/MCUXpressoIDE_24.12.148/ide/plugins/com.nxp.mcuxpresso.tools.win32_24.12.0.202407110909/tools/bin/../lib/gcc/arm-none-eabi/13.2.1/../../../../arm-none-eabi/lib/thumb/v6-m/nofp\libcr_c.a(fclose.o)
 .debug_aranges
                0x00000d30       0x20 C:/nxp/MCUXpressoIDE_24.12.148/ide/plugins/com.nxp.mcuxpresso.tools.win32_24.12.0.202407110909/tools/bin/../lib/gcc/arm-none-eabi/13.2.1/../../../../arm-none-eabi/lib/thumb/v6-m/nofp\libcr_c.a(fflush.o)
 .debug_aranges
                0x00000d50       0x20 C:/nxp/MCUXpressoIDE_24.12.148/ide/plugins/com.nxp.mcuxpresso.tools.win32_24.12.0.202407110909/tools/bin/../lib/gcc/arm-none-eabi/13.2.1/../../../../arm-none-eabi/lib/thumb/v6-m/nofp\libcr_c.a(fseek.o)
 .debug_aranges
                0x00000d70       0x20 C:/nxp/MCUXpressoIDE_24.12.148/ide/plugins/com.nxp.mcuxpresso.tools.win32_24.12.0.202407110909/tools/bin/../lib/gcc/arm-none-eabi/13.2.1/../../../../arm-none-eabi/lib/thumb/v6-m/nofp\libcr_c.a(ftell.o)
 .debug_aranges
                0x00000d90       0x28 C:/nxp/MCUXpressoIDE_24.12.148/ide/plugins/com.nxp.mcuxpresso.tools.win32_24.12.0.202407110909/tools/bin/../lib/gcc/arm-none-eabi/13.2.1/../../../../arm-none-eabi/lib/thumb/v6-m/nofp\libcr_c.a(remove.o)
 .debug_aranges
                0x00000db8       0x20 C:/nxp/MCUXpressoIDE_24.12.148/ide/plugins/com.nxp.mcuxpresso.tools.win32_24.12.0.202407110909/tools/bin/../lib/gcc/arm-none-eabi/13.2.1/../../../../arm-none-eabi/lib/thumb/v6-m/nofp\libcr_c.a(_do_fflush.o)
 .debug_aranges
                0x00000dd8       0xe0 C:/nxp/MCUXpressoIDE_24.12.148/ide/plugins/com.nxp.mcuxpresso.tools.win32_24.12.0.202407110909/tools/bin/../lib/gcc/arm-none-eabi/13.2.1/thumb/v6-m/nofp\libcr_eabihelpers.a(double.o)
 .debug_aranges
                0x00000eb8       0xe0 C:/nxp/MCUXpressoIDE_24.12.148/ide/plugins/com.nxp.mcuxpresso.tools.win32_24.12.0.202407110909/tools/bin/../lib/gcc/arm-none-eabi/13.2.1/thumb/v6-m/nofp\libcr_eabihelpers.a(float.o)
 .debug_aranges
                0x00000f98       0x18 C:/nxp/MCUXpressoIDE_24.12.148/ide/plugins/com.nxp.mcuxpresso.tools.win32_24.12.0.202407110909/tools/bin/../lib/gcc/arm-none-eabi/13.2.1/../../../../arm-none-eabi/lib/thumb/v6-m/nofp\libcr_nohost_nf.a(__ciob.o)
 .debug_aranges
                0x00000fb0       0x20 C:/nxp/MCUXpressoIDE_24.12.148/ide/plugins/com.nxp.mcuxpresso.tools.win32_24.12.0.202407110909/tools/bin/../lib/gcc/arm-none-eabi/13.2.1/../../../../arm-none-eabi/lib/thumb/v6-m/nofp\libcr_nohost_nf.a(__sys_close.o)
 .debug_aranges
                0x00000fd0       0x20 C:/nxp/MCUXpressoIDE_24.12.148/ide/plugins/com.nxp.mcuxpresso.tools.win32_24.12.0.202407110909/tools/bin/../lib/gcc/arm-none-eabi/13.2.1/../../../../arm-none-eabi/lib/thumb/v6-m/nofp\libcr_nohost_nf.a(__sys_flen.o)
 .debug_aranges
                0x00000ff0       0x20 C:/nxp/MCUXpressoIDE_24.12.148/ide/plugins/com.nxp.mcuxpresso.tools.win32_24.12.0.202407110909/tools/bin/../lib/gcc/arm-none-eabi/13.2.1/../../../../arm-none-eabi/lib/thumb/v6-m/nofp\libcr_nohost_nf.a(__sys_istty.o)
 .debug_aranges
                0x00001010       0x20 C:/nxp/MCUXpressoIDE_24.12.148/ide/plugins/com.nxp.mcuxpresso.tools.win32_24.12.0.202407110909/tools/bin/../lib/gcc/arm-none-eabi/13.2.1/../../../../arm-none-eabi/lib/thumb/v6-m/nofp\libcr_nohost_nf.a(__sys_remove.o)
 .debug_aranges
                0x00001030       0x20 C:/nxp/MCUXpressoIDE_24.12.148/ide/plugins/com.nxp.mcuxpresso.tools.win32_24.12.0.202407110909/tools/bin/../lib/gcc/arm-none-eabi/13.2.1/../../../../arm-none-eabi/lib/thumb/v6-m/nofp\libcr_nohost_nf.a(__sys_seek.o)
 .debug_aranges
                0x00001050       0x20 C:/nxp/MCUXpressoIDE_24.12.148/ide/plugins/com.nxp.mcuxpresso.tools.win32_24.12.0.202407110909/tools/bin/../lib/gcc/arm-none-eabi/13.2.1/../../../../arm-none-eabi/lib/thumb/v6-m/nofp\libcr_nohost_nf.a(__sys_tmpnam.o)
 .debug_aranges
                0x00001070       0x20 C:/nxp/MCUXpressoIDE_24.12.148/ide/plugins/com.nxp.mcuxpresso.tools.win32_24.12.0.202407110909/tools/bin/../lib/gcc/arm-none-eabi/13.2.1/../../../../arm-none-eabi/lib/thumb/v6-m/nofp\libcr_nohost_nf.a(__sys_write.o)

.debug_ranges   0x00000000     0x11e8
 .debug_ranges  0x00000000       0x68 ./utilities/debug_console_lite/fsl_debug_console.o
 .debug_ranges  0x00000068       0x18 ./utilities/fsl_assert.o
 .debug_ranges  0x00000080      0x140 ./startup/startup_lpc51u68.o
 .debug_ranges  0x000001c0       0x10 ./source/MCP4822_FINAL_MAIN.o
 .debug_ranges  0x000001d0       0x58 ./source/i2c_func.o
 .debug_ranges  0x00000228       0x20 ./source/mcp4822.o
 .debug_ranges  0x00000248       0x10 ./source/semihost_hardfault.o
 .debug_ranges  0x00000258      0x1a0 ./drivers/fsl_clock.o
 .debug_ranges  0x000003f8       0x48 ./drivers/fsl_common_arm.o
 .debug_ranges  0x00000440       0x78 ./drivers/fsl_flexcomm.o
 .debug_ranges  0x000004b8       0x28 ./drivers/fsl_gpio.o
 .debug_ranges  0x000004e0      0x1d8 ./drivers/fsl_i2c.o
 .debug_ranges  0x000006b8       0x80 ./drivers/fsl_power.o
 .debug_ranges  0x00000738       0x20 ./drivers/fsl_reset.o
 .debug_ranges  0x00000758       0xf0 ./drivers/fsl_spi.o
 .debug_ranges  0x00000848       0xf8 ./drivers/fsl_usart.o
 .debug_ranges  0x00000940       0x58 ./device/system_LPC51U68.o
 .debug_ranges  0x00000998       0x48 ./component/uart/fsl_adapter_usart.o
 .debug_ranges  0x000009e0       0x10 ./board/board.o
 .debug_ranges  0x000009f0       0x38 ./board/clock_config.o
 .debug_ranges  0x00000a28       0x10 ./board/hardware_init.o
 .debug_ranges  0x00000a38       0x30 ./board/pin_mux.o
 .debug_ranges  0x00000a68       0x10 C:/nxp/MCUXpressoIDE_24.12.148/ide/plugins/com.nxp.mcuxpresso.tools.win32_24.12.0.202407110909/tools/bin/../lib/gcc/arm-none-eabi/13.2.1/../../../../arm-none-eabi/lib/thumb/v6-m/nofp\libcr_nohost_nf.a(_cr__main.o)
 .debug_ranges  0x00000a78       0x10 C:/nxp/MCUXpressoIDE_24.12.148/ide/plugins/com.nxp.mcuxpresso.tools.win32_24.12.0.202407110909/tools/bin/../lib/gcc/arm-none-eabi/13.2.1/../../../../arm-none-eabi/lib/thumb/v6-m/nofp\libcr_c.a(memcpy.o)
 .debug_ranges  0x00000a88       0x10 C:/nxp/MCUXpressoIDE_24.12.148/ide/plugins/com.nxp.mcuxpresso.tools.win32_24.12.0.202407110909/tools/bin/../lib/gcc/arm-none-eabi/13.2.1/../../../../arm-none-eabi/lib/thumb/v6-m/nofp\libcr_c.a(memset.o)
 .debug_ranges  0x00000a98       0x50 C:/nxp/MCUXpressoIDE_24.12.148/ide/plugins/com.nxp.mcuxpresso.tools.win32_24.12.0.202407110909/tools/bin/../lib/gcc/arm-none-eabi/13.2.1/../../../../arm-none-eabi/lib/thumb/v6-m/nofp\libcr_c.a(alloc.o)
 .debug_ranges  0x00000ae8       0x38 C:/nxp/MCUXpressoIDE_24.12.148/ide/plugins/com.nxp.mcuxpresso.tools.win32_24.12.0.202407110909/tools/bin/../lib/gcc/arm-none-eabi/13.2.1/../../../../arm-none-eabi/lib/thumb/v6-m/nofp\libcr_c.a(initio.o)
 .debug_ranges  0x00000b20       0x10 C:/nxp/MCUXpressoIDE_24.12.148/ide/plugins/com.nxp.mcuxpresso.tools.win32_24.12.0.202407110909/tools/bin/../lib/gcc/arm-none-eabi/13.2.1/../../../../arm-none-eabi/lib/thumb/v6-m/nofp\libcr_c.a(setvbuf.o)
 .debug_ranges  0x00000b30       0x28 C:/nxp/MCUXpressoIDE_24.12.148/ide/plugins/com.nxp.mcuxpresso.tools.win32_24.12.0.202407110909/tools/bin/../lib/gcc/arm-none-eabi/13.2.1/../../../../arm-none-eabi/lib/thumb/v6-m/nofp\libcr_c.a(strlen.o)
 .debug_ranges  0x00000b58       0x48 C:/nxp/MCUXpressoIDE_24.12.148/ide/plugins/com.nxp.mcuxpresso.tools.win32_24.12.0.202407110909/tools/bin/../lib/gcc/arm-none-eabi/13.2.1/../../../../arm-none-eabi/lib/thumb/v6-m/nofp\libcr_c.a(_deferredlazyseek.o)
 .debug_ranges  0x00000ba0       0x10 C:/nxp/MCUXpressoIDE_24.12.148/ide/plugins/com.nxp.mcuxpresso.tools.win32_24.12.0.202407110909/tools/bin/../lib/gcc/arm-none-eabi/13.2.1/../../../../arm-none-eabi/lib/thumb/v6-m/nofp\libcr_c.a(_fdopen.o)
 .debug_ranges  0x00000bb0       0x10 C:/nxp/MCUXpressoIDE_24.12.148/ide/plugins/com.nxp.mcuxpresso.tools.win32_24.12.0.202407110909/tools/bin/../lib/gcc/arm-none-eabi/13.2.1/../../../../arm-none-eabi/lib/thumb/v6-m/nofp\libcr_c.a(_fflush.o)
 .debug_ranges  0x00000bc0       0x10 C:/nxp/MCUXpressoIDE_24.12.148/ide/plugins/com.nxp.mcuxpresso.tools.win32_24.12.0.202407110909/tools/bin/../lib/gcc/arm-none-eabi/13.2.1/../../../../arm-none-eabi/lib/thumb/v6-m/nofp\libcr_c.a(_writebuf.o)
 .debug_ranges  0x00000bd0       0x10 C:/nxp/MCUXpressoIDE_24.12.148/ide/plugins/com.nxp.mcuxpresso.tools.win32_24.12.0.202407110909/tools/bin/../lib/gcc/arm-none-eabi/13.2.1/../../../../arm-none-eabi/lib/thumb/v6-m/nofp\libcr_c.a(fclose.o)
 .debug_ranges  0x00000be0       0x28 C:/nxp/MCUXpressoIDE_24.12.148/ide/plugins/com.nxp.mcuxpresso.tools.win32_24.12.0.202407110909/tools/bin/../lib/gcc/arm-none-eabi/13.2.1/../../../../arm-none-eabi/lib/thumb/v6-m/nofp\libcr_c.a(fflush.o)
 .debug_ranges  0x00000c08       0x10 C:/nxp/MCUXpressoIDE_24.12.148/ide/plugins/com.nxp.mcuxpresso.tools.win32_24.12.0.202407110909/tools/bin/../lib/gcc/arm-none-eabi/13.2.1/../../../../arm-none-eabi/lib/thumb/v6-m/nofp\libcr_c.a(fseek.o)
 .debug_ranges  0x00000c18       0x10 C:/nxp/MCUXpressoIDE_24.12.148/ide/plugins/com.nxp.mcuxpresso.tools.win32_24.12.0.202407110909/tools/bin/../lib/gcc/arm-none-eabi/13.2.1/../../../../arm-none-eabi/lib/thumb/v6-m/nofp\libcr_c.a(ftell.o)
 .debug_ranges  0x00000c28       0x18 C:/nxp/MCUXpressoIDE_24.12.148/ide/plugins/com.nxp.mcuxpresso.tools.win32_24.12.0.202407110909/tools/bin/../lib/gcc/arm-none-eabi/13.2.1/../../../../arm-none-eabi/lib/thumb/v6-m/nofp\libcr_c.a(remove.o)
 .debug_ranges  0x00000c40       0x28 C:/nxp/MCUXpressoIDE_24.12.148/ide/plugins/com.nxp.mcuxpresso.tools.win32_24.12.0.202407110909/tools/bin/../lib/gcc/arm-none-eabi/13.2.1/../../../../arm-none-eabi/lib/thumb/v6-m/nofp\libcr_c.a(_do_fflush.o)
 .debug_ranges  0x00000c68      0x290 C:/nxp/MCUXpressoIDE_24.12.148/ide/plugins/com.nxp.mcuxpresso.tools.win32_24.12.0.202407110909/tools/bin/../lib/gcc/arm-none-eabi/13.2.1/thumb/v6-m/nofp\libcr_eabihelpers.a(double.o)
 .debug_ranges  0x00000ef8      0x280 C:/nxp/MCUXpressoIDE_24.12.148/ide/plugins/com.nxp.mcuxpresso.tools.win32_24.12.0.202407110909/tools/bin/../lib/gcc/arm-none-eabi/13.2.1/thumb/v6-m/nofp\libcr_eabihelpers.a(float.o)
 .debug_ranges  0x00001178       0x10 C:/nxp/MCUXpressoIDE_24.12.148/ide/plugins/com.nxp.mcuxpresso.tools.win32_24.12.0.202407110909/tools/bin/../lib/gcc/arm-none-eabi/13.2.1/../../../../arm-none-eabi/lib/thumb/v6-m/nofp\libcr_nohost_nf.a(__sys_close.o)
 .debug_ranges  0x00001188       0x10 C:/nxp/MCUXpressoIDE_24.12.148/ide/plugins/com.nxp.mcuxpresso.tools.win32_24.12.0.202407110909/tools/bin/../lib/gcc/arm-none-eabi/13.2.1/../../../../arm-none-eabi/lib/thumb/v6-m/nofp\libcr_nohost_nf.a(__sys_flen.o)
 .debug_ranges  0x00001198       0x10 C:/nxp/MCUXpressoIDE_24.12.148/ide/plugins/com.nxp.mcuxpresso.tools.win32_24.12.0.202407110909/tools/bin/../lib/gcc/arm-none-eabi/13.2.1/../../../../arm-none-eabi/lib/thumb/v6-m/nofp\libcr_nohost_nf.a(__sys_istty.o)
 .debug_ranges  0x000011a8       0x10 C:/nxp/MCUXpressoIDE_24.12.148/ide/plugins/com.nxp.mcuxpresso.tools.win32_24.12.0.202407110909/tools/bin/../lib/gcc/arm-none-eabi/13.2.1/../../../../arm-none-eabi/lib/thumb/v6-m/nofp\libcr_nohost_nf.a(__sys_remove.o)
 .debug_ranges  0x000011b8       0x10 C:/nxp/MCUXpressoIDE_24.12.148/ide/plugins/com.nxp.mcuxpresso.tools.win32_24.12.0.202407110909/tools/bin/../lib/gcc/arm-none-eabi/13.2.1/../../../../arm-none-eabi/lib/thumb/v6-m/nofp\libcr_nohost_nf.a(__sys_seek.o)
 .debug_ranges  0x000011c8       0x10 C:/nxp/MCUXpressoIDE_24.12.148/ide/plugins/com.nxp.mcuxpresso.tools.win32_24.12.0.202407110909/tools/bin/../lib/gcc/arm-none-eabi/13.2.1/../../../../arm-none-eabi/lib/thumb/v6-m/nofp\libcr_nohost_nf.a(__sys_tmpnam.o)
 .debug_ranges  0x000011d8       0x10 C:/nxp/MCUXpressoIDE_24.12.148/ide/plugins/com.nxp.mcuxpresso.tools.win32_24.12.0.202407110909/tools/bin/../lib/gcc/arm-none-eabi/13.2.1/../../../../arm-none-eabi/lib/thumb/v6-m/nofp\libcr_nohost_nf.a(__sys_write.o)

.debug_macro    0x00000000     0x3a9d
 .debug_macro   0x00000000      0x276 ./utilities/debug_console_lite/fsl_debug_console.o
 .debug_macro   0x00000276       0x16 ./utilities/debug_console_lite/fsl_debug_console.o
 .debug_macro   0x0000028c       0x10 ./utilities/debug_console_lite/fsl_debug_console.o
 .debug_macro   0x0000029c       0xc4 ./utilities/debug_console_lite/fsl_debug_console.o
 .debug_macro   0x00000360       0x16 ./utilities/debug_console_lite/fsl_debug_console.o
 .debug_macro   0x00000376       0x34 ./utilities/debug_console_lite/fsl_debug_console.o
 .debug_macro   0x000003aa       0x47 ./utilities/debug_console_lite/fsl_debug_console.o
 .debug_macro   0x000003f1      0x250 ./utilities/fsl_assert.o
 .debug_macro   0x00000641       0x1c ./utilities/fsl_assert.o
 .debug_macro   0x0000065d       0x22 ./utilities/fsl_assert.o
 .debug_macro   0x0000067f       0x1c ./utilities/fsl_assert.o
 .debug_macro   0x0000069b       0x3b ./startup/startup_lpc51u68.o
 .debug_macro   0x000006d6       0x34 ./startup/startup_lpc51u68.o
 .debug_macro   0x0000070a      0x2d7 ./source/MCP4822_FINAL_MAIN.o
 .debug_macro   0x000009e1       0x10 ./source/MCP4822_FINAL_MAIN.o
 .debug_macro   0x000009f1       0x46 ./source/MCP4822_FINAL_MAIN.o
 .debug_macro   0x00000a37       0x28 ./source/MCP4822_FINAL_MAIN.o
 .debug_macro   0x00000a5f       0x10 ./source/MCP4822_FINAL_MAIN.o
 .debug_macro   0x00000a6f      0x188 ./source/MCP4822_FINAL_MAIN.o
 .debug_macro   0x00000bf7       0x2e ./source/MCP4822_FINAL_MAIN.o
 .debug_macro   0x00000c25       0xd2 ./source/MCP4822_FINAL_MAIN.o
 .debug_macro   0x00000cf7       0x52 ./source/MCP4822_FINAL_MAIN.o
 .debug_macro   0x00000d49       0x3a ./source/MCP4822_FINAL_MAIN.o
 .debug_macro   0x00000d83      0x2b3 ./source/i2c_func.o
 .debug_macro   0x00001036       0xd8 ./source/i2c_func.o
 .debug_macro   0x0000110e       0x10 ./source/i2c_func.o
 .debug_macro   0x0000111e      0x278 ./source/mcp4822.o
 .debug_macro   0x00001396       0x1a ./source/semihost_hardfault.o
 .debug_macro   0x000013b0      0x2f2 ./drivers/fsl_clock.o
 .debug_macro   0x000016a2       0x22 ./drivers/fsl_clock.o
 .debug_macro   0x000016c4      0x235 ./drivers/fsl_common_arm.o
 .debug_macro   0x000018f9      0x23e ./drivers/fsl_flexcomm.o
 .debug_macro   0x00001b37      0x245 ./drivers/fsl_gpio.o
 .debug_macro   0x00001d7c      0x26d ./drivers/fsl_i2c.o
 .debug_macro   0x00001fe9       0x16 ./drivers/fsl_i2c.o
 .debug_macro   0x00001fff       0x1c ./drivers/fsl_i2c.o
 .debug_macro   0x0000201b       0x4c ./drivers/fsl_i2c.o
 .debug_macro   0x00002067      0x3d0 ./drivers/fsl_power.o
 .debug_macro   0x00002437      0x235 ./drivers/fsl_reset.o
 .debug_macro   0x0000266c      0x265 ./drivers/fsl_spi.o
 .debug_macro   0x000028d1      0x24d ./drivers/fsl_usart.o
 .debug_macro   0x00002b1e       0x1c ./drivers/fsl_usart.o
 .debug_macro   0x00002b3a      0x1d8 ./device/system_LPC51U68.o
 .debug_macro   0x00002d12      0x24a ./component/uart/fsl_adapter_usart.o
 .debug_macro   0x00002f5c       0x22 ./component/uart/fsl_adapter_usart.o
 .debug_macro   0x00002f7e      0x26d ./board/board.o
 .debug_macro   0x000031eb       0x2e ./board/board.o
 .debug_macro   0x00003219      0x255 ./board/clock_config.o
 .debug_macro   0x0000346e       0x1c ./board/clock_config.o
 .debug_macro   0x0000348a      0x25f ./board/hardware_init.o
 .debug_macro   0x000036e9       0xb2 ./board/hardware_init.o
 .debug_macro   0x0000379b      0x24a ./board/pin_mux.o
 .debug_macro   0x000039e5       0xb8 ./board/pin_mux.o

.debug_line     0x00000000    0x138d3
 .debug_line    0x00000000      0xc27 ./utilities/debug_console_lite/fsl_debug_console.o
 .debug_line    0x00000c27      0x76e ./utilities/fsl_assert.o
 .debug_line    0x00001395      0x377 ./startup/startup_lpc51u68.o
 .debug_line    0x0000170c      0x824 ./source/MCP4822_FINAL_MAIN.o
 .debug_line    0x00001f30      0xb6f ./source/i2c_func.o
 .debug_line    0x00002a9f      0x7cd ./source/mcp4822.o
 .debug_line    0x0000326c       0xbb ./source/semihost_hardfault.o
 .debug_line    0x00003327     0x184a ./drivers/fsl_clock.o
 .debug_line    0x00004b71      0x7b7 ./drivers/fsl_common_arm.o
 .debug_line    0x00005328      0x904 ./drivers/fsl_flexcomm.o
 .debug_line    0x00005c2c      0x719 ./drivers/fsl_gpio.o
 .debug_line    0x00006345     0x170f ./drivers/fsl_i2c.o
 .debug_line    0x00007a54      0xaa1 ./drivers/fsl_power.o
 .debug_line    0x000084f5      0x73e ./drivers/fsl_reset.o
 .debug_line    0x00008c33     0x1203 ./drivers/fsl_spi.o
 .debug_line    0x00009e36     0x1347 ./drivers/fsl_usart.o
 .debug_line    0x0000b17d      0x914 ./device/system_LPC51U68.o
 .debug_line    0x0000ba91      0x8a9 ./component/uart/fsl_adapter_usart.o
 .debug_line    0x0000c33a      0x774 ./board/board.o
 .debug_line    0x0000caae      0x7c6 ./board/clock_config.o
 .debug_line    0x0000d274      0x6f7 ./board/hardware_init.o
 .debug_line    0x0000d96b      0x7c7 ./board/pin_mux.o
 .debug_line    0x0000e132       0xc9 C:/nxp/MCUXpressoIDE_24.12.148/ide/plugins/com.nxp.mcuxpresso.tools.win32_24.12.0.202407110909/tools/bin/../lib/gcc/arm-none-eabi/13.2.1/../../../../arm-none-eabi/lib/thumb/v6-m/nofp\libcr_nohost_nf.a(_cr__main.o)
 .debug_line    0x0000e1fb      0x112 C:/nxp/MCUXpressoIDE_24.12.148/ide/plugins/com.nxp.mcuxpresso.tools.win32_24.12.0.202407110909/tools/bin/../lib/gcc/arm-none-eabi/13.2.1/../../../../arm-none-eabi/lib/thumb/v6-m/nofp\libcr_c.a(memcpy.o)
 .debug_line    0x0000e30d       0xba C:/nxp/MCUXpressoIDE_24.12.148/ide/plugins/com.nxp.mcuxpresso.tools.win32_24.12.0.202407110909/tools/bin/../lib/gcc/arm-none-eabi/13.2.1/../../../../arm-none-eabi/lib/thumb/v6-m/nofp\libcr_c.a(memset.o)
 .debug_line    0x0000e3c7      0x429 C:/nxp/MCUXpressoIDE_24.12.148/ide/plugins/com.nxp.mcuxpresso.tools.win32_24.12.0.202407110909/tools/bin/../lib/gcc/arm-none-eabi/13.2.1/../../../../arm-none-eabi/lib/thumb/v6-m/nofp\libcr_c.a(alloc.o)
 .debug_line    0x0000e7f0       0x86 C:/nxp/MCUXpressoIDE_24.12.148/ide/plugins/com.nxp.mcuxpresso.tools.win32_24.12.0.202407110909/tools/bin/../lib/gcc/arm-none-eabi/13.2.1/../../../../arm-none-eabi/lib/thumb/v6-m/nofp\libcr_c.a(errno.o)
 .debug_line    0x0000e876      0x1b6 C:/nxp/MCUXpressoIDE_24.12.148/ide/plugins/com.nxp.mcuxpresso.tools.win32_24.12.0.202407110909/tools/bin/../lib/gcc/arm-none-eabi/13.2.1/../../../../arm-none-eabi/lib/thumb/v6-m/nofp\libcr_c.a(initio.o)
 .debug_line    0x0000ea2c      0x167 C:/nxp/MCUXpressoIDE_24.12.148/ide/plugins/com.nxp.mcuxpresso.tools.win32_24.12.0.202407110909/tools/bin/../lib/gcc/arm-none-eabi/13.2.1/../../../../arm-none-eabi/lib/thumb/v6-m/nofp\libcr_c.a(setvbuf.o)
 .debug_line    0x0000eb93      0x15b C:/nxp/MCUXpressoIDE_24.12.148/ide/plugins/com.nxp.mcuxpresso.tools.win32_24.12.0.202407110909/tools/bin/../lib/gcc/arm-none-eabi/13.2.1/../../../../arm-none-eabi/lib/thumb/v6-m/nofp\libcr_c.a(strlen.o)
 .debug_line    0x0000ecee      0x36c C:/nxp/MCUXpressoIDE_24.12.148/ide/plugins/com.nxp.mcuxpresso.tools.win32_24.12.0.202407110909/tools/bin/../lib/gcc/arm-none-eabi/13.2.1/../../../../arm-none-eabi/lib/thumb/v6-m/nofp\libcr_c.a(_deferredlazyseek.o)
 .debug_line    0x0000f05a      0x1ab C:/nxp/MCUXpressoIDE_24.12.148/ide/plugins/com.nxp.mcuxpresso.tools.win32_24.12.0.202407110909/tools/bin/../lib/gcc/arm-none-eabi/13.2.1/../../../../arm-none-eabi/lib/thumb/v6-m/nofp\libcr_c.a(_fdopen.o)
 .debug_line    0x0000f205      0x197 C:/nxp/MCUXpressoIDE_24.12.148/ide/plugins/com.nxp.mcuxpresso.tools.win32_24.12.0.202407110909/tools/bin/../lib/gcc/arm-none-eabi/13.2.1/../../../../arm-none-eabi/lib/thumb/v6-m/nofp\libcr_c.a(_fflush.o)
 .debug_line    0x0000f39c      0x1ae C:/nxp/MCUXpressoIDE_24.12.148/ide/plugins/com.nxp.mcuxpresso.tools.win32_24.12.0.202407110909/tools/bin/../lib/gcc/arm-none-eabi/13.2.1/../../../../arm-none-eabi/lib/thumb/v6-m/nofp\libcr_c.a(_writebuf.o)
 .debug_line    0x0000f54a      0x17f C:/nxp/MCUXpressoIDE_24.12.148/ide/plugins/com.nxp.mcuxpresso.tools.win32_24.12.0.202407110909/tools/bin/../lib/gcc/arm-none-eabi/13.2.1/../../../../arm-none-eabi/lib/thumb/v6-m/nofp\libcr_c.a(fclose.o)
 .debug_line    0x0000f6c9      0x153 C:/nxp/MCUXpressoIDE_24.12.148/ide/plugins/com.nxp.mcuxpresso.tools.win32_24.12.0.202407110909/tools/bin/../lib/gcc/arm-none-eabi/13.2.1/../../../../arm-none-eabi/lib/thumb/v6-m/nofp\libcr_c.a(fflush.o)
 .debug_line    0x0000f81c      0x2ab C:/nxp/MCUXpressoIDE_24.12.148/ide/plugins/com.nxp.mcuxpresso.tools.win32_24.12.0.202407110909/tools/bin/../lib/gcc/arm-none-eabi/13.2.1/../../../../arm-none-eabi/lib/thumb/v6-m/nofp\libcr_c.a(fseek.o)
 .debug_line    0x0000fac7      0x180 C:/nxp/MCUXpressoIDE_24.12.148/ide/plugins/com.nxp.mcuxpresso.tools.win32_24.12.0.202407110909/tools/bin/../lib/gcc/arm-none-eabi/13.2.1/../../../../arm-none-eabi/lib/thumb/v6-m/nofp\libcr_c.a(ftell.o)