../drivers/fsl_clock.h:564:20:CLOCK_EnableClock	24	static
../drivers/fsl_clock.h:577:20:CLOCK_DisableClock	24	static
../drivers/fsl_clock.h:608:20:CLOCK_SetFLASHAccessCycles	24	static
../drivers/fsl_clock.h:721:35:CLOCK_GetAsyncApbClkSrc	8	static
../drivers/fsl_clock.h:762:22:CLOCK_IsSystemPLLLocked	8	static
../drivers/fsl_power.h:132:20:POWER_EnablePD	16	static
../drivers/fsl_power.h:144:20:POWER_DisablePD	16	static
../drivers/fsl_clock.c:123:6:CLOCK_AttachClk	32	static
../drivers/fsl_clock.c:169:19:CLOCK_GetClockAttachId	48	static
../drivers/fsl_clock.c:218:6:CLOCK_SetClkDiv	24	static
../drivers/fsl_clock.c:245:10:CLOCK_SetupFROClocking	24	static
../drivers/fsl_clock.c:283:10:CLOCK_GetClockOutClkFreq	16	static
../drivers/fsl_clock.c:325:10:CLOCK_GetFro12MFreq	8	static
../drivers/fsl_clock.c:333:10:CLOCK_GetExtClkFreq	8	static
../drivers/fsl_clock.c:340:10:CLOCK_GetWdtOscFreq	16	static
../drivers/fsl_clock.c:359:10:CLOCK_GetFroHfFreq	8	static
../drivers/fsl_clock.c:371:10:CLOCK_GetPllOutFreq	8	static
../drivers/fsl_clock.c:379:10:CLOCK_GetOsc32KFreq	8	static
../drivers/fsl_clock.c:386:10:CLOCK_GetCoreSysClkFreq	8	static
../drivers/fsl_clock.c:402:10:CLOCK_GetI2SMClkFreq	8	static
../drivers/fsl_clock.c:410:10:CLOCK_GetAsyncApbClkFreq	24	static
../drivers/fsl_clock.c:436:10:CLOCK_GetFlexCommClkFreq	16	static
../drivers/fsl_clock.c:451:10:CLOCK_GetUsbClkFreq	16	static
../drivers/fsl_clock.c:465:10:CLOCK_GetAdcClkFreq	16	static
../drivers/fsl_clock.c:494:10:CLOCK_GetFRGInputClock	8	static
../drivers/fsl_clock.c:508:10:CLOCK_SetFRGClock	56	static
../drivers/fsl_clock.c:529:10:CLOCK_GetFreq	48	static
../drivers/fsl_clock.c:584:6:CLOCK_SetFLASHAccessCyclesForFreq	16	static
../drivers/fsl_clock.c:617:17:pllEncodeN	24	static
../drivers/fsl_clock.c:649:17:pllDecodeN	32	static
../drivers/fsl_clock.c:688:17:pllEncodeP	24	static
../drivers/fsl_clock.c:720:17:pllDecodeP	32	static
../drivers/fsl_clock.c:759:17:pllEncodeM	24	static
../drivers/fsl_clock.c:791:17:pllDecodeM	32	static
../drivers/fsl_clock.c:830:13:pllFindSel	24	static
../drivers/fsl_clock.c:877:17:findPllPreDiv	24	static
../drivers/fsl_clock.c:897:17:findPllPostDiv	24	static
../drivers/fsl_clock.c:917:17:findPllMMult	24	static
../drivers/fsl_clock.c:938:17:FindGreatestCommonDivisor	24	static
../drivers/fsl_clock.c:958:20:CLOCK_GetPllConfigInternal	144	static
../drivers/fsl_clock.c:1143:20:CLOCK_GetPllConfig	64	static
../drivers/fsl_clock.c:1194:13:CLOCK_GetSystemPLLOutFromSetupUpdate	16	static
../drivers/fsl_clock.c:1203:10:CLOCK_GetSystemPLLInClockRate	16	static
../drivers/fsl_clock.c:1238:10:CLOCK_GetSystemPLLOutFromSetup	112	static
../drivers/fsl_clock.c:1318:6:CLOCK_SetStoredPLLClockRate	16	static
../drivers/fsl_clock.c:1331:10:CLOCK_GetSystemPLLOutClockRate	48	static
../drivers/fsl_clock.c:1360:13:CLOCK_SetupPLLData	48	static
../drivers/fsl_clock.c:1413:13:CLOCK_SetupSystemPLLPrec	24	static
../drivers/fsl_clock.c:1487:13:CLOCK_SetPLLFreq	24	static
../drivers/fsl_clock.c:1554:6:CLOCK_SetupSystemPLLMult	48	static
../drivers/fsl_clock.c:1644:6:CLOCK_EnableUsbfs0Clock	24	static
