C:\Users\eestaff\Documents\MCUXpressoIDE_24.12.148\workspace\alexsCode\drivers/fsl_gpio.h:153:20:GPIO_PinWrite	24	static
../source/i2c_func.c:29:5:i2c_write	32	static
../source/i2c_func.c:58:5:i2c_write_main	24	static
../source/i2c_func.c:86:5:i2c_adc_config	16	static
../source/i2c_func.c:108:5:i2c_adc_read	24	static
../source/i2c_func.c:122:6:convert_adc	40	static
../source/i2c_func.c:138:6:read_dac	32	static
../source/i2c_func.c:157:6:read_temp	48	static
../source/i2c_func.c:187:6:i2c_run	8	static
