../startup/startup_lpc51u68.c:242:6:data_init	8	static
../startup/startup_lpc51u68.c:251:6:bss_init	0	static
../startup/startup_lpc51u68.c:276:6:ResetISR	0	static
../startup/startup_lpc51u68.c:361:14:NMI_Handler	0	static
../startup/startup_lpc51u68.c:365:14:HardFault_Handler	0	static
../startup/startup_lpc51u68.c:369:14:SVC_Handler	0	static
../startup/startup_lpc51u68.c:373:14:PendSV_Handler	0	static
../startup/startup_lpc51u68.c:377:14:SysTick_Handler	0	static
../startup/startup_lpc51u68.c:385:14:IntDefaultHandler	0	static
../startup/startup_lpc51u68.c:395:14:WDT_BOD_IRQHandler	8	static
../startup/startup_lpc51u68.c:399:14:DMA0_IRQHandler	8	static
../startup/startup_lpc51u68.c:403:14:GINT0_IRQHandler	8	static
../startup/startup_lpc51u68.c:407:14:GINT1_IRQHandler	8	static
../startup/startup_lpc51u68.c:411:14:PIN_INT0_IRQHandler	8	static
../startup/startup_lpc51u68.c:415:14:PIN_INT1_IRQHandler	8	static
../startup/startup_lpc51u68.c:419:14:PIN_INT2_IRQHandler	8	static
../startup/startup_lpc51u68.c:423:14:PIN_INT3_IRQHandler	8	static
../startup/startup_lpc51u68.c:427:14:UTICK0_IRQHandler	8	static
../startup/startup_lpc51u68.c:431:14:MRT0_IRQHandler	8	static
../startup/startup_lpc51u68.c:435:14:CTIMER0_IRQHandler	8	static
../startup/startup_lpc51u68.c:439:14:CTIMER1_IRQHandler	8	static
../startup/startup_lpc51u68.c:443:14:SCT0_IRQHandler	8	static
../startup/startup_lpc51u68.c:447:14:CTIMER3_IRQHandler	8	static
../startup/startup_lpc51u68.c:451:14:FLEXCOMM0_IRQHandler	8	static
../startup/startup_lpc51u68.c:455:14:FLEXCOMM1_IRQHandler	8	static
../startup/startup_lpc51u68.c:459:14:FLEXCOMM2_IRQHandler	8	static
../startup/startup_lpc51u68.c:463:14:FLEXCOMM3_IRQHandler	8	static
../startup/startup_lpc51u68.c:467:14:FLEXCOMM4_IRQHandler	8	static
../startup/startup_lpc51u68.c:471:14:FLEXCOMM5_IRQHandler	8	static
../startup/startup_lpc51u68.c:475:14:FLEXCOMM6_IRQHandler	8	static
../startup/startup_lpc51u68.c:479:14:FLEXCOMM7_IRQHandler	8	static
../startup/startup_lpc51u68.c:483:14:ADC0_SEQA_IRQHandler	8	static
../startup/startup_lpc51u68.c:487:14:ADC0_SEQB_IRQHandler	8	static
../startup/startup_lpc51u68.c:491:14:ADC0_THCMP_IRQHandler	8	static
../startup/startup_lpc51u68.c:495:14:Reserved41_IRQHandler	8	static
../startup/startup_lpc51u68.c:499:14:Reserved42_IRQHandler	8	static
../startup/startup_lpc51u68.c:503:14:USB0_NEEDCLK_IRQHandler	8	static
../startup/startup_lpc51u68.c:507:14:USB0_IRQHandler	8	static
../startup/startup_lpc51u68.c:511:14:RTC_IRQHandler	8	static
